Archive member included to satisfy reference by file (symbol)

c:/program files (x86)/gnu arm embedded toolchain/10 2021.10/bin/../lib/gcc/arm-none-eabi/10.3.1/../../../../arm-none-eabi/lib/thumb/v6-m/nofp\libc_nano.a(lib_a-atoi.o)
                              build/main.o (atoi)
c:/program files (x86)/gnu arm embedded toolchain/10 2021.10/bin/../lib/gcc/arm-none-eabi/10.3.1/../../../../arm-none-eabi/lib/thumb/v6-m/nofp\libc_nano.a(lib_a-exit.o)
                              c:/program files (x86)/gnu arm embedded toolchain/10 2021.10/bin/../lib/gcc/arm-none-eabi/10.3.1/../../../../arm-none-eabi/lib/thumb/v6-m/nofp/crt0.o (exit)
c:/program files (x86)/gnu arm embedded toolchain/10 2021.10/bin/../lib/gcc/arm-none-eabi/10.3.1/../../../../arm-none-eabi/lib/thumb/v6-m/nofp\libc_nano.a(lib_a-impure.o)
                              c:/program files (x86)/gnu arm embedded toolchain/10 2021.10/bin/../lib/gcc/arm-none-eabi/10.3.1/../../../../arm-none-eabi/lib/thumb/v6-m/nofp\libc_nano.a(lib_a-exit.o) (_global_impure_ptr)
c:/program files (x86)/gnu arm embedded toolchain/10 2021.10/bin/../lib/gcc/arm-none-eabi/10.3.1/../../../../arm-none-eabi/lib/thumb/v6-m/nofp\libc_nano.a(lib_a-init.o)
                              c:/program files (x86)/gnu arm embedded toolchain/10 2021.10/bin/../lib/gcc/arm-none-eabi/10.3.1/../../../../arm-none-eabi/lib/thumb/v6-m/nofp/crt0.o (__libc_init_array)
c:/program files (x86)/gnu arm embedded toolchain/10 2021.10/bin/../lib/gcc/arm-none-eabi/10.3.1/../../../../arm-none-eabi/lib/thumb/v6-m/nofp\libc_nano.a(lib_a-memcpy-stub.o)
                              build/main.o (memcpy)
c:/program files (x86)/gnu arm embedded toolchain/10 2021.10/bin/../lib/gcc/arm-none-eabi/10.3.1/../../../../arm-none-eabi/lib/thumb/v6-m/nofp\libc_nano.a(lib_a-memset.o)
                              c:/program files (x86)/gnu arm embedded toolchain/10 2021.10/bin/../lib/gcc/arm-none-eabi/10.3.1/../../../../arm-none-eabi/lib/thumb/v6-m/nofp/crt0.o (memset)
c:/program files (x86)/gnu arm embedded toolchain/10 2021.10/bin/../lib/gcc/arm-none-eabi/10.3.1/../../../../arm-none-eabi/lib/thumb/v6-m/nofp\libc_nano.a(lib_a-sprintf.o)
                              build/main.o (sprintf)
c:/program files (x86)/gnu arm embedded toolchain/10 2021.10/bin/../lib/gcc/arm-none-eabi/10.3.1/../../../../arm-none-eabi/lib/thumb/v6-m/nofp\libc_nano.a(lib_a-strchr.o)
                              build/espressifAT.o (strchr)
c:/program files (x86)/gnu arm embedded toolchain/10 2021.10/bin/../lib/gcc/arm-none-eabi/10.3.1/../../../../arm-none-eabi/lib/thumb/v6-m/nofp\libc_nano.a(lib_a-strcpy.o)
                              build/eeprom.o (strcpy)
c:/program files (x86)/gnu arm embedded toolchain/10 2021.10/bin/../lib/gcc/arm-none-eabi/10.3.1/../../../../arm-none-eabi/lib/thumb/v6-m/nofp\libc_nano.a(lib_a-strlen.o)
                              build/main.o (strlen)
c:/program files (x86)/gnu arm embedded toolchain/10 2021.10/bin/../lib/gcc/arm-none-eabi/10.3.1/../../../../arm-none-eabi/lib/thumb/v6-m/nofp\libc_nano.a(lib_a-strstr.o)
                              build/main.o (strstr)
c:/program files (x86)/gnu arm embedded toolchain/10 2021.10/bin/../lib/gcc/arm-none-eabi/10.3.1/../../../../arm-none-eabi/lib/thumb/v6-m/nofp\libc_nano.a(lib_a-strtol.o)
                              c:/program files (x86)/gnu arm embedded toolchain/10 2021.10/bin/../lib/gcc/arm-none-eabi/10.3.1/../../../../arm-none-eabi/lib/thumb/v6-m/nofp\libc_nano.a(lib_a-atoi.o) (_strtol_r)
c:/program files (x86)/gnu arm embedded toolchain/10 2021.10/bin/../lib/gcc/arm-none-eabi/10.3.1/../../../../arm-none-eabi/lib/thumb/v6-m/nofp\libc_nano.a(lib_a-ctype_.o)
                              c:/program files (x86)/gnu arm embedded toolchain/10 2021.10/bin/../lib/gcc/arm-none-eabi/10.3.1/../../../../arm-none-eabi/lib/thumb/v6-m/nofp\libc_nano.a(lib_a-strtol.o) (_ctype_)
c:/program files (x86)/gnu arm embedded toolchain/10 2021.10/bin/../lib/gcc/arm-none-eabi/10.3.1/../../../../arm-none-eabi/lib/thumb/v6-m/nofp\libc_nano.a(lib_a-errno.o)
                              c:/program files (x86)/gnu arm embedded toolchain/10 2021.10/bin/../lib/gcc/arm-none-eabi/10.3.1/../../../../arm-none-eabi/lib/thumb/v6-m/nofp\libc_nano.a(lib_a-strtol.o) (__errno)
c:/program files (x86)/gnu arm embedded toolchain/10 2021.10/bin/../lib/gcc/arm-none-eabi/10.3.1/../../../../arm-none-eabi/lib/thumb/v6-m/nofp\libc_nano.a(lib_a-nano-svfprintf.o)
                              c:/program files (x86)/gnu arm embedded toolchain/10 2021.10/bin/../lib/gcc/arm-none-eabi/10.3.1/../../../../arm-none-eabi/lib/thumb/v6-m/nofp\libc_nano.a(lib_a-sprintf.o) (_svfprintf_r)
c:/program files (x86)/gnu arm embedded toolchain/10 2021.10/bin/../lib/gcc/arm-none-eabi/10.3.1/../../../../arm-none-eabi/lib/thumb/v6-m/nofp\libc_nano.a(lib_a-nano-vfprintf_i.o)
[...]
Memory Configuration

Name             Origin             Length             Attributes
RAM              0x20000000         0x00009000         xrw
FLASH            0x08000000         0x00020000         xr
*default*        0x00000000         0xffffffff

Linker script and memory map

LOAD c:/program files (x86)/gnu arm embedded toolchain/10 2021.10/bin/../lib/gcc/arm-none-eabi/10.3.1/thumb/v6-m/nofp/crti.o
LOAD c:/program files (x86)/gnu arm embedded toolchain/10 2021.10/bin/../lib/gcc/arm-none-eabi/10.3.1/thumb/v6-m/nofp/crtbegin.o
LOAD c:/program files (x86)/gnu arm embedded toolchain/10 2021.10/bin/../lib/gcc/arm-none-eabi/10.3.1/../../../../arm-none-eabi/lib/thumb/v6-m/nofp/crt0.o
LOAD build/main.o
LOAD build/espressifAT.o
LOAD build/simcomAT.o
LOAD build/eeprom.o
LOAD build/relay.o
LOAD build/modbusRTU.o
LOAD build/datatype.o
LOAD build/stm32g0xx_it.o
LOAD build/stm32g0xx_hal_msp.o
LOAD build/stm32g0xx_hal_tim_ex.o
LOAD build/stm32g0xx_hal_rcc.o
LOAD build/stm32g0xx_hal_rcc_ex.o
LOAD build/stm32g0xx_ll_rcc.o
LOAD build/stm32g0xx_hal_flash.o
LOAD build/stm32g0xx_hal_flash_ex.o
LOAD build/stm32g0xx_hal_gpio.o
LOAD build/stm32g0xx_hal_dma.o
LOAD build/stm32g0xx_hal_dma_ex.o
LOAD build/stm32g0xx_ll_dma.o
LOAD build/stm32g0xx_hal_pwr.o
LOAD build/stm32g0xx_hal_pwr_ex.o
LOAD build/stm32g0xx_hal_cortex.o
LOAD build/stm32g0xx_hal.o
LOAD build/stm32g0xx_hal_exti.o
LOAD build/stm32g0xx_hal_uart.o
LOAD build/stm32g0xx_hal_uart_ex.o
LOAD build/system_stm32g0xx.o
LOAD build/stm32g0xx_hal_tim.o
LOAD build/startup_stm32g070xx.o
LOAD c:/program files (x86)/gnu arm embedded toolchain/10 2021.10/bin/../lib/gcc/arm-none-eabi/10.3.1/../../../../arm-none-eabi/lib/thumb/v6-m/nofp\libc_nano.a
LOAD c:/program files (x86)/gnu arm embedded toolchain/10 2021.10/bin/../lib/gcc/arm-none-eabi/10.3.1/../../../../arm-none-eabi/lib/thumb/v6-m/nofp\libm.a
LOAD c:/program files (x86)/gnu arm embedded toolchain/10 2021.10/bin/../lib/gcc/arm-none-eabi/10.3.1/../../../../arm-none-eabi/lib/thumb/v6-m/nofp\libnosys.a
START GROUP
LOAD c:/program files (x86)/gnu arm embedded toolchain/10 2021.10/bin/../lib/gcc/arm-none-eabi/10.3.1/thumb/v6-m/nofp\libgcc.a
LOAD c:/program files (x86)/gnu arm embedded toolchain/10 2021.10/bin/../lib/gcc/arm-none-eabi/10.3.1/../../../../arm-none-eabi/lib/thumb/v6-m/nofp\libc_nano.a
END GROUP
START GROUP
LOAD c:/program files (x86)/gnu arm embedded toolchain/10 2021.10/bin/../lib/gcc/arm-none-eabi/10.3.1/thumb/v6-m/nofp\libgcc.a
LOAD c:/program files (x86)/gnu arm embedded toolchain/10 2021.10/bin/../lib/gcc/arm-none-eabi/10.3.1/../../../../arm-none-eabi/lib/thumb/v6-m/nofp\libc_nano.a
END GROUP
LOAD c:/program files (x86)/gnu arm embedded toolchain/10 2021.10/bin/../lib/gcc/arm-none-eabi/10.3.1/thumb/v6-m/nofp/crtend.o
LOAD c:/program files (x86)/gnu arm embedded toolchain/10 2021.10/bin/../lib/gcc/arm-none-eabi/10.3.1/thumb/v6-m/nofp/crtn.o
                0x20009000                _estack = 0x20009000
                0x00000200                _Min_Heap_Size = 0x200
                0x00000400                _Min_Stack_Size = 0x400

.isr_vector     0x08000000       0xb8
                0x08000000                . = ALIGN (0x4)
 *(.isr_vector)
 .isr_vector    0x08000000       0xb8 build/startup_stm32g070xx.o
                0x08000000                g_pfnVectors
                0x080000b8                . = ALIGN (0x4)

.text           0x080000b8     0x7118
                0x080000b8                . = ALIGN (0x4)
 *(.text)
 .text          0x080000b8       0x48 c:/program files (x86)/gnu arm embedded toolchain/10 2021.10/bin/../lib/gcc/arm-none-eabi/10.3.1/thumb/v6-m/nofp/crtbegin.o
 .text          0x08000100        0xe c:/program files (x86)/gnu arm embedded toolchain/10 2021.10/bin/../lib/gcc/arm-none-eabi/10.3.1/../../../../arm-none-eabi/lib/thumb/v6-m/nofp\libc_nano.a(lib_a-strlen.o)
                0x08000100                strlen
 *fill*         0x0800010e        0x2 
 .text          0x08000110       0x14 c:/program files (x86)/gnu arm embedded toolchain/10 2021.10/bin/../lib/gcc/arm-none-eabi/10.3.1/thumb/v6-m/nofp\libgcc.a(_thumb1_case_shi.o)
                0x08000110                __gnu_thumb1_case_shi
 .text          0x08000124      0x114 c:/program files (x86)/gnu arm embedded toolchain/10 2021.10/bin/../lib/gcc/arm-none-eabi/10.3.1/thumb/v6-m/nofp\libgcc.a(_udivsi3.o)
                0x08000124                __aeabi_uidiv
                0x08000124                __udivsi3
                0x08000230                __aeabi_uidivmod
 .text          0x08000238      0x1d4 c:/program files (x86)/gnu arm embedded toolchain/10 2021.10/bin/../lib/gcc/arm-none-eabi/10.3.1/thumb/v6-m/nofp\libgcc.a(_divsi3.o)
                0x08000238                __divsi3
                0x08000238                __aeabi_idiv
                0x08000404                __aeabi_idivmod
 .text          0x0800040c        0x4 c:/program files (x86)/gnu arm embedded toolchain/10 2021.10/bin/../lib/gcc/arm-none-eabi/10.3.1/thumb/v6-m/nofp\libgcc.a(_dvmd_tls.o)
                0x0800040c                __aeabi_idiv0
                0x0800040c                __aeabi_ldiv0
 *(.text*)
 .text.MX_GPIO_Init
                0x08000410      0x12c build/main.o
 .text.HAL_UART_RxCpltCallback
                0x0800053c       0xc8 build/main.o
                0x0800053c                HAL_UART_RxCpltCallback
 .text.HAL_TIM_PeriodElapsedCallback
                0x08000604      0x15c build/main.o
                0x08000604                HAL_TIM_PeriodElapsedCallback
 .text.Configuration_Commands_Handle
                0x08000760      0x528 build/main.o
                0x08000760                Configuration_Commands_Handle
 .text.Normal_CommandsHandle
                0x08000c88      0x162 build/main.o
                0x08000c88                Normal_CommandsHandle
 *fill*         0x08000dea        0x2 
 .text.Is_Setup_Right
                0x08000dec      0x304 build/main.o
                0x08000dec                Is_Setup_Right
 .text.Stm32_Check_Sim_Card_Connect_Network_Service
                0x080010f0       0x5c build/main.o
                0x080010f0                Stm32_Check_Sim_Card_Connect_Network_Service
 .text.Stm32_Clear_Buf
                0x0800114c       0x44 build/main.o
                0x0800114c                Stm32_Clear_Buf
 .text.Checking_Wireless_Response
                0x08001190       0x54 build/main.o
                0x08001190                Checking_Wireless_Response
 .text.Broker_Publish_Topic
                0x080011e4       0x9c build/main.o
                0x080011e4                Broker_Publish_Topic
 .text.Stm32_Restart
                0x08001280       0x24 build/main.o
                0x08001280                Stm32_Restart
 .text.Waiting_For_Config
                0x080012a4       0x70 build/main.o
                0x080012a4                Waiting_For_Config
 .text.SimA7670C_4GLTE_Init
                0x08001314       0x88 build/main.o
                0x08001314                SimA7670C_4GLTE_Init
 .text.Broker_Subscribe_Topic
                0x0800139c       0x90 build/main.o
                0x0800139c                Broker_Subscribe_Topic
 .text.Broker_Connect_Init
                0x0800142c      0x448 build/main.o
                0x0800142c                Broker_Connect_Init
 .text.CheckInput
                0x08001874       0x18 build/main.o
                0x08001874                CheckInput
 .text.sendCBSC
                0x0800188c       0x2c build/main.o
                0x0800188c                sendCBSC
 .text.Error_Handler
                0x080018b8        0x4 build/main.o
                0x080018b8                Error_Handler
 .text.MX_TIM1_Init
                0x080018bc       0x7c build/main.o
 .text.MX_TIM3_Init
                0x08001938       0x7c build/main.o
 .text.MX_USART1_UART_Init
                0x080019b4       0x68 build/main.o
 .text.MX_USART2_UART_Init
                0x08001a1c       0x68 build/main.o
 .text.MX_USART3_UART_Init
                0x08001a84       0x3c build/main.o
 .text.MX_TIM15_Init
                0x08001ac0       0x78 build/main.o
 .text.MX_TIM6_Init
                0x08001b38       0x54 build/main.o
 .text.SystemClock_Config
                0x08001b8c       0x60 build/main.o
                0x08001b8c                SystemClock_Config
 .text.main     0x08001bec     0x15f0 build/main.o
                0x08001bec                main
 .text.Esp32_Response
                0x080031dc       0x2a build/espressifAT.o
                0x080031dc                Esp32_Response
 *fill*         0x08003206        0x2 
 .text.Esp32_Setup_Default
                0x08003208       0x2c build/espressifAT.o
                0x08003208                Esp32_Setup_Default
 .text.Esp32_Mqtt_UserConfig
                0x08003234       0x44 build/espressifAT.o
                0x08003234                Esp32_Mqtt_UserConfig
 .text.Esp32_Mqtt_Connect_Broker
                0x08003278       0x40 build/espressifAT.o
                0x08003278                Esp32_Mqtt_Connect_Broker
 .text.Esp32_Mqtt_Disconnect_Broker
                0x080032b8       0x2c build/espressifAT.o
                0x080032b8                Esp32_Mqtt_Disconnect_Broker
 .text.Esp32_Mqtt_Subscribe
                0x080032e4       0x3c build/espressifAT.o
                0x080032e4                Esp32_Mqtt_Subscribe
 .text.Esp32_Mqtt_Publish
                0x08003320       0x88 build/espressifAT.o
                0x08003320                Esp32_Mqtt_Publish
 .text.SimA7670C_Response
                0x080033a8       0x2a build/simcomAT.o
                0x080033a8                SimA7670C_Response
 *fill*         0x080033d2        0x2 
 .text.RSSI_Sim4GLTE
                0x080033d4       0x5c build/simcomAT.o
                0x080033d4                RSSI_Sim4GLTE
 .text.Is_Insert_Sim_Card
                0x08003430       0x2c build/simcomAT.o
                0x08003430                Is_Insert_Sim_Card
 .text.SimA7670C_Reset
                0x0800345c       0x40 build/simcomAT.o
                0x0800345c                SimA7670C_Reset
 .text.SimA7670C_Echo
                0x0800349c       0x48 build/simcomAT.o
                0x0800349c                SimA7670C_Echo
 .text.SimA7670C_PDP_Context_Config
                0x080034e4       0x40 build/simcomAT.o
                0x080034e4                SimA7670C_PDP_Context_Config
 .text.SimA7670C_PDP_Context_Set
                0x08003524       0x44 build/simcomAT.o
                0x08003524                SimA7670C_PDP_Context_Set
 .text.SimA7670C_MQTT_StartService
                0x08003568       0x2c build/simcomAT.o
                0x08003568                SimA7670C_MQTT_StartService
 .text.SimA7670C_MQTT_StopService
                0x08003594       0x2c build/simcomAT.o
                0x08003594                SimA7670C_MQTT_StopService
 .text.SimA7670C_MQTT_Client_Config
                0x080035c0       0x3c build/simcomAT.o
                0x080035c0                SimA7670C_MQTT_Client_Config
 .text.SimA7670C_MQTT_BrokerConnect
                0x080035fc       0x48 build/simcomAT.o
                0x080035fc                SimA7670C_MQTT_BrokerConnect
 .text.SimA7670C_MQTT_BrokerDisconnect
                0x08003644       0x40 build/simcomAT.o
                0x08003644                SimA7670C_MQTT_BrokerDisconnect
 .text.SimA7670C_Mqtt_Subscribe
                0x08003684       0xf8 build/simcomAT.o
                0x08003684                SimA7670C_Mqtt_Subscribe
 .text.SimA7670C_Mqtt_Publish
                0x0800377c      0x1a0 build/simcomAT.o
                0x0800377c                SimA7670C_Mqtt_Publish
 .text.Eeprom_Read_Data
                0x0800391c        0x6 build/eeprom.o
                0x0800391c                Eeprom_Read_Data
 .text.Eeprom_ReadModbus_Rtu
                0x08003922        0x4 build/eeprom.o
                0x08003922                Eeprom_ReadModbus_Rtu
 .text.Eeprom_WriteStr_Hexadecimal
                0x08003926       0x86 build/eeprom.o
                0x08003926                Eeprom_WriteStr_Hexadecimal
 .text.Eeprom_WriteModbus_Rtu
                0x080039ac       0x7c build/eeprom.o
                0x080039ac                Eeprom_WriteModbus_Rtu
 .text.Eeprom_Write_Data
                0x08003a28       0x3c build/eeprom.o
                0x08003a28                Eeprom_Write_Data
 .text.Eeprom_ClearPage
                0x08003a64       0x38 build/eeprom.o
                0x08003a64                Eeprom_ClearPage
 .text.Eeprom_ReadStr_Hexadecimal
                0x08003a9c       0x8a build/eeprom.o
                0x08003a9c                Eeprom_ReadStr_Hexadecimal
 .text.Relay_Control
                0x08003b26       0x32 build/relay.o
                0x08003b26                Relay_Control
 .text.ModbusRTU_Calc_CRC16
                0x08003b58       0x68 build/modbusRTU.o
                0x08003b58                ModbusRTU_Calc_CRC16
 .text.ModbusRTU_Check_RecvData
                0x08003bc0       0x36 build/modbusRTU.o
                0x08003bc0                ModbusRTU_Check_RecvData
 *fill*         0x08003bf6        0x2 
 .text.TextToHexStr
                0x08003bf8       0x30 build/datatype.o
                0x08003bf8                TextToHexStr
 .text.HexStrToHexChar
                0x08003c28       0x9a build/datatype.o
                0x08003c28                HexStrToHexChar
 .text.HexCharToHexStr
                0x08003cc2       0x44 build/datatype.o
                0x08003cc2                HexCharToHexStr
 .text.NMI_Handler
                0x08003d06        0x2 build/stm32g0xx_it.o
                0x08003d06                NMI_Handler
 .text.HardFault_Handler
                0x08003d08        0x2 build/stm32g0xx_it.o
                0x08003d08                HardFault_Handler
 .text.SVC_Handler
                0x08003d0a        0x2 build/stm32g0xx_it.o
                0x08003d0a                SVC_Handler
 .text.PendSV_Handler
                0x08003d0c        0x2 build/stm32g0xx_it.o
                0x08003d0c                PendSV_Handler
 .text.SysTick_Handler
                0x08003d0e        0x8 build/stm32g0xx_it.o
                0x08003d0e                SysTick_Handler
 .text.FLASH_IRQHandler
                0x08003d16        0x8 build/stm32g0xx_it.o
                0x08003d16                FLASH_IRQHandler
 .text.RCC_IRQHandler
                0x08003d1e        0x2 build/stm32g0xx_it.o
                0x08003d1e                RCC_IRQHandler
 .text.TIM1_BRK_UP_TRG_COM_IRQHandler
                0x08003d20       0x10 build/stm32g0xx_it.o
                0x08003d20                TIM1_BRK_UP_TRG_COM_IRQHandler
 .text.TIM1_CC_IRQHandler
                0x08003d30       0x10 build/stm32g0xx_it.o
                0x08003d30                TIM1_CC_IRQHandler
 .text.TIM3_IRQHandler
                0x08003d40       0x10 build/stm32g0xx_it.o
                0x08003d40                TIM3_IRQHandler
 .text.TIM6_IRQHandler
                0x08003d50       0x10 build/stm32g0xx_it.o
                0x08003d50                TIM6_IRQHandler
 .text.TIM15_IRQHandler
                0x08003d60       0x10 build/stm32g0xx_it.o
                0x08003d60                TIM15_IRQHandler
 .text.USART1_IRQHandler
                0x08003d70       0x10 build/stm32g0xx_it.o
                0x08003d70                USART1_IRQHandler
 .text.USART2_IRQHandler
                0x08003d80       0x10 build/stm32g0xx_it.o
                0x08003d80                USART2_IRQHandler
 .text.USART3_4_IRQHandler
                0x08003d90       0x10 build/stm32g0xx_it.o
                0x08003d90                USART3_4_IRQHandler
 .text.HAL_MspInit
                0x08003da0       0x58 build/stm32g0xx_hal_msp.o
                0x08003da0                HAL_MspInit
 .text.HAL_TIM_Base_MspInit
                0x08003df8       0xdc build/stm32g0xx_hal_msp.o
                0x08003df8                HAL_TIM_Base_MspInit
 .text.HAL_UART_MspInit
                0x08003ed4      0x160 build/stm32g0xx_hal_msp.o
                0x08003ed4                HAL_UART_MspInit
 .text.HAL_TIMEx_MasterConfigSynchronization
                0x08004034       0x78 build/stm32g0xx_hal_tim_ex.o
                0x08004034                HAL_TIMEx_MasterConfigSynchronization
 .text.HAL_TIMEx_CommutCallback
                0x080040ac        0x2 build/stm32g0xx_hal_tim_ex.o
                0x080040ac                HAL_TIMEx_CommutCallback
 .text.HAL_TIMEx_BreakCallback
                0x080040ae        0x2 build/stm32g0xx_hal_tim_ex.o
                0x080040ae                HAL_TIMEx_BreakCallback
 .text.HAL_TIMEx_Break2Callback
                0x080040b0        0x2 build/stm32g0xx_hal_tim_ex.o
                0x080040b0                HAL_TIMEx_Break2Callback
 *fill*         0x080040b2        0x2 
 .text.HAL_RCC_OscConfig
                0x080040b4      0x4a4 build/stm32g0xx_hal_rcc.o
                0x080040b4                HAL_RCC_OscConfig
 .text.HAL_RCC_GetSysClockFreq
                0x08004558       0xb8 build/stm32g0xx_hal_rcc.o
                0x08004558                HAL_RCC_GetSysClockFreq
 .text.HAL_RCC_ClockConfig
                0x08004610      0x18c build/stm32g0xx_hal_rcc.o
                0x08004610                HAL_RCC_ClockConfig
 .text.HAL_RCC_GetHCLKFreq
                0x0800479c        0xc build/stm32g0xx_hal_rcc.o
                0x0800479c                HAL_RCC_GetHCLKFreq
 .text.HAL_RCC_GetPCLK1Freq
                0x080047a8       0x28 build/stm32g0xx_hal_rcc.o
                0x080047a8                HAL_RCC_GetPCLK1Freq
 .text.HAL_RCCEx_PeriphCLKConfig
                0x080047d0      0x190 build/stm32g0xx_hal_rcc_ex.o
                0x080047d0                HAL_RCCEx_PeriphCLKConfig
 .text.FLASH_Program_DoubleWord
                0x08004960       0x1c build/stm32g0xx_hal_flash.o
 .text.HAL_FLASH_EndOfOperationCallback
                0x0800497c        0x2 build/stm32g0xx_hal_flash.o
                0x0800497c                HAL_FLASH_EndOfOperationCallback
 .text.HAL_FLASH_OperationErrorCallback
                0x0800497e        0x2 build/stm32g0xx_hal_flash.o
                0x0800497e                HAL_FLASH_OperationErrorCallback
 .text.HAL_FLASH_IRQHandler
                0x08004980       0xc4 build/stm32g0xx_hal_flash.o
                0x08004980                HAL_FLASH_IRQHandler
 .text.HAL_FLASH_Unlock
                0x08004a44       0x30 build/stm32g0xx_hal_flash.o
                0x08004a44                HAL_FLASH_Unlock
 .text.HAL_FLASH_Lock
                0x08004a74       0x20 build/stm32g0xx_hal_flash.o
                0x08004a74                HAL_FLASH_Lock
 .text.FLASH_WaitForLastOperation
                0x08004a94       0x68 build/stm32g0xx_hal_flash.o
                0x08004a94                FLASH_WaitForLastOperation
 .text.HAL_FLASH_Program
                0x08004afc       0x64 build/stm32g0xx_hal_flash.o
                0x08004afc                HAL_FLASH_Program
 .text.FLASH_PageErase
                0x08004b60       0x20 build/stm32g0xx_hal_flash_ex.o
                0x08004b60                FLASH_PageErase
 .text.HAL_GPIO_Init
                0x08004b80      0x178 build/stm32g0xx_hal_gpio.o
                0x08004b80                HAL_GPIO_Init
 .text.HAL_GPIO_ReadPin
                0x08004cf8        0xe build/stm32g0xx_hal_gpio.o
                0x08004cf8                HAL_GPIO_ReadPin
 .text.HAL_GPIO_WritePin
                0x08004d06        0xc build/stm32g0xx_hal_gpio.o
                0x08004d06                HAL_GPIO_WritePin
 .text.HAL_GPIO_TogglePin
                0x08004d12       0x10 build/stm32g0xx_hal_gpio.o
                0x08004d12                HAL_GPIO_TogglePin
 *fill*         0x08004d22        0x2 
 .text.HAL_DMA_Abort
                0x08004d24       0x80 build/stm32g0xx_hal_dma.o
                0x08004d24                HAL_DMA_Abort
 .text.HAL_DMA_Abort_IT
                0x08004da4       0x80 build/stm32g0xx_hal_dma.o
                0x08004da4                HAL_DMA_Abort_IT
 .text.HAL_PWREx_ControlVoltageScaling
                0x08004e24       0x54 build/stm32g0xx_hal_pwr_ex.o
                0x08004e24                HAL_PWREx_ControlVoltageScaling
 .text.HAL_NVIC_SetPriority
                0x08004e78       0x60 build/stm32g0xx_hal_cortex.o
                0x08004e78                HAL_NVIC_SetPriority
 .text.HAL_NVIC_EnableIRQ
                0x08004ed8       0x18 build/stm32g0xx_hal_cortex.o
                0x08004ed8                HAL_NVIC_EnableIRQ
 .text.HAL_NVIC_SystemReset
                0x08004ef0       0x1c build/stm32g0xx_hal_cortex.o
                0x08004ef0                HAL_NVIC_SystemReset
 .text.HAL_SYSTICK_Config
                0x08004f0c       0x38 build/stm32g0xx_hal_cortex.o
                0x08004f0c                HAL_SYSTICK_Config
 .text.HAL_InitTick
                0x08004f44       0x58 build/stm32g0xx_hal.o
                0x08004f44                HAL_InitTick
 .text.HAL_Init
                0x08004f9c       0x28 build/stm32g0xx_hal.o
                0x08004f9c                HAL_Init
 .text.HAL_IncTick
                0x08004fc4       0x18 build/stm32g0xx_hal.o
                0x08004fc4                HAL_IncTick
 .text.HAL_GetTick
                0x08004fdc        0xc build/stm32g0xx_hal.o
                0x08004fdc                HAL_GetTick
 .text.HAL_Delay
                0x08004fe8       0x24 build/stm32g0xx_hal.o
                0x08004fe8                HAL_Delay
 .text.HAL_SYSCFG_StrobeDBattpinsConfig
                0x0800500c       0x18 build/stm32g0xx_hal.o
                0x0800500c                HAL_SYSCFG_StrobeDBattpinsConfig
 .text.UART_EndRxTransfer
                0x08005024       0x64 build/stm32g0xx_hal_uart.o
 .text.HAL_UART_TxCpltCallback
                0x08005088        0x2 build/stm32g0xx_hal_uart.o
                0x08005088                HAL_UART_TxCpltCallback
 .text.UART_EndTransmit_IT
                0x0800508a       0x2a build/stm32g0xx_hal_uart.o
 .text.HAL_UART_ErrorCallback
                0x080050b4        0x2 build/stm32g0xx_hal_uart.o
                0x080050b4                HAL_UART_ErrorCallback
 .text.UART_DMAAbortOnError
                0x080050b6       0x14 build/stm32g0xx_hal_uart.o
 .text.HAL_UARTEx_RxEventCallback
                0x080050ca        0x2 build/stm32g0xx_hal_uart.o
                0x080050ca                HAL_UARTEx_RxEventCallback
 .text.HAL_UART_IRQHandler
                0x080050cc      0x320 build/stm32g0xx_hal_uart.o
                0x080050cc                HAL_UART_IRQHandler
 .text.UART_RxISR_8BIT
                0x080053ec       0xb8 build/stm32g0xx_hal_uart.o
 .text.UART_RxISR_16BIT
                0x080054a4       0xb4 build/stm32g0xx_hal_uart.o
 .text.UART_RxISR_8BIT_FIFOEN
                0x08005558      0x1ac build/stm32g0xx_hal_uart.o
 .text.UART_RxISR_16BIT_FIFOEN
                0x08005704      0x1b0 build/stm32g0xx_hal_uart.o
 .text.UART_SetConfig
                0x080058b4      0x1f0 build/stm32g0xx_hal_uart.o
                0x080058b4                UART_SetConfig
 .text.UART_AdvFeatureConfig
                0x08005aa4       0xe0 build/stm32g0xx_hal_uart.o
                0x08005aa4                UART_AdvFeatureConfig
 .text.UART_WaitOnFlagUntilTimeout
                0x08005b84       0xe4 build/stm32g0xx_hal_uart.o
                0x08005b84                UART_WaitOnFlagUntilTimeout
 .text.HAL_UART_Transmit
                0x08005c68       0xf0 build/stm32g0xx_hal_uart.o
                0x08005c68                HAL_UART_Transmit
 .text.UART_CheckIdleState
                0x08005d58       0x74 build/stm32g0xx_hal_uart.o
                0x08005d58                UART_CheckIdleState
 .text.HAL_UART_Init
                0x08005dcc       0x70 build/stm32g0xx_hal_uart.o
                0x08005dcc                HAL_UART_Init
 .text.UART_Start_Receive_IT
                0x08005e3c      0x164 build/stm32g0xx_hal_uart.o
                0x08005e3c                UART_Start_Receive_IT
 .text.HAL_UART_Receive_IT
                0x08005fa0       0x62 build/stm32g0xx_hal_uart.o
                0x08005fa0                HAL_UART_Receive_IT
 *fill*         0x08006002        0x2 
 .text.UARTEx_SetNbDataToProcess
                0x08006004       0x50 build/stm32g0xx_hal_uart_ex.o
 .text.HAL_UARTEx_WakeupCallback
                0x08006054        0x2 build/stm32g0xx_hal_uart_ex.o
                0x08006054                HAL_UARTEx_WakeupCallback
 .text.HAL_UARTEx_RxFifoFullCallback
                0x08006056        0x2 build/stm32g0xx_hal_uart_ex.o
                0x08006056                HAL_UARTEx_RxFifoFullCallback
 .text.HAL_UARTEx_TxFifoEmptyCallback
                0x08006058        0x2 build/stm32g0xx_hal_uart_ex.o
                0x08006058                HAL_UARTEx_TxFifoEmptyCallback
 *fill*         0x0800605a        0x2 
 .text.HAL_UARTEx_DisableFifoMode
                0x0800605c       0x40 build/stm32g0xx_hal_uart_ex.o
                0x0800605c                HAL_UARTEx_DisableFifoMode
 .text.HAL_UARTEx_SetTxFifoThreshold
                0x0800609c       0x4a build/stm32g0xx_hal_uart_ex.o
                0x0800609c                HAL_UARTEx_SetTxFifoThreshold
 *fill*         0x080060e6        0x2 
 .text.HAL_UARTEx_SetRxFifoThreshold
                0x080060e8       0x50 build/stm32g0xx_hal_uart_ex.o
                0x080060e8                HAL_UARTEx_SetRxFifoThreshold
 .text.SystemInit
                0x08006138       0x10 build/system_stm32g0xx.o
                0x08006138                SystemInit
 .text.TIM_TI1_ConfigInputStage
                0x08006148       0x22 build/stm32g0xx_hal_tim.o
 *fill*         0x0800616a        0x2 
 .text.TIM_TI2_ConfigInputStage
                0x0800616c       0x28 build/stm32g0xx_hal_tim.o
 .text.TIM_ITRx_SetConfig
                0x08006194       0x14 build/stm32g0xx_hal_tim.o
 .text.HAL_TIM_Base_Start
                0x080061a8       0x68 build/stm32g0xx_hal_tim.o
                0x080061a8                HAL_TIM_Base_Start
 .text.HAL_TIM_Base_Stop
                0x08006210       0x2c build/stm32g0xx_hal_tim.o
                0x08006210                HAL_TIM_Base_Stop
 .text.HAL_TIM_Base_Start_IT
                0x0800623c       0x70 build/stm32g0xx_hal_tim.o
                0x0800623c                HAL_TIM_Base_Start_IT
 .text.HAL_TIM_Base_Stop_IT
                0x080062ac       0x38 build/stm32g0xx_hal_tim.o
                0x080062ac                HAL_TIM_Base_Stop_IT
 .text.HAL_TIM_OC_DelayElapsedCallback
                0x080062e4        0x2 build/stm32g0xx_hal_tim.o
                0x080062e4                HAL_TIM_OC_DelayElapsedCallback
 .text.HAL_TIM_IC_CaptureCallback
                0x080062e6        0x2 build/stm32g0xx_hal_tim.o
                0x080062e6                HAL_TIM_IC_CaptureCallback
 .text.HAL_TIM_PWM_PulseFinishedCallback
                0x080062e8        0x2 build/stm32g0xx_hal_tim.o
                0x080062e8                HAL_TIM_PWM_PulseFinishedCallback
 .text.HAL_TIM_TriggerCallback
                0x080062ea        0x2 build/stm32g0xx_hal_tim.o
                0x080062ea                HAL_TIM_TriggerCallback
 .text.HAL_TIM_IRQHandler
                0x080062ec      0x178 build/stm32g0xx_hal_tim.o
                0x080062ec                HAL_TIM_IRQHandler
 .text.TIM_Base_SetConfig
                0x08006464       0x94 build/stm32g0xx_hal_tim.o
                0x08006464                TIM_Base_SetConfig
 .text.HAL_TIM_Base_Init
                0x080064f8       0x60 build/stm32g0xx_hal_tim.o
                0x080064f8                HAL_TIM_Base_Init
 .text.TIM_ETR_SetConfig
                0x08006558       0x18 build/stm32g0xx_hal_tim.o
                0x08006558                TIM_ETR_SetConfig
 .text.HAL_TIM_ConfigClockSource
                0x08006570      0x108 build/stm32g0xx_hal_tim.o
                0x08006570                HAL_TIM_ConfigClockSource
 .text.Reset_Handler
                0x08006678       0x50 build/startup_stm32g070xx.o
                0x08006678                Reset_Handler
 .text.Default_Handler
                0x080066c8        0x2 build/startup_stm32g070xx.o
                0x080066c8                I2C1_IRQHandler
                0x080066c8                RTC_TAMP_IRQHandler
                0x080066c8                SPI1_IRQHandler
                0x080066c8                EXTI2_3_IRQHandler
                0x080066c8                ADC1_IRQHandler
                0x080066c8                I2C2_IRQHandler
                0x080066c8                TIM17_IRQHandler
                0x080066c8                TIM16_IRQHandler
                0x080066c8                EXTI4_15_IRQHandler
                0x080066c8                DMA1_Channel1_IRQHandler
                0x080066c8                Default_Handler
                0x080066c8                TIM14_IRQHandler
                0x080066c8                TIM7_IRQHandler
                0x080066c8                EXTI0_1_IRQHandler
                0x080066c8                SPI2_IRQHandler
                0x080066c8                WWDG_IRQHandler
                0x080066c8                DMA1_Ch4_7_DMAMUX1_OVR_IRQHandler
                0x080066c8                DMA1_Channel2_3_IRQHandler
 .text.atoi     0x080066ca        0xc c:/program files (x86)/gnu arm embedded toolchain/10 2021.10/bin/../lib/gcc/arm-none-eabi/10.3.1/../../../../arm-none-eabi/lib/thumb/v6-m/nofp\libc_nano.a(lib_a-atoi.o)
                0x080066ca                atoi
 *fill*         0x080066d6        0x2 
 .text.__libc_init_array
                0x080066d8       0x48 c:/program files (x86)/gnu arm embedded toolchain/10 2021.10/bin/../lib/gcc/arm-none-eabi/10.3.1/../../../../arm-none-eabi/lib/thumb/v6-m/nofp\libc_nano.a(lib_a-init.o)
                0x080066d8                __libc_init_array
 .text.memcpy   0x08006720       0x12 c:/program files (x86)/gnu arm embedded toolchain/10 2021.10/bin/../lib/gcc/arm-none-eabi/10.3.1/../../../../arm-none-eabi/lib/thumb/v6-m/nofp\libc_nano.a(lib_a-memcpy-stub.o)
                0x08006720                memcpy
 .text.memset   0x08006732       0x10 c:/program files (x86)/gnu arm embedded toolchain/10 2021.10/bin/../lib/gcc/arm-none-eabi/10.3.1/../../../../arm-none-eabi/lib/thumb/v6-m/nofp\libc_nano.a(lib_a-memset.o)
                0x08006732                memset
 *fill*         0x08006742        0x2 
 .text.sprintf  0x08006744       0x40 c:/program files (x86)/gnu arm embedded toolchain/10 2021.10/bin/../lib/gcc/arm-none-eabi/10.3.1/../../../../arm-none-eabi/lib/thumb/v6-m/nofp\libc_nano.a(lib_a-sprintf.o)
                0x08006744                siprintf
                0x08006744                sprintf
 .text.strchr   0x08006784       0x1c c:/program files (x86)/gnu arm embedded toolchain/10 2021.10/bin/../lib/gcc/arm-none-eabi/10.3.1/../../../../arm-none-eabi/lib/thumb/v6-m/nofp\libc_nano.a(lib_a-strchr.o)
                0x08006784                strchr
 .text.strcpy   0x080067a0       0x10 c:/program files (x86)/gnu arm embedded toolchain/10 2021.10/bin/../lib/gcc/arm-none-eabi/10.3.1/../../../../arm-none-eabi/lib/thumb/v6-m/nofp\libc_nano.a(lib_a-strcpy.o)
                0x080067a0                strcpy
 .text.strstr   0x080067b0       0x2c c:/program files (x86)/gnu arm embedded toolchain/10 2021.10/bin/../lib/gcc/arm-none-eabi/10.3.1/../../../../arm-none-eabi/lib/thumb/v6-m/nofp\libc_nano.a(lib_a-strstr.o)
                0x080067b0                strstr
 .text._strtol_l.constprop.0
                0x080067dc      0x11c c:/program files (x86)/gnu arm embedded toolchain/10 2021.10/bin/../lib/gcc/arm-none-eabi/10.3.1/../../../../arm-none-eabi/lib/thumb/v6-m/nofp\libc_nano.a(lib_a-strtol.o)
 .text.strtol   0x080068f8       0x18 c:/program files (x86)/gnu arm embedded toolchain/10 2021.10/bin/../lib/gcc/arm-none-eabi/10.3.1/../../../../arm-none-eabi/lib/thumb/v6-m/nofp\libc_nano.a(lib_a-strtol.o)
                0x080068f8                strtol
 .text.__errno  0x08006910        0xc c:/program files (x86)/gnu arm embedded toolchain/10 2021.10/bin/../lib/gcc/arm-none-eabi/10.3.1/../../../../arm-none-eabi/lib/thumb/v6-m/nofp\libc_nano.a(lib_a-errno.o)
                0x08006910                __errno
 .text.__ssputs_r
                0x0800691c       0xc4 c:/program files (x86)/gnu arm embedded toolchain/10 2021.10/bin/../lib/gcc/arm-none-eabi/10.3.1/../../../../arm-none-eabi/lib/thumb/v6-m/nofp\libc_nano.a(lib_a-nano-svfprintf.o)
                0x0800691c                __ssputs_r
 .text._svfprintf_r
                0x080069e0      0x200 c:/program files (x86)/gnu arm embedded toolchain/10 2021.10/bin/../lib/gcc/arm-none-eabi/10.3.1/../../../../arm-none-eabi/lib/thumb/v6-m/nofp\libc_nano.a(lib_a-nano-svfprintf.o)
                0x080069e0                _svfiprintf_r
                0x080069e0                _svfprintf_r
 .text._printf_common
                0x08006be0       0xde c:/program files (x86)/gnu arm embedded toolchain/10 2021.10/bin/../lib/gcc/arm-none-eabi/10.3.1/../../../../arm-none-eabi/lib/thumb/v6-m/nofp\libc_nano.a(lib_a-nano-vfprintf_i.o)
                0x08006be0                _printf_common
 *fill*         0x08006cbe        0x2 
 .text._printf_i
                0x08006cc0      0x224 c:/program files (x86)/gnu arm embedded toolchain/10 2021.10/bin/../lib/gcc/arm-none-eabi/10.3.1/../../../../arm-none-eabi/lib/thumb/v6-m/nofp\libc_nano.a(lib_a-nano-vfprintf_i.o)
                0x08006cc0                _printf_i
 .text.memchr   0x08006ee4       0x16 c:/program files (x86)/gnu arm embedded toolchain/10 2021.10/bin/../lib/gcc/arm-none-eabi/10.3.1/../../../../arm-none-eabi/lib/thumb/v6-m/nofp\libc_nano.a(lib_a-memchr-stub.o)
                0x08006ee4                memchr
 .text.memmove  0x08006efa       0x26 c:/program files (x86)/gnu arm embedded toolchain/10 2021.10/bin/../lib/gcc/arm-none-eabi/10.3.1/../../../../arm-none-eabi/lib/thumb/v6-m/nofp\libc_nano.a(lib_a-memmove.o)
                0x08006efa                memmove
 .text._free_r  0x08006f20       0x94 c:/program files (x86)/gnu arm embedded toolchain/10 2021.10/bin/../lib/gcc/arm-none-eabi/10.3.1/../../../../arm-none-eabi/lib/thumb/v6-m/nofp\libc_nano.a(lib_a-nano-freer.o)
                0x08006f20                _free_r
 .text.sbrk_aligned
                0x08006fb4       0x44 c:/program files (x86)/gnu arm embedded toolchain/10 2021.10/bin/../lib/gcc/arm-none-eabi/10.3.1/../../../../arm-none-eabi/lib/thumb/v6-m/nofp\libc_nano.a(lib_a-nano-mallocr.o)
 .text._malloc_r
                0x08006ff8       0xec c:/program files (x86)/gnu arm embedded toolchain/10 2021.10/bin/../lib/gcc/arm-none-eabi/10.3.1/../../../../arm-none-eabi/lib/thumb/v6-m/nofp\libc_nano.a(lib_a-nano-mallocr.o)
                0x08006ff8                _malloc_r
 .text._realloc_r
                0x080070e4       0x5e c:/program files (x86)/gnu arm embedded toolchain/10 2021.10/bin/../lib/gcc/arm-none-eabi/10.3.1/../../../../arm-none-eabi/lib/thumb/v6-m/nofp\libc_nano.a(lib_a-nano-reallocr.o)
                0x080070e4                _realloc_r
 *fill*         0x08007142        0x2 
 .text._sbrk_r  0x08007144       0x24 c:/program files (x86)/gnu arm embedded toolchain/10 2021.10/bin/../lib/gcc/arm-none-eabi/10.3.1/../../../../arm-none-eabi/lib/thumb/v6-m/nofp\libc_nano.a(lib_a-sbrkr.o)
                0x08007144                _sbrk_r
 .text.__malloc_lock
                0x08007168       0x10 c:/program files (x86)/gnu arm embedded toolchain/10 2021.10/bin/../lib/gcc/arm-none-eabi/10.3.1/../../../../arm-none-eabi/lib/thumb/v6-m/nofp\libc_nano.a(lib_a-mlock.o)
                0x08007168                __malloc_lock
 .text.__malloc_unlock
                0x08007178       0x10 c:/program files (x86)/gnu arm embedded toolchain/10 2021.10/bin/../lib/gcc/arm-none-eabi/10.3.1/../../../../arm-none-eabi/lib/thumb/v6-m/nofp\libc_nano.a(lib_a-mlock.o)
                0x08007178                __malloc_unlock
 .text._malloc_usable_size_r
                0x08007188       0x10 c:/program files (x86)/gnu arm embedded toolchain/10 2021.10/bin/../lib/gcc/arm-none-eabi/10.3.1/../../../../arm-none-eabi/lib/thumb/v6-m/nofp\libc_nano.a(lib_a-nano-msizer.o)
                0x08007188                _malloc_usable_size_r
 .text.__retarget_lock_acquire_recursive
                0x08007198        0x2 c:/program files (x86)/gnu arm embedded toolchain/10 2021.10/bin/../lib/gcc/arm-none-eabi/10.3.1/../../../../arm-none-eabi/lib/thumb/v6-m/nofp\libc_nano.a(lib_a-lock.o)
                0x08007198                __retarget_lock_acquire_recursive
 .text.__retarget_lock_release_recursive
                0x0800719a        0x2 c:/program files (x86)/gnu arm embedded toolchain/10 2021.10/bin/../lib/gcc/arm-none-eabi/10.3.1/../../../../arm-none-eabi/lib/thumb/v6-m/nofp\libc_nano.a(lib_a-lock.o)
                0x0800719a                __retarget_lock_release_recursive
 .text._sbrk    0x0800719c       0x1c c:/program files (x86)/gnu arm embedded toolchain/10 2021.10/bin/../lib/gcc/arm-none-eabi/10.3.1/../../../../arm-none-eabi/lib/thumb/v6-m/nofp\libnosys.a(sbrk.o)
                0x0800719c                _sbrk
 *(.glue_7)
 .glue_7        0x080071b8        0x0 linker stubs
 *(.glue_7t)
 .glue_7t       0x080071b8        0x0 linker stubs
 *(.eh_frame)
 .eh_frame      0x080071b8        0x0 c:/program files (x86)/gnu arm embedded toolchain/10 2021.10/bin/../lib/gcc/arm-none-eabi/10.3.1/thumb/v6-m/nofp/crtbegin.o
 *(.init)
 .init          0x080071b8        0x4 c:/program files (x86)/gnu arm embedded toolchain/10 2021.10/bin/../lib/gcc/arm-none-eabi/10.3.1/thumb/v6-m/nofp/crti.o
                0x080071b8                _init
 .init          0x080071bc        0x8 c:/program files (x86)/gnu arm embedded toolchain/10 2021.10/bin/../lib/gcc/arm-none-eabi/10.3.1/thumb/v6-m/nofp/crtn.o
 *(.fini)
 .fini          0x080071c4        0x4 c:/program files (x86)/gnu arm embedded toolchain/10 2021.10/bin/../lib/gcc/arm-none-eabi/10.3.1/thumb/v6-m/nofp/crti.o
                0x080071c4                _fini
 .fini          0x080071c8        0x8 c:/program files (x86)/gnu arm embedded toolchain/10 2021.10/bin/../lib/gcc/arm-none-eabi/10.3.1/thumb/v6-m/nofp/crtn.o
                0x080071d0                . = ALIGN (0x4)
                0x080071d0                _etext = .

.vfp11_veneer   0x080071d0        0x0
 .vfp11_veneer  0x080071d0        0x0 linker stubs

.v4_bx          0x080071d0        0x0
 .v4_bx         0x080071d0        0x0 linker stubs

.iplt           0x080071d0        0x0
 .iplt          0x080071d0        0x0 c:/program files (x86)/gnu arm embedded toolchain/10 2021.10/bin/../lib/gcc/arm-none-eabi/10.3.1/thumb/v6-m/nofp/crtbegin.o

.RamFunc        0x080071d0       0x38
 .RamFunc       0x080071d0       0x38 build/stm32g0xx_hal_flash.o

.rodata         0x08007208      0xd84
                0x08007208                . = ALIGN (0x4)
 *(.rodata)
 *(.rodata*)
 .rodata.Is_Setup_Right.str1.4
                0x08007208       0x2b build/main.o
 *fill*         0x08007233        0x1 
 .rodata.Stm32_Check_Sim_Card_Connect_Network_Service.str1.4
                0x08007234        0x7 build/main.o
 *fill*         0x0800723b        0x1 
 .rodata.Stm32_Check_Esp32_Connect_WiFi.str1.4
                0x0800723c        0xb build/main.o
 *fill*         0x08007247        0x1 
 .rodata.Stm32_Restart.str1.4
                0x08007248       0x11 build/main.o
 *fill*         0x08007259        0x3 
 .rodata.Broker_Connect_Init.str1.4
                0x0800725c      0x103 build/main.o
                                0x107 (size before relaxing)
 *fill*         0x0800735f        0x1 
 .rodata.sendCBSC.str1.4
                0x08007360       0x10 build/main.o
 .rodata.main.str1.4
                0x08007370      0x790 build/main.o
 .rodata.main   0x08007b00       0xa0 build/main.o
 .rodata.Esp32_Setup_Default.str1.4
                0x08007ba0        0xd build/espressifAT.o
 *fill*         0x08007bad        0x3 
 .rodata.Esp32_Mqtt_UserConfig.str1.4
                0x08007bb0       0x2b build/espressifAT.o
 *fill*         0x08007bdb        0x1 
 .rodata.Esp32_Mqtt_Connect_Broker.str1.4
                0x08007bdc       0x1a build/espressifAT.o
 *fill*         0x08007bf6        0x2 
 .rodata.Esp32_Mqtt_Disconnect_Broker.str1.4
                0x08007bf8       0x11 build/espressifAT.o
 *fill*         0x08007c09        0x3 
 .rodata.Esp32_Mqtt_Subscribe.str1.4
                0x08007c0c       0x16 build/espressifAT.o
 *fill*         0x08007c22        0x2 
 .rodata.Esp32_Mqtt_Publish.str1.4
                0x08007c24       0x1e build/espressifAT.o
 *fill*         0x08007c42        0x2 
 .rodata.RSSI_Sim4GLTE.str1.4
                0x08007c44        0x9 build/simcomAT.o
 *fill*         0x08007c4d        0x3 
 .rodata.Is_Insert_Sim_Card.str1.4
                0x08007c50        0xb build/simcomAT.o
 *fill*         0x08007c5b        0x1 
 .rodata.SimA7670C_Reset.str1.4
                0x08007c5c        0xc build/simcomAT.o
 .rodata.SimA7670C_Echo.str1.4
                0x08007c68        0xf build/simcomAT.o
 *fill*         0x08007c77        0x1 
 .rodata.SimA7670C_PDP_Context_Config.str1.4
                0x08007c78       0x1b build/simcomAT.o
 *fill*         0x08007c93        0x1 
 .rodata.SimA7670C_PDP_Context_Set.str1.4
                0x08007c94       0x11 build/simcomAT.o
 *fill*         0x08007ca5        0x3 
 .rodata.SimA7670C_MQTT_StartService.str1.4
                0x08007ca8       0x10 build/simcomAT.o
 .rodata.SimA7670C_MQTT_StopService.str1.4
                0x08007cb8        0xf build/simcomAT.o
 *fill*         0x08007cc7        0x1 
 .rodata.SimA7670C_MQTT_Client_Config.str1.4
                0x08007cc8       0x18 build/simcomAT.o
 .rodata.SimA7670C_MQTT_BrokerConnect.str1.4
                0x08007ce0       0x31 build/simcomAT.o
 *fill*         0x08007d11        0x3 
 .rodata.SimA7670C_MQTT_BrokerDisconnect.str1.4
                0x08007d14       0x28 build/simcomAT.o
 .rodata.SimA7670C_Mqtt_Subscribe.str1.4
                0x08007d3c       0x37 build/simcomAT.o
                                 0x3b (size before relaxing)
 *fill*         0x08007d73        0x1 
 .rodata.SimA7670C_Mqtt_Publish.str1.4
                0x08007d74       0x53 build/simcomAT.o
 *fill*         0x08007dc7        0x1 
 .rodata.TextToHexStr.str1.4
                0x08007dc8        0x5 build/datatype.o
 *fill*         0x08007dcd        0x3 
 .rodata.UARTPrescTable
                0x08007dd0       0x18 build/stm32g0xx_hal_uart.o
                0x08007dd0                UARTPrescTable
 .rodata.denominator.0
                0x08007de8        0x8 build/stm32g0xx_hal_uart_ex.o
 .rodata.numerator.1
                0x08007df0        0x8 build/stm32g0xx_hal_uart_ex.o
 .rodata.AHBPrescTable
                0x08007df8       0x40 build/system_stm32g0xx.o
                0x08007df8                AHBPrescTable
 .rodata.APBPrescTable
                0x08007e38       0x20 build/system_stm32g0xx.o
                0x08007e38                APBPrescTable
 .rodata._ctype_
                0x08007e58      0x101 c:/program files (x86)/gnu arm embedded toolchain/10 2021.10/bin/../lib/gcc/arm-none-eabi/10.3.1/../../../../arm-none-eabi/lib/thumb/v6-m/nofp\libc_nano.a(lib_a-ctype_.o)
                0x08007e58                _ctype_
 .rodata._svfprintf_r.str1.1
                0x08007f59       0x11 c:/program files (x86)/gnu arm embedded toolchain/10 2021.10/bin/../lib/gcc/arm-none-eabi/10.3.1/../../../../arm-none-eabi/lib/thumb/v6-m/nofp\libc_nano.a(lib_a-nano-svfprintf.o)
 .rodata._printf_i.str1.1
                0x08007f6a       0x22 c:/program files (x86)/gnu arm embedded toolchain/10 2021.10/bin/../lib/gcc/arm-none-eabi/10.3.1/../../../../arm-none-eabi/lib/thumb/v6-m/nofp\libc_nano.a(lib_a-nano-vfprintf_i.o)
                0x08007f8c                . = ALIGN (0x4)

.rel.dyn        0x08007f8c        0x0
 .rel.iplt      0x08007f8c        0x0 c:/program files (x86)/gnu arm embedded toolchain/10 2021.10/bin/../lib/gcc/arm-none-eabi/10.3.1/thumb/v6-m/nofp/crtbegin.o

.ARM.extab
 *(.ARM.extab* .gnu.linkonce.armextab.*)

.ARM            0x08007f8c        0x0
                0x08007f8c                __exidx_start = .
 *(.ARM.exidx*)
                0x08007f8c                __exidx_end = .

.preinit_array  0x08007f8c        0x0
                0x08007f8c                PROVIDE (__preinit_array_start = .)
 *(.preinit_array*)
                0x08007f8c                PROVIDE (__preinit_array_end = .)

.init_array     0x08007f8c        0x4
                0x08007f8c                PROVIDE (__init_array_start = .)
 *(SORT_BY_NAME(.init_array.*))
 *(.init_array*)
 .init_array    0x08007f8c        0x4 c:/program files (x86)/gnu arm embedded toolchain/10 2021.10/bin/../lib/gcc/arm-none-eabi/10.3.1/thumb/v6-m/nofp/crtbegin.o
                0x08007f90                PROVIDE (__init_array_end = .)

.fini_array     0x08007f90        0x4
                [!provide]                PROVIDE (__fini_array_start = .)
 *(SORT_BY_NAME(.fini_array.*))
 *(.fini_array*)
 .fini_array    0x08007f90        0x4 c:/program files (x86)/gnu arm embedded toolchain/10 2021.10/bin/../lib/gcc/arm-none-eabi/10.3.1/thumb/v6-m/nofp/crtbegin.o
                [!provide]                PROVIDE (__fini_array_end = .)
                0x08007f94                _sidata = LOADADDR (.data)

.data           0x20000000       0x74 load address 0x08007f94
                0x20000000                . = ALIGN (0x4)
                0x20000000                _sdata = .
 *(.data)
 *(.data*)
 .data.Baudrate_Default
                0x20000000        0x4 build/main.o
                0x20000000                Baudrate_Default
 .data.uwTickFreq
                0x20000004        0x1 build/stm32g0xx_hal.o
                0x20000004                uwTickFreq
 *fill*         0x20000005        0x3 
 .data.uwTickPrio
                0x20000008        0x4 build/stm32g0xx_hal.o
                0x20000008                uwTickPrio
 .data.SystemCoreClock
                0x2000000c        0x4 build/system_stm32g0xx.o
                0x2000000c                SystemCoreClock
 .data._impure_ptr
                0x20000010        0x4 c:/program files (x86)/gnu arm embedded toolchain/10 2021.10/bin/../lib/gcc/arm-none-eabi/10.3.1/../../../../arm-none-eabi/lib/thumb/v6-m/nofp\libc_nano.a(lib_a-impure.o)
                0x20000010                _impure_ptr
 .data.impure_data
                0x20000014       0x60 c:/program files (x86)/gnu arm embedded toolchain/10 2021.10/bin/../lib/gcc/arm-none-eabi/10.3.1/../../../../arm-none-eabi/lib/thumb/v6-m/nofp\libc_nano.a(lib_a-impure.o)
                0x20000074                . = ALIGN (0x4)
                0x20000074                _edata = .

.igot.plt       0x20000074        0x0 load address 0x08008008
 .igot.plt      0x20000074        0x0 c:/program files (x86)/gnu arm embedded toolchain/10 2021.10/bin/../lib/gcc/arm-none-eabi/10.3.1/thumb/v6-m/nofp/crtbegin.o
                0x20000074                . = ALIGN (0x4)

.bss            0x20000074     0x171c load address 0x08008008
                0x20000074                _sbss = .
                0x20000074                __bss_start__ = _sbss
 *(.bss)
 .bss           0x20000074       0x1c c:/program files (x86)/gnu arm embedded toolchain/10 2021.10/bin/../lib/gcc/arm-none-eabi/10.3.1/thumb/v6-m/nofp/crtbegin.o
 *(.bss*)
 .bss.Button_Press_Keep_Count.4
                0x20000090        0x1 build/main.o
 .bss.DATA_DISPLAY
                0x20000091        0x1 build/main.o
                0x20000091                DATA_DISPLAY
 *fill*         0x20000092        0x2 
 .bss.Eeprom_Buf
                0x20000094        0x8 build/main.o
                0x20000094                Eeprom_Buf
 .bss.Eeprom_Host
                0x2000009c       0x1c build/main.o
                0x2000009c                Eeprom_Host
 .bss.Eeprom_Password
                0x200000b8        0x8 build/main.o
                0x200000b8                Eeprom_Password
 .bss.Eeprom_TopicPub
                0x200000c0       0x14 build/main.o
                0x200000c0                Eeprom_TopicPub
 .bss.Eeprom_TopicSub
                0x200000d4       0x10 build/main.o
                0x200000d4                Eeprom_TopicSub
 .bss.Eeprom_Username
                0x200000e4        0x8 build/main.o
                0x200000e4                Eeprom_Username
 .bss.Filter_Buf
                0x200000ec      0x1f4 build/main.o
                0x200000ec                Filter_Buf
 .bss.Interval_Count.5
                0x200002e0        0x1 build/main.o
 .bss.Interval_Flag
                0x200002e1        0x1 build/main.o
                0x200002e1                Interval_Flag
 *fill*         0x200002e2        0x2 
 .bss.Inverter_Buf
                0x200002e4      0x1f4 build/main.o
                0x200002e4                Inverter_Buf
 .bss.Inverter_Count
                0x200004d8        0x2 build/main.o
                0x200004d8                Inverter_Count
 .bss.Inverter_Data
                0x200004da        0x1 build/main.o
                0x200004da                Inverter_Data
 *fill*         0x200004db        0x1 
 .bss.IoT_Protocol_Buf
                0x200004dc      0x1f4 build/main.o
                0x200004dc                IoT_Protocol_Buf
 .bss.IoT_Protocol_Count
                0x200006d0        0x2 build/main.o
                0x200006d0                IoT_Protocol_Count
 .bss.IoT_Protocol_Data
                0x200006d2        0x1 build/main.o
                0x200006d2                IoT_Protocol_Data
 .bss.Previous_State.1
                0x200006d3        0x1 build/main.o
 .bss.Receive_Package_Buf
                0x200006d4      0x514 build/main.o
                0x200006d4                Receive_Package_Buf
 .bss.Req_Ping_Count.3
                0x20000be8        0x1 build/main.o
 .bss.Req_Ping_Flag
                0x20000be9        0x1 build/main.o
                0x20000be9                Req_Ping_Flag
 *fill*         0x20000bea        0x2 
 .bss.Send_Package_Buf
                0x20000bec      0x7d0 build/main.o
                0x20000bec                Send_Package_Buf
 .bss.State_Data.0
                0x200013bc        0x1 build/main.o
 .bss.State_WiFi.2
                0x200013bd        0x1 build/main.o
 .bss.WIRELESS_DISPLAY
                0x200013be        0x1 build/main.o
                0x200013be                WIRELESS_DISPLAY
 *fill*         0x200013bf        0x1 
 .bss.broker    0x200013c0       0xa8 build/main.o
                0x200013c0                broker
 .bss.htim1     0x20001468       0x4c build/main.o
                0x20001468                htim1
 .bss.htim15    0x200014b4       0x4c build/main.o
                0x200014b4                htim15
 .bss.htim3     0x20001500       0x4c build/main.o
                0x20001500                htim3
 .bss.htim6     0x2000154c       0x4c build/main.o
                0x2000154c                htim6
 .bss.huart1    0x20001598       0x94 build/main.o
                0x20001598                huart1
 .bss.huart2    0x2000162c       0x94 build/main.o
                0x2000162c                huart2
 .bss.huart3    0x200016c0       0x94 build/main.o
                0x200016c0                huart3
 .bss.intervalValue
                0x20001754        0x4 build/main.o
                0x20001754                intervalValue
 .bss.wirelessProtocol
                0x20001758        0x1 build/main.o
                0x20001758                wirelessProtocol
 *fill*         0x20001759        0x3 
 .bss.pFlash    0x2000175c       0x1c build/stm32g0xx_hal_flash.o
                0x2000175c                pFlash
 .bss.uwTick    0x20001778        0x4 build/stm32g0xx_hal.o
                0x20001778                uwTick
 .bss.__malloc_free_list
                0x2000177c        0x4 c:/program files (x86)/gnu arm embedded toolchain/10 2021.10/bin/../lib/gcc/arm-none-eabi/10.3.1/../../../../arm-none-eabi/lib/thumb/v6-m/nofp\libc_nano.a(lib_a-nano-mallocr.o)
                0x2000177c                __malloc_free_list
 .bss.__malloc_sbrk_start
                0x20001780        0x4 c:/program files (x86)/gnu arm embedded toolchain/10 2021.10/bin/../lib/gcc/arm-none-eabi/10.3.1/../../../../arm-none-eabi/lib/thumb/v6-m/nofp\libc_nano.a(lib_a-nano-mallocr.o)
                0x20001780                __malloc_sbrk_start
 .bss.errno     0x20001784        0x4 c:/program files (x86)/gnu arm embedded toolchain/10 2021.10/bin/../lib/gcc/arm-none-eabi/10.3.1/../../../../arm-none-eabi/lib/thumb/v6-m/nofp\libc_nano.a(lib_a-reent.o)
                0x20001784                errno
 .bss.__lock___malloc_recursive_mutex
                0x20001788        0x1 c:/program files (x86)/gnu arm embedded toolchain/10 2021.10/bin/../lib/gcc/arm-none-eabi/10.3.1/../../../../arm-none-eabi/lib/thumb/v6-m/nofp\libc_nano.a(lib_a-lock.o)
                0x20001788                __lock___malloc_recursive_mutex
 *fill*         0x20001789        0x3 
 .bss.heap_end.0
                0x2000178c        0x4 c:/program files (x86)/gnu arm embedded toolchain/10 2021.10/bin/../lib/gcc/arm-none-eabi/10.3.1/../../../../arm-none-eabi/lib/thumb/v6-m/nofp\libnosys.a(sbrk.o)
 *(COMMON)
                0x20001790                . = ALIGN (0x4)
                0x20001790                _ebss = .
                0x20001790                __bss_end__ = _ebss

._user_heap_stack
                0x20001790      0x600 load address 0x08008008
                0x20001790                . = ALIGN (0x8)
                0x20001790                PROVIDE (end = .)
                [!provide]                PROVIDE (_end = .)
                0x20001990                . = (. + _Min_Heap_Size)
 *fill*         0x20001790      0x200 
                0x20001d90                . = (. + _Min_Stack_Size)
 *fill*         0x20001990      0x400 
                0x20001d90                . = ALIGN (0x8)

/DISCARD/
 libc.a(*)
 libm.a(*)
 libgcc.a(*)

.ARM.attributes
                0x00000000       0x28
 *(.ARM.attributes)
 .ARM.attributes
                0x00000000       0x1e c:/program files (x86)/gnu arm embedded toolchain/10 2021.10/bin/../lib/gcc/arm-none-eabi/10.3.1/thumb/v6-m/nofp/crti.o
 .ARM.attributes
                0x0000001e       0x2c c:/program files (x86)/gnu arm embedded toolchain/10 2021.10/bin/../lib/gcc/arm-none-eabi/10.3.1/thumb/v6-m/nofp/crtbegin.o
 .ARM.attributes
                0x0000004a       0x2c build/main.o
 .ARM.attributes
                0x00000076       0x2c build/espressifAT.o
 .ARM.attributes
                0x000000a2       0x2c build/simcomAT.o
 .ARM.attributes
                0x000000ce       0x2c build/eeprom.o
 .ARM.attributes
                0x000000fa       0x2c build/relay.o
 .ARM.attributes
                0x00000126       0x2c build/modbusRTU.o
 .ARM.attributes
                0x00000152       0x2c build/datatype.o
 .ARM.attributes
                0x0000017e       0x2c build/stm32g0xx_it.o
 .ARM.attributes
                0x000001aa       0x2c build/stm32g0xx_hal_msp.o
 .ARM.attributes
                0x000001d6       0x2c build/stm32g0xx_hal_tim_ex.o
 .ARM.attributes
                0x00000202       0x2c build/stm32g0xx_hal_rcc.o
 .ARM.attributes
                0x0000022e       0x2c build/stm32g0xx_hal_rcc_ex.o
 .ARM.attributes
                0x0000025a       0x2c build/stm32g0xx_hal_flash.o
 .ARM.attributes
                0x00000286       0x2c build/stm32g0xx_hal_flash_ex.o
 .ARM.attributes
                0x000002b2       0x2c build/stm32g0xx_hal_gpio.o
 .ARM.attributes
                0x000002de       0x2c build/stm32g0xx_hal_dma.o
 .ARM.attributes
                0x0000030a       0x2c build/stm32g0xx_hal_pwr_ex.o
 .ARM.attributes
                0x00000336       0x2c build/stm32g0xx_hal_cortex.o
 .ARM.attributes
                0x00000362       0x2c build/stm32g0xx_hal.o
 .ARM.attributes
                0x0000038e       0x2c build/stm32g0xx_hal_uart.o
 .ARM.attributes
                0x000003ba       0x2c build/stm32g0xx_hal_uart_ex.o
 .ARM.attributes
                0x000003e6       0x2c build/system_stm32g0xx.o
 .ARM.attributes
                0x00000412       0x2c build/stm32g0xx_hal_tim.o
 .ARM.attributes
                0x0000043e       0x22 build/startup_stm32g070xx.o
 .ARM.attributes
                0x00000460       0x2c c:/program files (x86)/gnu arm embedded toolchain/10 2021.10/bin/../lib/gcc/arm-none-eabi/10.3.1/../../../../arm-none-eabi/lib/thumb/v6-m/nofp\libc_nano.a(lib_a-atoi.o)
 .ARM.attributes
                0x0000048c       0x2c c:/program files (x86)/gnu arm embedded toolchain/10 2021.10/bin/../lib/gcc/arm-none-eabi/10.3.1/../../../../arm-none-eabi/lib/thumb/v6-m/nofp\libc_nano.a(lib_a-impure.o)
 .ARM.attributes
                0x000004b8       0x2c c:/program files (x86)/gnu arm embedded toolchain/10 2021.10/bin/../lib/gcc/arm-none-eabi/10.3.1/../../../../arm-none-eabi/lib/thumb/v6-m/nofp\libc_nano.a(lib_a-init.o)
 .ARM.attributes
                0x000004e4       0x2c c:/program files (x86)/gnu arm embedded toolchain/10 2021.10/bin/../lib/gcc/arm-none-eabi/10.3.1/../../../../arm-none-eabi/lib/thumb/v6-m/nofp\libc_nano.a(lib_a-memcpy-stub.o)
 .ARM.attributes
                0x00000510       0x2c c:/program files (x86)/gnu arm embedded toolchain/10 2021.10/bin/../lib/gcc/arm-none-eabi/10.3.1/../../../../arm-none-eabi/lib/thumb/v6-m/nofp\libc_nano.a(lib_a-memset.o)
 .ARM.attributes
                0x0000053c       0x2c c:/program files (x86)/gnu arm embedded toolchain/10 2021.10/bin/../lib/gcc/arm-none-eabi/10.3.1/../../../../arm-none-eabi/lib/thumb/v6-m/nofp\libc_nano.a(lib_a-sprintf.o)
 .ARM.attributes
                0x00000568       0x2c c:/program files (x86)/gnu arm embedded toolchain/10 2021.10/bin/../lib/gcc/arm-none-eabi/10.3.1/../../../../arm-none-eabi/lib/thumb/v6-m/nofp\libc_nano.a(lib_a-strchr.o)
 .ARM.attributes
                0x00000594       0x2c c:/program files (x86)/gnu arm embedded toolchain/10 2021.10/bin/../lib/gcc/arm-none-eabi/10.3.1/../../../../arm-none-eabi/lib/thumb/v6-m/nofp\libc_nano.a(lib_a-strcpy.o)
 .ARM.attributes
                0x000005c0       0x1c c:/program files (x86)/gnu arm embedded toolchain/10 2021.10/bin/../lib/gcc/arm-none-eabi/10.3.1/../../../../arm-none-eabi/lib/thumb/v6-m/nofp\libc_nano.a(lib_a-strlen.o)
 .ARM.attributes
                0x000005dc       0x2c c:/program files (x86)/gnu arm embedded toolchain/10 2021.10/bin/../lib/gcc/arm-none-eabi/10.3.1/../../../../arm-none-eabi/lib/thumb/v6-m/nofp\libc_nano.a(lib_a-strstr.o)
 .ARM.attributes
                0x00000608       0x2c c:/program files (x86)/gnu arm embedded toolchain/10 2021.10/bin/../lib/gcc/arm-none-eabi/10.3.1/../../../../arm-none-eabi/lib/thumb/v6-m/nofp\libc_nano.a(lib_a-strtol.o)
 .ARM.attributes
                0x00000634       0x2c c:/program files (x86)/gnu arm embedded toolchain/10 2021.10/bin/../lib/gcc/arm-none-eabi/10.3.1/../../../../arm-none-eabi/lib/thumb/v6-m/nofp\libc_nano.a(lib_a-ctype_.o)
 .ARM.attributes
                0x00000660       0x2c c:/program files (x86)/gnu arm embedded toolchain/10 2021.10/bin/../lib/gcc/arm-none-eabi/10.3.1/../../../../arm-none-eabi/lib/thumb/v6-m/nofp\libc_nano.a(lib_a-errno.o)
 .ARM.attributes
                0x0000068c       0x2c c:/program files (x86)/gnu arm embedded toolchain/10 2021.10/bin/../lib/gcc/arm-none-eabi/10.3.1/../../../../arm-none-eabi/lib/thumb/v6-m/nofp\libc_nano.a(lib_a-nano-svfprintf.o)
 .ARM.attributes
                0x000006b8       0x2c c:/program files (x86)/gnu arm embedded toolchain/10 2021.10/bin/../lib/gcc/arm-none-eabi/10.3.1/../../../../arm-none-eabi/lib/thumb/v6-m/nofp\libc_nano.a(lib_a-nano-vfprintf_i.o)
 .ARM.attributes
                0x000006e4       0x2c c:/program files (x86)/gnu arm embedded toolchain/10 2021.10/bin/../lib/gcc/arm-none-eabi/10.3.1/../../../../arm-none-eabi/lib/thumb/v6-m/nofp\libc_nano.a(lib_a-memchr-stub.o)
 .ARM.attributes
                0x00000710       0x2c c:/program files (x86)/gnu arm embedded toolchain/10 2021.10/bin/../lib/gcc/arm-none-eabi/10.3.1/../../../../arm-none-eabi/lib/thumb/v6-m/nofp\libc_nano.a(lib_a-memmove.o)
 .ARM.attributes
                0x0000073c       0x2c c:/program files (x86)/gnu arm embedded toolchain/10 2021.10/bin/../lib/gcc/arm-none-eabi/10.3.1/../../../../arm-none-eabi/lib/thumb/v6-m/nofp\libc_nano.a(lib_a-nano-freer.o)
 .ARM.attributes
                0x00000768       0x2c c:/program files (x86)/gnu arm embedded toolchain/10 2021.10/bin/../lib/gcc/arm-none-eabi/10.3.1/../../../../arm-none-eabi/lib/thumb/v6-m/nofp\libc_nano.a(lib_a-nano-mallocr.o)
 .ARM.attributes
                0x00000794       0x2c c:/program files (x86)/gnu arm embedded toolchain/10 2021.10/bin/../lib/gcc/arm-none-eabi/10.3.1/../../../../arm-none-eabi/lib/thumb/v6-m/nofp\libc_nano.a(lib_a-nano-reallocr.o)
 .ARM.attributes
                0x000007c0       0x2c c:/program files (x86)/gnu arm embedded toolchain/10 2021.10/bin/../lib/gcc/arm-none-eabi/10.3.1/../../../../arm-none-eabi/lib/thumb/v6-m/nofp\libc_nano.a(lib_a-sbrkr.o)
 .ARM.attributes
                0x000007ec       0x2c c:/program files (x86)/gnu arm embedded toolchain/10 2021.10/bin/../lib/gcc/arm-none-eabi/10.3.1/../../../../arm-none-eabi/lib/thumb/v6-m/nofp\libc_nano.a(lib_a-mlock.o)
 .ARM.attributes
                0x00000818       0x2c c:/program files (x86)/gnu arm embedded toolchain/10 2021.10/bin/../lib/gcc/arm-none-eabi/10.3.1/../../../../arm-none-eabi/lib/thumb/v6-m/nofp\libc_nano.a(lib_a-nano-msizer.o)
 .ARM.attributes
                0x00000844       0x2c c:/program files (x86)/gnu arm embedded toolchain/10 2021.10/bin/../lib/gcc/arm-none-eabi/10.3.1/../../../../arm-none-eabi/lib/thumb/v6-m/nofp\libc_nano.a(lib_a-reent.o)
 .ARM.attributes
                0x00000870       0x2c c:/program files (x86)/gnu arm embedded toolchain/10 2021.10/bin/../lib/gcc/arm-none-eabi/10.3.1/../../../../arm-none-eabi/lib/thumb/v6-m/nofp\libc_nano.a(lib_a-lock.o)
 .ARM.attributes
                0x0000089c       0x2c c:/program files (x86)/gnu arm embedded toolchain/10 2021.10/bin/../lib/gcc/arm-none-eabi/10.3.1/../../../../arm-none-eabi/lib/thumb/v6-m/nofp\libnosys.a(sbrk.o)
 .ARM.attributes
                0x000008c8       0x1e c:/program files (x86)/gnu arm embedded toolchain/10 2021.10/bin/../lib/gcc/arm-none-eabi/10.3.1/thumb/v6-m/nofp\libgcc.a(_thumb1_case_shi.o)
 .ARM.attributes
                0x000008e6       0x1e c:/program files (x86)/gnu arm embedded toolchain/10 2021.10/bin/../lib/gcc/arm-none-eabi/10.3.1/thumb/v6-m/nofp\libgcc.a(_udivsi3.o)
 .ARM.attributes
                0x00000904       0x1e c:/program files (x86)/gnu arm embedded toolchain/10 2021.10/bin/../lib/gcc/arm-none-eabi/10.3.1/thumb/v6-m/nofp\libgcc.a(_divsi3.o)
 .ARM.attributes
                0x00000922       0x1e c:/program files (x86)/gnu arm embedded toolchain/10 2021.10/bin/../lib/gcc/arm-none-eabi/10.3.1/thumb/v6-m/nofp\libgcc.a(_dvmd_tls.o)
 .ARM.attributes
                0x00000940       0x1e c:/program files (x86)/gnu arm embedded toolchain/10 2021.10/bin/../lib/gcc/arm-none-eabi/10.3.1/thumb/v6-m/nofp/crtn.o
OUTPUT(build/Vnpt_Pccc_Monitoring.elf elf32-littlearm)
LOAD linker stubs
LOAD c:/program files (x86)/gnu arm embedded toolchain/10 2021.10/bin/../lib/gcc/arm-none-eabi/10.3.1/../../../../arm-none-eabi/lib/thumb/v6-m/nofp\libc.a
LOAD c:/program files (x86)/gnu arm embedded toolchain/10 2021.10/bin/../lib/gcc/arm-none-eabi/10.3.1/../../../../arm-none-eabi/lib/thumb/v6-m/nofp\libm.a
LOAD c:/program files (x86)/gnu arm embedded toolchain/10 2021.10/bin/../lib/gcc/arm-none-eabi/10.3.1/thumb/v6-m/nofp\libgcc.a

.debug_info     0x00000000    0x1fcb0
 .debug_info    0x00000000     0x667d build/main.o
 .debug_info    0x0000667d     0x13be build/espressifAT.o
 .debug_info    0x00007a3b     0x179e build/simcomAT.o
 .debug_info    0x000091d9      0x7de build/eeprom.o
 .debug_info    0x000099b7      0x2f1 build/relay.o
 .debug_info    0x00009ca8      0x242 build/modbusRTU.o
 .debug_info    0x00009eea      0x256 build/datatype.o
 .debug_info    0x0000a140      0xec9 build/stm32g0xx_it.o
 .debug_info    0x0000b009     0x1715 build/stm32g0xx_hal_msp.o
 .debug_info    0x0000c71e     0x211a build/stm32g0xx_hal_tim_ex.o
 .debug_info    0x0000e838      0xe4b build/stm32g0xx_hal_rcc.o
 .debug_info    0x0000f683      0x9a6 build/stm32g0xx_hal_rcc_ex.o
 .debug_info    0x00010029      0x862 build/stm32g0xx_hal_flash.o
 .debug_info    0x0001088b      0x857 build/stm32g0xx_hal_flash_ex.o
 .debug_info    0x000110e2      0x693 build/stm32g0xx_hal_gpio.o
 .debug_info    0x00011775      0xaec build/stm32g0xx_hal_dma.o
 .debug_info    0x00012261      0x5ca build/stm32g0xx_hal_pwr_ex.o
 .debug_info    0x0001282b      0xaea build/stm32g0xx_hal_cortex.o
 .debug_info    0x00013315      0xab4 build/stm32g0xx_hal.o
 .debug_info    0x00013dc9     0x63c6 build/stm32g0xx_hal_uart.o
 .debug_info    0x0001a18f     0x1361 build/stm32g0xx_hal_uart_ex.o
 .debug_info    0x0001b4f0      0x496 build/system_stm32g0xx.o
 .debug_info    0x0001b986     0x4308 build/stm32g0xx_hal_tim.o
 .debug_info    0x0001fc8e       0x22 build/startup_stm32g070xx.o

.debug_abbrev   0x00000000     0x361b
 .debug_abbrev  0x00000000      0x339 build/main.o
 .debug_abbrev  0x00000339      0x24e build/espressifAT.o
 .debug_abbrev  0x00000587      0x287 build/simcomAT.o
 .debug_abbrev  0x0000080e      0x206 build/eeprom.o
 .debug_abbrev  0x00000a14      0x14f build/relay.o
 .debug_abbrev  0x00000b63      0x103 build/modbusRTU.o
 .debug_abbrev  0x00000c66      0x10b build/datatype.o
 .debug_abbrev  0x00000d71      0x1c1 build/stm32g0xx_it.o
 .debug_abbrev  0x00000f32      0x23c build/stm32g0xx_hal_msp.o
 .debug_abbrev  0x0000116e      0x2a7 build/stm32g0xx_hal_tim_ex.o
 .debug_abbrev  0x00001415      0x2d8 build/stm32g0xx_hal_rcc.o
 .debug_abbrev  0x000016ed      0x26e build/stm32g0xx_hal_rcc_ex.o
 .debug_abbrev  0x0000195b      0x367 build/stm32g0xx_hal_flash.o
 .debug_abbrev  0x00001cc2      0x2a7 build/stm32g0xx_hal_flash_ex.o
 .debug_abbrev  0x00001f69      0x239 build/stm32g0xx_hal_gpio.o
 .debug_abbrev  0x000021a2      0x246 build/stm32g0xx_hal_dma.o
 .debug_abbrev  0x000023e8      0x219 build/stm32g0xx_hal_pwr_ex.o
 .debug_abbrev  0x00002601      0x2c7 build/stm32g0xx_hal_cortex.o
 .debug_abbrev  0x000028c8      0x2bc build/stm32g0xx_hal.o
 .debug_abbrev  0x00002b84      0x35e build/stm32g0xx_hal_uart.o
 .debug_abbrev  0x00002ee2      0x337 build/stm32g0xx_hal_uart_ex.o
 .debug_abbrev  0x00003219      0x145 build/system_stm32g0xx.o
 .debug_abbrev  0x0000335e      0x2ab build/stm32g0xx_hal_tim.o
 .debug_abbrev  0x00003609       0x12 build/startup_stm32g070xx.o

.debug_loc      0x00000000    0x15372
 .debug_loc     0x00000000     0x1948 build/main.o
 .debug_loc     0x00001948      0x3cc build/espressifAT.o
 .debug_loc     0x00001d14      0x51b build/simcomAT.o
 .debug_loc     0x0000222f      0x592 build/eeprom.o
 .debug_loc     0x000027c1      0x210 build/relay.o
 .debug_loc     0x000029d1      0x28b build/modbusRTU.o
 .debug_loc     0x00002c5c      0x1f7 build/datatype.o
 .debug_loc     0x00002e53      0x140 build/stm32g0xx_it.o
 .debug_loc     0x00002f93      0x2b2 build/stm32g0xx_hal_msp.o
 .debug_loc     0x00003245     0x2e69 build/stm32g0xx_hal_tim_ex.o
 .debug_loc     0x000060ae      0x82f build/stm32g0xx_hal_rcc.o
 .debug_loc     0x000068dd      0x861 build/stm32g0xx_hal_rcc_ex.o
 .debug_loc     0x0000713e      0x5e0 build/stm32g0xx_hal_flash.o
 .debug_loc     0x0000771e      0x52b build/stm32g0xx_hal_flash_ex.o
 .debug_loc     0x00007c49      0x433 build/stm32g0xx_hal_gpio.o
 .debug_loc     0x0000807c      0xaaa build/stm32g0xx_hal_dma.o
 .debug_loc     0x00008b26      0x320 build/stm32g0xx_hal_pwr_ex.o
 .debug_loc     0x00008e46      0x498 build/stm32g0xx_hal_cortex.o
 .debug_loc     0x000092de      0x25d build/stm32g0xx_hal.o
 .debug_loc     0x0000953b     0x4c36 build/stm32g0xx_hal_uart.o
 .debug_loc     0x0000e171      0xe33 build/stm32g0xx_hal_uart_ex.o
 .debug_loc     0x0000efa4       0xc9 build/system_stm32g0xx.o
 .debug_loc     0x0000f06d     0x6305 build/stm32g0xx_hal_tim.o

.debug_aranges  0x00000000     0x1158
 .debug_aranges
                0x00000000      0x100 build/main.o
 .debug_aranges
                0x00000100       0x88 build/espressifAT.o
 .debug_aranges
                0x00000188       0x88 build/simcomAT.o
 .debug_aranges
                0x00000210       0x50 build/eeprom.o
 .debug_aranges
                0x00000260       0x20 build/relay.o
 .debug_aranges
                0x00000280       0x28 build/modbusRTU.o
 .debug_aranges
                0x000002a8       0x30 build/datatype.o
 .debug_aranges
                0x000002d8       0x90 build/stm32g0xx_it.o
 .debug_aranges
                0x00000368       0x40 build/stm32g0xx_hal_msp.o
 .debug_aranges
                0x000003a8      0x198 build/stm32g0xx_hal_tim_ex.o
 .debug_aranges
                0x00000540       0x98 build/stm32g0xx_hal_rcc.o
 .debug_aranges
                0x000005d8       0x40 build/stm32g0xx_hal_rcc_ex.o
 .debug_aranges
                0x00000618       0x88 build/stm32g0xx_hal_flash.o
 .debug_aranges
                0x000006a0       0x88 build/stm32g0xx_hal_flash_ex.o
 .debug_aranges
                0x00000728       0x60 build/stm32g0xx_hal_gpio.o
 .debug_aranges
                0x00000788       0x90 build/stm32g0xx_hal_dma.o
 .debug_aranges
                0x00000818       0x98 build/stm32g0xx_hal_pwr_ex.o
 .debug_aranges
                0x000008b0       0x90 build/stm32g0xx_hal_cortex.o
 .debug_aranges
                0x00000940       0xf8 build/stm32g0xx_hal.o
 .debug_aranges
                0x00000a38      0x248 build/stm32g0xx_hal_uart.o
 .debug_aranges
                0x00000c80       0xa8 build/stm32g0xx_hal_uart_ex.o
 .debug_aranges
                0x00000d28       0x28 build/system_stm32g0xx.o
 .debug_aranges
                0x00000d50      0x3e0 build/stm32g0xx_hal_tim.o
 .debug_aranges
                0x00001130       0x28 build/startup_stm32g070xx.o

.debug_ranges   0x00000000     0x1350
 .debug_ranges  0x00000000      0x2f0 build/main.o
 .debug_ranges  0x000002f0       0x78 build/espressifAT.o
 .debug_ranges  0x00000368       0xf0 build/simcomAT.o
 .debug_ranges  0x00000458       0x40 build/eeprom.o
 .debug_ranges  0x00000498       0x10 build/relay.o
 .debug_ranges  0x000004a8       0x60 build/modbusRTU.o
 .debug_ranges  0x00000508       0x20 build/datatype.o
 .debug_ranges  0x00000528       0x80 build/stm32g0xx_it.o
 .debug_ranges  0x000005a8       0x30 build/stm32g0xx_hal_msp.o
 .debug_ranges  0x000005d8      0x188 build/stm32g0xx_hal_tim_ex.o
 .debug_ranges  0x00000760       0xa8 build/stm32g0xx_hal_rcc.o
 .debug_ranges  0x00000808       0x48 build/stm32g0xx_hal_rcc_ex.o
 .debug_ranges  0x00000850       0x90 build/stm32g0xx_hal_flash.o
 .debug_ranges  0x000008e0       0x78 build/stm32g0xx_hal_flash_ex.o
 .debug_ranges  0x00000958       0x50 build/stm32g0xx_hal_gpio.o
 .debug_ranges  0x000009a8       0x80 build/stm32g0xx_hal_dma.o
 .debug_ranges  0x00000a28       0x88 build/stm32g0xx_hal_pwr_ex.o
 .debug_ranges  0x00000ab0       0xe0 build/stm32g0xx_hal_cortex.o
 .debug_ranges  0x00000b90       0xe8 build/stm32g0xx_hal.o
 .debug_ranges  0x00000c78      0x238 build/stm32g0xx_hal_uart.o
 .debug_ranges  0x00000eb0       0x98 build/stm32g0xx_hal_uart_ex.o
 .debug_ranges  0x00000f48       0x18 build/system_stm32g0xx.o
 .debug_ranges  0x00000f60      0x3d0 build/stm32g0xx_hal_tim.o
 .debug_ranges  0x00001330       0x20 build/startup_stm32g070xx.o

.debug_line     0x00000000    0x15eb1
 .debug_line    0x00000000     0x2d30 build/main.o
 .debug_line    0x00002d30      0x510 build/espressifAT.o
 .debug_line    0x00003240      0x752 build/simcomAT.o
 .debug_line    0x00003992      0x4e7 build/eeprom.o
 .debug_line    0x00003e79      0x201 build/relay.o
 .debug_line    0x0000407a      0x30a build/modbusRTU.o
 .debug_line    0x00004384      0x40b build/datatype.o
 .debug_line    0x0000478f      0x37e build/stm32g0xx_it.o
 .debug_line    0x00004b0d      0x4ea build/stm32g0xx_hal_msp.o
 .debug_line    0x00004ff7     0x1f9e build/stm32g0xx_hal_tim_ex.o
 .debug_line    0x00006f95      0xd7c build/stm32g0xx_hal_rcc.o
 .debug_line    0x00007d11      0x7ed build/stm32g0xx_hal_rcc_ex.o
 .debug_line    0x000084fe      0x710 build/stm32g0xx_hal_flash.o
 .debug_line    0x00008c0e      0x672 build/stm32g0xx_hal_flash_ex.o
 .debug_line    0x00009280      0x6b4 build/stm32g0xx_hal_gpio.o
 .debug_line    0x00009934      0xb20 build/stm32g0xx_hal_dma.o
 .debug_line    0x0000a454      0x571 build/stm32g0xx_hal_pwr_ex.o
 .debug_line    0x0000a9c5      0x688 build/stm32g0xx_hal_cortex.o
 .debug_line    0x0000b04d      0x5d0 build/stm32g0xx_hal.o
 .debug_line    0x0000b61d     0x47e6 build/stm32g0xx_hal_uart.o
 .debug_line    0x0000fe03      0xca4 build/stm32g0xx_hal_uart_ex.o
 .debug_line    0x00010aa7      0x2bf build/system_stm32g0xx.o
 .debug_line    0x00010d66     0x50d4 build/stm32g0xx_hal_tim.o
 .debug_line    0x00015e3a       0x77 build/startup_stm32g070xx.o

.debug_str      0x00000000     0x5722
 .debug_str     0x00000000     0x1ce0 build/main.o
                               0x1e25 (size before relaxing)
 .debug_str     0x00001ce0       0xbe build/espressifAT.o
                                0x9c2 (size before relaxing)
 .debug_str     0x00001d9e       0x7d build/simcomAT.o
                                0x9f9 (size before relaxing)
 .debug_str     0x00001e1b      0x11d build/eeprom.o
                                0x426 (size before relaxing)
 .debug_str     0x00001f38       0x41 build/relay.o
                                0x294 (size before relaxing)
 .debug_str     0x00001f79       0x2f build/modbusRTU.o
                                0x23d (size before relaxing)
 .debug_str     0x00001fa8       0x14 build/datatype.o
                                0x225 (size before relaxing)
 .debug_str     0x00001fbc      0x14e build/stm32g0xx_it.o
                                0xba9 (size before relaxing)
 .debug_str     0x0000210a      0x35d build/stm32g0xx_hal_msp.o
                                0xf05 (size before relaxing)
 .debug_str     0x00002467      0x87c build/stm32g0xx_hal_tim_ex.o
                               0x1164 (size before relaxing)
 .debug_str     0x00002ce3      0x2a9 build/stm32g0xx_hal_rcc.o
                                0x78a (size before relaxing)
 .debug_str     0x00002f8c      0x113 build/stm32g0xx_hal_rcc_ex.o
                                0x5f6 (size before relaxing)
 .debug_str     0x0000309f      0x1bb build/stm32g0xx_hal_flash.o
                                0x512 (size before relaxing)
 .debug_str     0x0000325a      0x211 build/stm32g0xx_hal_flash_ex.o
                                0x53b (size before relaxing)
 .debug_str     0x0000346b      0x103 build/stm32g0xx_hal_gpio.o
                                0x429 (size before relaxing)
 .debug_str     0x0000356e      0x295 build/stm32g0xx_hal_dma.o
                                0x7ae (size before relaxing)
 .debug_str     0x00003803      0x253 build/stm32g0xx_hal_pwr_ex.o
                                0x514 (size before relaxing)
 .debug_str     0x00003a56      0x328 build/stm32g0xx_hal_cortex.o
                                0x74d (size before relaxing)
 .debug_str     0x00003d7e      0x2dd build/stm32g0xx_hal.o
                                0x86e (size before relaxing)
 .debug_str     0x0000405b      0x7eb build/stm32g0xx_hal_uart.o
                               0x1176 (size before relaxing)
 .debug_str     0x00004846      0x253 build/stm32g0xx_hal_uart_ex.o
                                0xb70 (size before relaxing)
 .debug_str     0x00004a99       0x38 build/system_stm32g0xx.o
                                0x334 (size before relaxing)
 .debug_str     0x00004ad1      0xc2d build/stm32g0xx_hal_tim.o
                               0x17e3 (size before relaxing)
 .debug_str     0x000056fe       0x24 build/startup_stm32g070xx.o
                                 0x85 (size before relaxing)

.comment        0x00000000       0x49
 .comment       0x00000000       0x49 build/main.o
                                 0x4a (size before relaxing)
 .comment       0x00000049       0x4a build/espressifAT.o
 .comment       0x00000049       0x4a build/simcomAT.o
 .comment       0x00000049       0x4a build/eeprom.o
 .comment       0x00000049       0x4a build/relay.o
 .comment       0x00000049       0x4a build/modbusRTU.o
 .comment       0x00000049       0x4a build/datatype.o
 .comment       0x00000049       0x4a build/stm32g0xx_it.o
 .comment       0x00000049       0x4a build/stm32g0xx_hal_msp.o
 .comment       0x00000049       0x4a build/stm32g0xx_hal_tim_ex.o
 .comment       0x00000049       0x4a build/stm32g0xx_hal_rcc.o
 .comment       0x00000049       0x4a build/stm32g0xx_hal_rcc_ex.o
 .comment       0x00000049       0x4a build/stm32g0xx_hal_flash.o
 .comment       0x00000049       0x4a build/stm32g0xx_hal_flash_ex.o
 .comment       0x00000049       0x4a build/stm32g0xx_hal_gpio.o
 .comment       0x00000049       0x4a build/stm32g0xx_hal_dma.o
 .comment       0x00000049       0x4a build/stm32g0xx_hal_pwr_ex.o
 .comment       0x00000049       0x4a build/stm32g0xx_hal_cortex.o
 .comment       0x00000049       0x4a build/stm32g0xx_hal.o
 .comment       0x00000049       0x4a build/stm32g0xx_hal_uart.o
 .comment       0x00000049       0x4a build/stm32g0xx_hal_uart_ex.o
 .comment       0x00000049       0x4a build/system_stm32g0xx.o
 .comment       0x00000049       0x4a build/stm32g0xx_hal_tim.o

.debug_frame    0x00000000     0x33a4
 .debug_frame   0x00000000      0x35c build/main.o
 .debug_frame   0x0000035c      0x1a0 build/espressifAT.o
 .debug_frame   0x000004fc      0x1ac build/simcomAT.o
 .debug_frame   0x000006a8       0xe4 build/eeprom.o
 .debug_frame   0x0000078c       0x28 build/relay.o
 .debug_frame   0x000007b4       0x4c build/modbusRTU.o
 .debug_frame   0x00000800       0x6c build/datatype.o
 .debug_frame   0x0000086c      0x150 build/stm32g0xx_it.o
 .debug_frame   0x000009bc       0x8c build/stm32g0xx_hal_msp.o
 .debug_frame   0x00000a48      0x4c0 build/stm32g0xx_hal_tim_ex.o
 .debug_frame   0x00000f08      0x16c build/stm32g0xx_hal_rcc.o
 .debug_frame   0x00001074       0x90 build/stm32g0xx_hal_rcc_ex.o
 .debug_frame   0x00001104      0x138 build/stm32g0xx_hal_flash.o
 .debug_frame   0x0000123c      0x12c build/stm32g0xx_hal_flash_ex.o
 .debug_frame   0x00001368       0xd0 build/stm32g0xx_hal_gpio.o
 .debug_frame   0x00001438      0x188 build/stm32g0xx_hal_dma.o
 .debug_frame   0x000015c0      0x120 build/stm32g0xx_hal_pwr_ex.o
 .debug_frame   0x000016e0      0x114 build/stm32g0xx_hal_cortex.o
 .debug_frame   0x000017f4      0x1fc build/stm32g0xx_hal.o
 .debug_frame   0x000019f0      0x6e0 build/stm32g0xx_hal_uart.o
 .debug_frame   0x000020d0      0x1e0 build/stm32g0xx_hal_uart_ex.o
 .debug_frame   0x000022b0       0x38 build/system_stm32g0xx.o
 .debug_frame   0x000022e8      0xb18 build/stm32g0xx_hal_tim.o
 .debug_frame   0x00002e00       0x40 c:/program files (x86)/gnu arm embedded toolchain/10 2021.10/bin/../lib/gcc/arm-none-eabi/10.3.1/../../../../arm-none-eabi/lib/thumb/v6-m/nofp\libc_nano.a(lib_a-atoi.o)
 .debug_frame   0x00002e40       0x2c c:/program files (x86)/gnu arm embedded toolchain/10 2021.10/bin/../lib/gcc/arm-none-eabi/10.3.1/../../../../arm-none-eabi/lib/thumb/v6-m/nofp\libc_nano.a(lib_a-init.o)
 .debug_frame   0x00002e6c       0x28 c:/program files (x86)/gnu arm embedded toolchain/10 2021.10/bin/../lib/gcc/arm-none-eabi/10.3.1/../../../../arm-none-eabi/lib/thumb/v6-m/nofp\libc_nano.a(lib_a-memcpy-stub.o)
 .debug_frame   0x00002e94       0x20 c:/program files (x86)/gnu arm embedded toolchain/10 2021.10/bin/../lib/gcc/arm-none-eabi/10.3.1/../../../../arm-none-eabi/lib/thumb/v6-m/nofp\libc_nano.a(lib_a-memset.o)
 .debug_frame   0x00002eb4       0x48 c:/program files (x86)/gnu arm embedded toolchain/10 2021.10/bin/../lib/gcc/arm-none-eabi/10.3.1/../../../../arm-none-eabi/lib/thumb/v6-m/nofp\libc_nano.a(lib_a-sprintf.o)
 .debug_frame   0x00002efc       0x20 c:/program files (x86)/gnu arm embedded toolchain/10 2021.10/bin/../lib/gcc/arm-none-eabi/10.3.1/../../../../arm-none-eabi/lib/thumb/v6-m/nofp\libc_nano.a(lib_a-strchr.o)
 .debug_frame   0x00002f1c       0x20 c:/program files (x86)/gnu arm embedded toolchain/10 2021.10/bin/../lib/gcc/arm-none-eabi/10.3.1/../../../../arm-none-eabi/lib/thumb/v6-m/nofp\libc_nano.a(lib_a-strcpy.o)
 .debug_frame   0x00002f3c       0x2c c:/program files (x86)/gnu arm embedded toolchain/10 2021.10/bin/../lib/gcc/arm-none-eabi/10.3.1/../../../../arm-none-eabi/lib/thumb/v6-m/nofp\libc_nano.a(lib_a-strstr.o)
 .debug_frame   0x00002f68       0x78 c:/program files (x86)/gnu arm embedded toolchain/10 2021.10/bin/../lib/gcc/arm-none-eabi/10.3.1/../../../../arm-none-eabi/lib/thumb/v6-m/nofp\libc_nano.a(lib_a-strtol.o)
 .debug_frame   0x00002fe0       0x20 c:/program files (x86)/gnu arm embedded toolchain/10 2021.10/bin/../lib/gcc/arm-none-eabi/10.3.1/../../../../arm-none-eabi/lib/thumb/v6-m/nofp\libc_nano.a(lib_a-errno.o)
 .debug_frame   0x00003000       0x74 c:/program files (x86)/gnu arm embedded toolchain/10 2021.10/bin/../lib/gcc/arm-none-eabi/10.3.1/../../../../arm-none-eabi/lib/thumb/v6-m/nofp\libc_nano.a(lib_a-nano-svfprintf.o)
 .debug_frame   0x00003074       0x54 c:/program files (x86)/gnu arm embedded toolchain/10 2021.10/bin/../lib/gcc/arm-none-eabi/10.3.1/../../../../arm-none-eabi/lib/thumb/v6-m/nofp\libc_nano.a(lib_a-nano-vfprintf_i.o)
 .debug_frame   0x000030c8       0x20 c:/program files (x86)/gnu arm embedded toolchain/10 2021.10/bin/../lib/gcc/arm-none-eabi/10.3.1/../../../../arm-none-eabi/lib/thumb/v6-m/nofp\libc_nano.a(lib_a-memchr-stub.o)
 .debug_frame   0x000030e8       0x28 c:/program files (x86)/gnu arm embedded toolchain/10 2021.10/bin/../lib/gcc/arm-none-eabi/10.3.1/../../../../arm-none-eabi/lib/thumb/v6-m/nofp\libc_nano.a(lib_a-memmove.o)
 .debug_frame   0x00003110       0x2c c:/program files (x86)/gnu arm embedded toolchain/10 2021.10/bin/../lib/gcc/arm-none-eabi/10.3.1/../../../../arm-none-eabi/lib/thumb/v6-m/nofp\libc_nano.a(lib_a-nano-freer.o)
 .debug_frame   0x0000313c       0x50 c:/program files (x86)/gnu arm embedded toolchain/10 2021.10/bin/../lib/gcc/arm-none-eabi/10.3.1/../../../../arm-none-eabi/lib/thumb/v6-m/nofp\libc_nano.a(lib_a-nano-mallocr.o)
 .debug_frame   0x0000318c       0x34 c:/program files (x86)/gnu arm embedded toolchain/10 2021.10/bin/../lib/gcc/arm-none-eabi/10.3.1/../../../../arm-none-eabi/lib/thumb/v6-m/nofp\libc_nano.a(lib_a-nano-reallocr.o)
 .debug_frame   0x000031c0       0x2c c:/program files (x86)/gnu arm embedded toolchain/10 2021.10/bin/../lib/gcc/arm-none-eabi/10.3.1/../../../../arm-none-eabi/lib/thumb/v6-m/nofp\libc_nano.a(lib_a-sbrkr.o)
 .debug_frame   0x000031ec       0x40 c:/program files (x86)/gnu arm embedded toolchain/10 2021.10/bin/../lib/gcc/arm-none-eabi/10.3.1/../../../../arm-none-eabi/lib/thumb/v6-m/nofp\libc_nano.a(lib_a-mlock.o)
 .debug_frame   0x0000322c       0x20 c:/program files (x86)/gnu arm embedded toolchain/10 2021.10/bin/../lib/gcc/arm-none-eabi/10.3.1/../../../../arm-none-eabi/lib/thumb/v6-m/nofp\libc_nano.a(lib_a-nano-msizer.o)
 .debug_frame   0x0000324c       0x48 c:/program files (x86)/gnu arm embedded toolchain/10 2021.10/bin/../lib/gcc/arm-none-eabi/10.3.1/../../../../arm-none-eabi/lib/thumb/v6-m/nofp\libc_nano.a(lib_a-reent.o)
 .debug_frame   0x00003294       0xb0 c:/program files (x86)/gnu arm embedded toolchain/10 2021.10/bin/../lib/gcc/arm-none-eabi/10.3.1/../../../../arm-none-eabi/lib/thumb/v6-m/nofp\libc_nano.a(lib_a-lock.o)
 .debug_frame   0x00003344       0x20 c:/program files (x86)/gnu arm embedded toolchain/10 2021.10/bin/../lib/gcc/arm-none-eabi/10.3.1/../../../../arm-none-eabi/lib/thumb/v6-m/nofp\libnosys.a(sbrk.o)
 .debug_frame   0x00003364       0x20 c:/program files (x86)/gnu arm embedded toolchain/10 2021.10/bin/../lib/gcc/arm-none-eabi/10.3.1/thumb/v6-m/nofp\libgcc.a(_udivsi3.o)
 .debug_frame   0x00003384       0x20 c:/program files (x86)/gnu arm embedded toolchain/10 2021.10/bin/../lib/gcc/arm-none-eabi/10.3.1/thumb/v6-m/nofp\libgcc.a(_divsi3.o)

Cross Reference Table

Symbol                                            File
ADC1_IRQHandler                                   build/startup_stm32g070xx.o
AHBPrescTable                                     build/system_stm32g0xx.o
                                                  build/stm32g0xx_hal_rcc.o
APBPrescTable                                     build/system_stm32g0xx.o
                                                  build/stm32g0xx_hal_rcc.o
Baudrate_Default                                  build/main.o
Broker_Connect_Init                               build/main.o
Broker_Publish_Topic                              build/main.o
Broker_Subscribe_Topic                            build/main.o
CheckInput                                        build/main.o
Checking_Wireless_Response                        build/main.o
Configuration_Commands_Handle                     build/main.o
DATA_DISPLAY                                      build/main.o
DMA1_Ch4_7_DMAMUX1_OVR_IRQHandler                 build/startup_stm32g070xx.o
DMA1_Channel1_IRQHandler                          build/startup_stm32g070xx.o
DMA1_Channel2_3_IRQHandler                        build/startup_stm32g070xx.o
Default_Handler                                   build/startup_stm32g070xx.o
EXTI0_1_IRQHandler                                build/startup_stm32g070xx.o
EXTI2_3_IRQHandler                                build/startup_stm32g070xx.o
EXTI4_15_IRQHandler                               build/startup_stm32g070xx.o
Eeprom_Buf                                        build/main.o
Eeprom_ClearPage                                  build/eeprom.o
                                                  build/main.o
Eeprom_Host                                       build/main.o
Eeprom_Password                                   build/main.o
Eeprom_ReadModbus_Rtu                             build/eeprom.o
                                                  build/main.o
Eeprom_ReadStr_Hexadecimal                        build/eeprom.o
                                                  build/main.o
Eeprom_Read_Data                                  build/eeprom.o
                                                  build/main.o
Eeprom_TopicPub                                   build/main.o
Eeprom_TopicSub                                   build/main.o
Eeprom_Username                                   build/main.o
Eeprom_WriteModbus_Rtu                            build/eeprom.o
                                                  build/main.o
Eeprom_WriteStr_Hexadecimal                       build/eeprom.o
                                                  build/main.o
Eeprom_Write_Data                                 build/eeprom.o
                                                  build/main.o
Error_Handler                                     build/main.o
                                                  build/stm32g0xx_hal_msp.o
Esp32_Check_Info_WiFi                             build/espressifAT.o
                                                  build/main.o
Esp32_Echo                                        build/espressifAT.o
                                                  build/main.o
Esp32_Mqtt_Connect_Broker                         build/espressifAT.o
                                                  build/main.o
Esp32_Mqtt_Disconnect_Broker                      build/espressifAT.o
                                                  build/main.o
Esp32_Mqtt_Publish                                build/espressifAT.o
                                                  build/main.o
Esp32_Mqtt_Subscribe                              build/espressifAT.o
                                                  build/main.o
Esp32_Mqtt_UserConfig                             build/espressifAT.o
                                                  build/main.o
Esp32_Response                                    build/espressifAT.o
                                                  build/main.o
Esp32_Restart                                     build/espressifAT.o
                                                  build/main.o
Esp32_Setup_Default                               build/espressifAT.o
                                                  build/main.o
Esp32_Start_SmartConfig                           build/espressifAT.o
                                                  build/main.o
Esp32_Stop_SmartConfig                            build/espressifAT.o
                                                  build/main.o
Esp32_WiFiMode                                    build/espressifAT.o
                                                  build/main.o
Esp32_WiFi_Init                                   build/main.o
FLASH_FlushCaches                                 build/stm32g0xx_hal_flash_ex.o
FLASH_IRQHandler                                  build/stm32g0xx_it.o
FLASH_PageErase                                   build/stm32g0xx_hal_flash_ex.o
                                                  build/stm32g0xx_hal_flash.o
                                                  build/eeprom.o
FLASH_WaitForLastOperation                        build/stm32g0xx_hal_flash.o
                                                  build/stm32g0xx_hal_flash_ex.o
                                                  build/eeprom.o
Filter_Buf                                        build/main.o
HAL_DBGMCU_DisableDBGStandbyMode                  build/stm32g0xx_hal.o
HAL_DBGMCU_DisableDBGStopMode                     build/stm32g0xx_hal.o
HAL_DBGMCU_EnableDBGStandbyMode                   build/stm32g0xx_hal.o
HAL_DBGMCU_EnableDBGStopMode                      build/stm32g0xx_hal.o
HAL_DMAEx_ConfigMuxRequestGenerator               build/stm32g0xx_hal_dma_ex.o
HAL_DMAEx_ConfigMuxSync                           build/stm32g0xx_hal_dma_ex.o
HAL_DMAEx_DisableMuxRequestGenerator              build/stm32g0xx_hal_dma_ex.o
HAL_DMAEx_EnableMuxRequestGenerator               build/stm32g0xx_hal_dma_ex.o
HAL_DMAEx_MUX_IRQHandler                          build/stm32g0xx_hal_dma_ex.o
HAL_DMA_Abort                                     build/stm32g0xx_hal_dma.o
                                                  build/stm32g0xx_hal_uart.o
HAL_DMA_Abort_IT                                  build/stm32g0xx_hal_dma.o
                                                  build/stm32g0xx_hal_tim.o
                                                  build/stm32g0xx_hal_uart.o
                                                  build/stm32g0xx_hal_tim_ex.o
HAL_DMA_DeInit                                    build/stm32g0xx_hal_dma.o
HAL_DMA_GetError                                  build/stm32g0xx_hal_dma.o
                                                  build/stm32g0xx_hal_uart.o
HAL_DMA_GetState                                  build/stm32g0xx_hal_dma.o
HAL_DMA_IRQHandler                                build/stm32g0xx_hal_dma.o
HAL_DMA_Init                                      build/stm32g0xx_hal_dma.o
HAL_DMA_PollForTransfer                           build/stm32g0xx_hal_dma.o
HAL_DMA_RegisterCallback                          build/stm32g0xx_hal_dma.o
HAL_DMA_Start                                     build/stm32g0xx_hal_dma.o
HAL_DMA_Start_IT                                  build/stm32g0xx_hal_dma.o
                                                  build/stm32g0xx_hal_tim.o
                                                  build/stm32g0xx_hal_uart.o
                                                  build/stm32g0xx_hal_tim_ex.o
HAL_DMA_UnRegisterCallback                        build/stm32g0xx_hal_dma.o
HAL_DeInit                                        build/stm32g0xx_hal.o
HAL_Delay                                         build/stm32g0xx_hal.o
                                                  build/modbusRTU.o
                                                  build/eeprom.o
                                                  build/simcomAT.o
                                                  build/espressifAT.o
                                                  build/main.o
HAL_EXTI_ClearConfigLine                          build/stm32g0xx_hal_exti.o
HAL_EXTI_ClearPending                             build/stm32g0xx_hal_exti.o
HAL_EXTI_GenerateSWI                              build/stm32g0xx_hal_exti.o
HAL_EXTI_GetConfigLine                            build/stm32g0xx_hal_exti.o
HAL_EXTI_GetHandle                                build/stm32g0xx_hal_exti.o
HAL_EXTI_GetPending                               build/stm32g0xx_hal_exti.o
HAL_EXTI_IRQHandler                               build/stm32g0xx_hal_exti.o
HAL_EXTI_RegisterCallback                         build/stm32g0xx_hal_exti.o
HAL_EXTI_SetConfigLine                            build/stm32g0xx_hal_exti.o
HAL_FLASHEx_Erase                                 build/stm32g0xx_hal_flash_ex.o
HAL_FLASHEx_Erase_IT                              build/stm32g0xx_hal_flash_ex.o
HAL_FLASHEx_FlashEmptyCheck                       build/stm32g0xx_hal_flash_ex.o
HAL_FLASHEx_ForceFlashEmpty                       build/stm32g0xx_hal_flash_ex.o
HAL_FLASHEx_OBGetConfig                           build/stm32g0xx_hal_flash_ex.o
HAL_FLASHEx_OBProgram                             build/stm32g0xx_hal_flash_ex.o
HAL_FLASH_EndOfOperationCallback                  build/stm32g0xx_hal_flash.o
HAL_FLASH_GetError                                build/stm32g0xx_hal_flash.o
HAL_FLASH_IRQHandler                              build/stm32g0xx_hal_flash.o
                                                  build/stm32g0xx_it.o
HAL_FLASH_Lock                                    build/stm32g0xx_hal_flash.o
                                                  build/eeprom.o
HAL_FLASH_OB_Launch                               build/stm32g0xx_hal_flash.o
HAL_FLASH_OB_Lock                                 build/stm32g0xx_hal_flash.o
HAL_FLASH_OB_Unlock                               build/stm32g0xx_hal_flash.o
HAL_FLASH_OperationErrorCallback                  build/stm32g0xx_hal_flash.o
HAL_FLASH_Program                                 build/stm32g0xx_hal_flash.o
                                                  build/eeprom.o
HAL_FLASH_Program_IT                              build/stm32g0xx_hal_flash.o
HAL_FLASH_Unlock                                  build/stm32g0xx_hal_flash.o
                                                  build/eeprom.o
HAL_GPIO_DeInit                                   build/stm32g0xx_hal_gpio.o
                                                  build/stm32g0xx_hal_msp.o