Archive member included to satisfy reference by file (symbol)

c:/program files (x86)/gnu arm embedded toolchain/10 2021.10/bin/../lib/gcc/arm-none-eabi/10.3.1/../../../../arm-none-eabi/lib/thumb/v6-m/nofp\libc_nano.a(lib_a-atoi.o)
                              build/main.o (atoi)
c:/program files (x86)/gnu arm embedded toolchain/10 2021.10/bin/../lib/gcc/arm-none-eabi/10.3.1/../../../../arm-none-eabi/lib/thumb/v6-m/nofp\libc_nano.a(lib_a-exit.o)
                              c:/program files (x86)/gnu arm embedded toolchain/10 2021.10/bin/../lib/gcc/arm-none-eabi/10.3.1/../../../../arm-none-eabi/lib/thumb/v6-m/nofp/crt0.o (exit)
c:/program files (x86)/gnu arm embedded toolchain/10 2021.10/bin/../lib/gcc/arm-none-eabi/10.3.1/../../../../arm-none-eabi/lib/thumb/v6-m/nofp\libc_nano.a(lib_a-impure.o)
                              c:/program files (x86)/gnu arm embedded toolchain/10 2021.10/bin/../lib/gcc/arm-none-eabi/10.3.1/../../../../arm-none-eabi/lib/thumb/v6-m/nofp\libc_nano.a(lib_a-exit.o) (_global_impure_ptr)
c:/program files (x86)/gnu arm embedded toolchain/10 2021.10/bin/../lib/gcc/arm-none-eabi/10.3.1/../../../../arm-none-eabi/lib/thumb/v6-m/nofp\libc_nano.a(lib_a-init.o)
                              c:/program files (x86)/gnu arm embedded toolchain/10 2021.10/bin/../lib/gcc/arm-none-eabi/10.3.1/../../../../arm-none-eabi/lib/thumb/v6-m/nofp/crt0.o (__libc_init_array)
c:/program files (x86)/gnu arm embedded toolchain/10 2021.10/bin/../lib/gcc/arm-none-eabi/10.3.1/../../../../arm-none-eabi/lib/thumb/v6-m/nofp\libc_nano.a(lib_a-memcpy-stub.o)
                              build/main.o (memcpy)
c:/program files (x86)/gnu arm embedded toolchain/10 2021.10/bin/../lib/gcc/arm-none-eabi/10.3.1/../../../../arm-none-eabi/lib/thumb/v6-m/nofp\libc_nano.a(lib_a-memset.o)
                              c:/program files (x86)/gnu arm embedded toolchain/10 2021.10/bin/../lib/gcc/arm-none-eabi/10.3.1/../../../../arm-none-eabi/lib/thumb/v6-m/nofp/crt0.o (memset)
c:/program files (x86)/gnu arm embedded toolchain/10 2021.10/bin/../lib/gcc/arm-none-eabi/10.3.1/../../../../arm-none-eabi/lib/thumb/v6-m/nofp\libc_nano.a(lib_a-putc.o)
                              build/datatype.o (putc)
c:/program files (x86)/gnu arm embedded toolchain/10 2021.10/bin/../lib/gcc/arm-none-eabi/10.3.1/../../../../arm-none-eabi/lib/thumb/v6-m/nofp\libc_nano.a(lib_a-sprintf.o)
                              build/main.o (sprintf)
c:/program files (x86)/gnu arm embedded toolchain/10 2021.10/bin/../lib/gcc/arm-none-eabi/10.3.1/../../../../arm-none-eabi/lib/thumb/v6-m/nofp\libc_nano.a(lib_a-strchr.o)
                              build/espressifAT.o (strchr)
c:/program files (x86)/gnu arm embedded toolchain/10 2021.10/bin/../lib/gcc/arm-none-eabi/10.3.1/../../../../arm-none-eabi/lib/thumb/v6-m/nofp\libc_nano.a(lib_a-strcpy.o)
                              build/eeprom.o (strcpy)
c:/program files (x86)/gnu arm embedded toolchain/10 2021.10/bin/../lib/gcc/arm-none-eabi/10.3.1/../../../../arm-none-eabi/lib/thumb/v6-m/nofp\libc_nano.a(lib_a-strlen.o)
                              build/main.o (strlen)
c:/program files (x86)/gnu arm embedded toolchain/10 2021.10/bin/../lib/gcc/arm-none-eabi/10.3.1/../../../../arm-none-eabi/lib/thumb/v6-m/nofp\libc_nano.a(lib_a-strstr.o)
                              build/main.o (strstr)
c:/program files (x86)/gnu arm embedded toolchain/10 2021.10/bin/../lib/gcc/arm-none-eabi/10.3.1/../../../../arm-none-eabi/lib/thumb/v6-m/nofp\libc_nano.a(lib_a-strtol.o)
                              c:/program files (x86)/gnu arm embedded toolchain/10 2021.10/bin/../lib/gcc/arm-none-eabi/10.3.1/../../../../arm-none-eabi/lib/thumb/v6-m/nofp\libc_nano.a(lib_a-atoi.o) (_strtol_r)
c:/program files (x86)/gnu arm embedded toolchain/10 2021.10/bin/../lib/gcc/arm-none-eabi/10.3.1/../../../../arm-none-eabi/lib/thumb/v6-m/nofp\libc_nano.a(lib_a-wbuf.o)
                              c:/program files (x86)/gnu arm embedded toolchain/10 2021.10/bin/../lib/gcc/arm-none-eabi/10.3.1/../../../../arm-none-eabi/lib/thumb/v6-m/nofp\libc_nano.a(lib_a-putc.o) (__swbuf_r)
c:/program files (x86)/gnu arm embedded toolchain/10 2021.10/bin/../lib/gcc/arm-none-eabi/10.3.1/../../../../arm-none-eabi/lib/thumb/v6-m/nofp\libc_nano.a(lib_a-wsetup.o)
                              c:/program files (x86)/gnu arm embedded toolchain/10 2021.10/bin/../lib/gcc/arm-none-eabi/10.3.1/../../../../arm-none-eabi/lib/thumb/v6-m/nofp\libc_nano.a(lib_a-wbuf.o) (__swsetup_r)
c:/program files (x86)/gnu arm embedded toolchain/10 2021.10/bin/../lib/gcc/arm-none-eabi/10.3.1/../../../../arm-none-eabi/lib/thumb/v6-m/nofp\libc_nano.a(lib_a-ctype_.o)
                              c:/program files (x86)/gnu arm embedded toolchain/10 2021.10/bin/../lib/gcc/arm-none-eabi/10.3.1/../../../../arm-none-eabi/lib/thumb/v6-m/nofp\libc_nano.a(lib_a-strtol.o) (_ctype_)
[...]
Memory Configuration

Name             Origin             Length             Attributes
RAM              0x20000000         0x00009000         xrw
FLASH            0x08000000         0x00020000         xr
*default*        0x00000000         0xffffffff

Linker script and memory map

LOAD c:/program files (x86)/gnu arm embedded toolchain/10 2021.10/bin/../lib/gcc/arm-none-eabi/10.3.1/thumb/v6-m/nofp/crti.o
LOAD c:/program files (x86)/gnu arm embedded toolchain/10 2021.10/bin/../lib/gcc/arm-none-eabi/10.3.1/thumb/v6-m/nofp/crtbegin.o
LOAD c:/program files (x86)/gnu arm embedded toolchain/10 2021.10/bin/../lib/gcc/arm-none-eabi/10.3.1/../../../../arm-none-eabi/lib/thumb/v6-m/nofp/crt0.o
LOAD build/main.o
LOAD build/espressifAT.o
LOAD build/simcomAT.o
LOAD build/eeprom.o
LOAD build/relay.o
LOAD build/modbusRTU.o
LOAD build/datatype.o
LOAD build/stm32g0xx_it.o
LOAD build/stm32g0xx_hal_msp.o
LOAD build/stm32g0xx_hal_tim_ex.o
LOAD build/stm32g0xx_hal_rcc.o
LOAD build/stm32g0xx_hal_rcc_ex.o
LOAD build/stm32g0xx_ll_rcc.o
LOAD build/stm32g0xx_hal_flash.o
LOAD build/stm32g0xx_hal_flash_ex.o
LOAD build/stm32g0xx_hal_gpio.o
LOAD build/stm32g0xx_hal_dma.o
LOAD build/stm32g0xx_hal_dma_ex.o
LOAD build/stm32g0xx_ll_dma.o
LOAD build/stm32g0xx_hal_pwr.o
LOAD build/stm32g0xx_hal_pwr_ex.o
LOAD build/stm32g0xx_hal_cortex.o
LOAD build/stm32g0xx_hal.o
LOAD build/stm32g0xx_hal_exti.o
LOAD build/stm32g0xx_hal_uart.o
LOAD build/stm32g0xx_hal_uart_ex.o
LOAD build/system_stm32g0xx.o
LOAD build/stm32g0xx_hal_tim.o
LOAD build/stm32g0xx_hal_adc.o
LOAD build/stm32g0xx_hal_adc_ex.o
LOAD build/stm32g0xx_ll_adc.o
LOAD build/startup_stm32g070xx.o
LOAD c:/program files (x86)/gnu arm embedded toolchain/10 2021.10/bin/../lib/gcc/arm-none-eabi/10.3.1/../../../../arm-none-eabi/lib/thumb/v6-m/nofp\libc_nano.a
LOAD c:/program files (x86)/gnu arm embedded toolchain/10 2021.10/bin/../lib/gcc/arm-none-eabi/10.3.1/../../../../arm-none-eabi/lib/thumb/v6-m/nofp\libm.a
LOAD c:/program files (x86)/gnu arm embedded toolchain/10 2021.10/bin/../lib/gcc/arm-none-eabi/10.3.1/../../../../arm-none-eabi/lib/thumb/v6-m/nofp\libnosys.a
START GROUP
LOAD c:/program files (x86)/gnu arm embedded toolchain/10 2021.10/bin/../lib/gcc/arm-none-eabi/10.3.1/thumb/v6-m/nofp\libgcc.a
LOAD c:/program files (x86)/gnu arm embedded toolchain/10 2021.10/bin/../lib/gcc/arm-none-eabi/10.3.1/../../../../arm-none-eabi/lib/thumb/v6-m/nofp\libc_nano.a
END GROUP
START GROUP
LOAD c:/program files (x86)/gnu arm embedded toolchain/10 2021.10/bin/../lib/gcc/arm-none-eabi/10.3.1/thumb/v6-m/nofp\libgcc.a
LOAD c:/program files (x86)/gnu arm embedded toolchain/10 2021.10/bin/../lib/gcc/arm-none-eabi/10.3.1/../../../../arm-none-eabi/lib/thumb/v6-m/nofp\libc_nano.a
END GROUP
LOAD c:/program files (x86)/gnu arm embedded toolchain/10 2021.10/bin/../lib/gcc/arm-none-eabi/10.3.1/thumb/v6-m/nofp/crtend.o
LOAD c:/program files (x86)/gnu arm embedded toolchain/10 2021.10/bin/../lib/gcc/arm-none-eabi/10.3.1/thumb/v6-m/nofp/crtn.o
                0x20009000                _estack = 0x20009000
                0x00000200                _Min_Heap_Size = 0x200
                0x00000400                _Min_Stack_Size = 0x400

.isr_vector     0x08000000       0xb8
                0x08000000                . = ALIGN (0x4)
 *(.isr_vector)
 .isr_vector    0x08000000       0xb8 build/startup_stm32g070xx.o
                0x08000000                g_pfnVectors
                0x080000b8                . = ALIGN (0x4)

.text           0x080000b8     0xb424
                0x080000b8                . = ALIGN (0x4)
 *(.text)
 .text          0x080000b8       0x48 c:/program files (x86)/gnu arm embedded toolchain/10 2021.10/bin/../lib/gcc/arm-none-eabi/10.3.1/thumb/v6-m/nofp/crtbegin.o
 .text          0x08000100        0xe c:/program files (x86)/gnu arm embedded toolchain/10 2021.10/bin/../lib/gcc/arm-none-eabi/10.3.1/../../../../arm-none-eabi/lib/thumb/v6-m/nofp\libc_nano.a(lib_a-strlen.o)
                0x08000100                strlen
 *fill*         0x0800010e        0x2 
 .text          0x08000110       0x14 c:/program files (x86)/gnu arm embedded toolchain/10 2021.10/bin/../lib/gcc/arm-none-eabi/10.3.1/thumb/v6-m/nofp\libgcc.a(_thumb1_case_shi.o)
                0x08000110                __gnu_thumb1_case_shi
 .text          0x08000124      0x114 c:/program files (x86)/gnu arm embedded toolchain/10 2021.10/bin/../lib/gcc/arm-none-eabi/10.3.1/thumb/v6-m/nofp\libgcc.a(_udivsi3.o)
                0x08000124                __aeabi_uidiv
                0x08000124                __udivsi3
                0x08000230                __aeabi_uidivmod
 .text          0x08000238      0x1d4 c:/program files (x86)/gnu arm embedded toolchain/10 2021.10/bin/../lib/gcc/arm-none-eabi/10.3.1/thumb/v6-m/nofp\libgcc.a(_divsi3.o)
                0x08000238                __divsi3
                0x08000238                __aeabi_idiv
                0x08000404                __aeabi_idivmod
 .text          0x0800040c        0x4 c:/program files (x86)/gnu arm embedded toolchain/10 2021.10/bin/../lib/gcc/arm-none-eabi/10.3.1/thumb/v6-m/nofp\libgcc.a(_dvmd_tls.o)
                0x0800040c                __aeabi_idiv0
                0x0800040c                __aeabi_ldiv0
 .text          0x08000410       0x30 c:/program files (x86)/gnu arm embedded toolchain/10 2021.10/bin/../lib/gcc/arm-none-eabi/10.3.1/thumb/v6-m/nofp\libgcc.a(_fixunssfsi.o)
                0x08000410                __fixunssfsi
                0x08000410                __aeabi_f2uiz
 .text          0x08000440      0x33c c:/program files (x86)/gnu arm embedded toolchain/10 2021.10/bin/../lib/gcc/arm-none-eabi/10.3.1/thumb/v6-m/nofp\libgcc.a(addsf3.o)
                0x08000440                __aeabi_fadd
 .text          0x0800077c      0x230 c:/program files (x86)/gnu arm embedded toolchain/10 2021.10/bin/../lib/gcc/arm-none-eabi/10.3.1/thumb/v6-m/nofp\libgcc.a(divsf3.o)
                0x0800077c                __aeabi_fdiv
 .text          0x080009ac      0x24c c:/program files (x86)/gnu arm embedded toolchain/10 2021.10/bin/../lib/gcc/arm-none-eabi/10.3.1/thumb/v6-m/nofp\libgcc.a(mulsf3.o)
                0x080009ac                __aeabi_fmul
 .text          0x08000bf8      0x35c c:/program files (x86)/gnu arm embedded toolchain/10 2021.10/bin/../lib/gcc/arm-none-eabi/10.3.1/thumb/v6-m/nofp\libgcc.a(subsf3.o)
                0x08000bf8                __aeabi_fsub
 .text          0x08000f54       0x40 c:/program files (x86)/gnu arm embedded toolchain/10 2021.10/bin/../lib/gcc/arm-none-eabi/10.3.1/thumb/v6-m/nofp\libgcc.a(fixsfsi.o)
                0x08000f54                __aeabi_f2iz
 .text          0x08000f94      0x678 c:/program files (x86)/gnu arm embedded toolchain/10 2021.10/bin/../lib/gcc/arm-none-eabi/10.3.1/thumb/v6-m/nofp\libgcc.a(adddf3.o)
                0x08000f94                __aeabi_dadd
 .text          0x0800160c      0x5ec c:/program files (x86)/gnu arm embedded toolchain/10 2021.10/bin/../lib/gcc/arm-none-eabi/10.3.1/thumb/v6-m/nofp\libgcc.a(divdf3.o)
                0x0800160c                __aeabi_ddiv
 .text          0x08001bf8      0x4d8 c:/program files (x86)/gnu arm embedded toolchain/10 2021.10/bin/../lib/gcc/arm-none-eabi/10.3.1/thumb/v6-m/nofp\libgcc.a(muldf3.o)
                0x08001bf8                __aeabi_dmul
 .text          0x080020d0       0x60 c:/program files (x86)/gnu arm embedded toolchain/10 2021.10/bin/../lib/gcc/arm-none-eabi/10.3.1/thumb/v6-m/nofp\libgcc.a(floatsidf.o)
                0x080020d0                __aeabi_i2d
 .text          0x08002130       0x90 c:/program files (x86)/gnu arm embedded toolchain/10 2021.10/bin/../lib/gcc/arm-none-eabi/10.3.1/thumb/v6-m/nofp\libgcc.a(extendsfdf2.o)
                0x08002130                __aeabi_f2d
 .text          0x080021c0      0x110 c:/program files (x86)/gnu arm embedded toolchain/10 2021.10/bin/../lib/gcc/arm-none-eabi/10.3.1/thumb/v6-m/nofp\libgcc.a(truncdfsf2.o)
                0x080021c0                __aeabi_d2f
 .text          0x080022d0       0x74 c:/program files (x86)/gnu arm embedded toolchain/10 2021.10/bin/../lib/gcc/arm-none-eabi/10.3.1/thumb/v6-m/nofp\libgcc.a(_arm_cmpsf2.o)
                0x080022d0                __aeabi_cfrcmple
                0x080022d8                __aeabi_cfcmpeq
                0x080022d8                __aeabi_cfcmple
                0x080022e8                __aeabi_fcmpeq
                0x080022f4                __aeabi_fcmplt
                0x08002308                __aeabi_fcmple
                0x0800231c                __aeabi_fcmpgt
                0x08002330                __aeabi_fcmpge
 .text          0x08002344       0x3c c:/program files (x86)/gnu arm embedded toolchain/10 2021.10/bin/../lib/gcc/arm-none-eabi/10.3.1/thumb/v6-m/nofp\libgcc.a(_clzsi2.o)
                0x08002344                __clzsi2
 .text          0x08002380       0x4c c:/program files (x86)/gnu arm embedded toolchain/10 2021.10/bin/../lib/gcc/arm-none-eabi/10.3.1/thumb/v6-m/nofp\libgcc.a(eqsf2.o)
                0x08002380                __eqsf2
                0x08002380                __nesf2
 .text          0x080023cc       0x8c c:/program files (x86)/gnu arm embedded toolchain/10 2021.10/bin/../lib/gcc/arm-none-eabi/10.3.1/thumb/v6-m/nofp\libgcc.a(gesf2.o)
                0x080023cc                __gesf2
                0x080023cc                __gtsf2
 .text          0x08002458       0x88 c:/program files (x86)/gnu arm embedded toolchain/10 2021.10/bin/../lib/gcc/arm-none-eabi/10.3.1/thumb/v6-m/nofp\libgcc.a(lesf2.o)
                0x08002458                __ltsf2
                0x08002458                __lesf2
 *(.text*)
 .text.MX_GPIO_Init
                0x080024e0      0x138 build/main.o
 .text.HAL_UART_RxCpltCallback
                0x08002618      0x120 build/main.o
                0x08002618                HAL_UART_RxCpltCallback
 .text.HAL_TIM_PeriodElapsedCallback
                0x08002738      0x15c build/main.o
                0x08002738                HAL_TIM_PeriodElapsedCallback
 .text.Configuration_Commands_Handle
                0x08002894      0x528 build/main.o
                0x08002894                Configuration_Commands_Handle
 .text.Normal_CommandsHandle
                0x08002dbc      0x254 build/main.o
                0x08002dbc                Normal_CommandsHandle
 .text.Is_Setup_Right
                0x08003010      0x314 build/main.o
                0x08003010                Is_Setup_Right
 .text.Stm32_Check_Sim_Card_Connect_Network_Service
                0x08003324       0x5c build/main.o
                0x08003324                Stm32_Check_Sim_Card_Connect_Network_Service
 .text.Stm32_Clear_Buf
                0x08003380       0x58 build/main.o
                0x08003380                Stm32_Clear_Buf
 .text.Stm32_Check_Esp32_Connect_WiFi
                0x080033d8       0xa4 build/main.o
                0x080033d8                Stm32_Check_Esp32_Connect_WiFi
 .text.CheckInput
                0x0800347c       0x18 build/main.o
                0x0800347c                CheckInput
 .text.Auto_Switch
                0x08003494       0x8c build/main.o
                0x08003494                Auto_Switch
 .text.Checking_Internet_Response
                0x08003520       0x68 build/main.o
                0x08003520                Checking_Internet_Response
 .text.Broker_Publish_Topic
                0x08003588       0x9c build/main.o
                0x08003588                Broker_Publish_Topic
 .text.Stm32_Restart
                0x08003624       0x1c build/main.o
                0x08003624                Stm32_Restart
 .text.Waiting_For_Config
                0x08003640       0x70 build/main.o
                0x08003640                Waiting_For_Config
 .text.Broker_Subscribe_Topic
                0x080036b0       0x90 build/main.o
                0x080036b0                Broker_Subscribe_Topic
 .text.Broker_Connect_Init
                0x08003740      0x42c build/main.o
                0x08003740                Broker_Connect_Init
 .text.sendCBSC
                0x08003b6c      0x118 build/main.o
                0x08003b6c                sendCBSC
 .text.Esp32_WiFi_Init
                0x08003c84      0x130 build/main.o
                0x08003c84                Esp32_WiFi_Init
 .text.SimA7670C_4GLTE_Init
                0x08003db4       0x8c build/main.o
                0x08003db4                SimA7670C_4GLTE_Init
 .text.Error_Handler
                0x08003e40        0x4 build/main.o
                0x08003e40                Error_Handler
 .text.MX_TIM1_Init
                0x08003e44       0x7c build/main.o
 .text.MX_TIM3_Init
                0x08003ec0       0x7c build/main.o
 .text.MX_USART1_UART_Init
                0x08003f3c       0x68 build/main.o
 .text.MX_USART2_UART_Init
                0x08003fa4       0x68 build/main.o
 .text.MX_USART3_UART_Init
                0x0800400c       0x3c build/main.o
 .text.MX_TIM15_Init
                0x08004048       0x78 build/main.o
 .text.MX_TIM6_Init
                0x080040c0       0x54 build/main.o
 .text.MX_ADC1_Init
                0x08004114       0x7c build/main.o
 .text.SystemClock_Config
                0x08004190       0x60 build/main.o
                0x08004190                SystemClock_Config
 .text.main     0x080041f0     0x1ca8 build/main.o
                0x080041f0                main
 .text.Esp32_Response
                0x08005e98       0x2a build/espressifAT.o
                0x08005e98                Esp32_Response
 *fill*         0x08005ec2        0x2 
 .text.RSSI_WiFi
                0x08005ec4       0x38 build/espressifAT.o
                0x08005ec4                RSSI_WiFi
 .text.Esp32_Restart
                0x08005efc       0x2c build/espressifAT.o
                0x08005efc                Esp32_Restart
 .text.Esp32_Echo
                0x08005f28       0x50 build/espressifAT.o
                0x08005f28                Esp32_Echo
 .text.Esp32_WiFiMode
                0x08005f78       0x88 build/espressifAT.o
                0x08005f78                Esp32_WiFiMode
 .text.Esp32_Start_SmartConfig
                0x08006000       0x6c build/espressifAT.o
                0x08006000                Esp32_Start_SmartConfig
 .text.Esp32_Stop_SmartConfig
                0x0800606c       0x2c build/espressifAT.o
                0x0800606c                Esp32_Stop_SmartConfig
 .text.Esp32_Check_Info_WiFi
                0x08006098       0x2c build/espressifAT.o
                0x08006098                Esp32_Check_Info_WiFi
 .text.Esp32_Setup_Default
                0x080060c4       0x2c build/espressifAT.o
                0x080060c4                Esp32_Setup_Default
 .text.Esp32_Mqtt_UserConfig
                0x080060f0       0x44 build/espressifAT.o
                0x080060f0                Esp32_Mqtt_UserConfig
 .text.Esp32_Mqtt_Connect_Broker
                0x08006134       0x40 build/espressifAT.o
                0x08006134                Esp32_Mqtt_Connect_Broker
 .text.Esp32_Mqtt_Disconnect_Broker
                0x08006174       0x2c build/espressifAT.o
                0x08006174                Esp32_Mqtt_Disconnect_Broker
 .text.Esp32_Mqtt_Subscribe
                0x080061a0       0x3c build/espressifAT.o
                0x080061a0                Esp32_Mqtt_Subscribe
 .text.Esp32_Mqtt_Publish
                0x080061dc       0x88 build/espressifAT.o
                0x080061dc                Esp32_Mqtt_Publish
 .text.SimA7670C_Response
                0x08006264       0x2a build/simcomAT.o
                0x08006264                SimA7670C_Response
 *fill*         0x0800628e        0x2 
 .text.Get_RSSI_Sim4GLTE
                0x08006290       0x64 build/simcomAT.o
                0x08006290                Get_RSSI_Sim4GLTE
 .text.Get_Service_Provider_Name_Sim4GLTE
                0x080062f4       0xd4 build/simcomAT.o
                0x080062f4                Get_Service_Provider_Name_Sim4GLTE
 .text.Is_Insert_Sim_Card
                0x080063c8       0x2c build/simcomAT.o
                0x080063c8                Is_Insert_Sim_Card
 .text.SimA7670C_Reset
                0x080063f4       0x2c build/simcomAT.o
                0x080063f4                SimA7670C_Reset
 .text.SimA7670C_Echo
                0x08006420       0x48 build/simcomAT.o
                0x08006420                SimA7670C_Echo
 .text.SimA7670C_PDP_Context_Config
                0x08006468       0x40 build/simcomAT.o
                0x08006468                SimA7670C_PDP_Context_Config
 .text.SimA7670C_PDP_Context_Set
                0x080064a8       0x44 build/simcomAT.o
                0x080064a8                SimA7670C_PDP_Context_Set
 .text.SimA7670C_MQTT_StartService
                0x080064ec       0x2c build/simcomAT.o
                0x080064ec                SimA7670C_MQTT_StartService
 .text.SimA7670C_MQTT_StopService
                0x08006518       0x2c build/simcomAT.o
                0x08006518                SimA7670C_MQTT_StopService
 .text.SimA7670C_MQTT_Client_Config
                0x08006544       0x3c build/simcomAT.o
                0x08006544                SimA7670C_MQTT_Client_Config
 .text.SimA7670C_MQTT_BrokerConnect
                0x08006580       0x48 build/simcomAT.o
                0x08006580                SimA7670C_MQTT_BrokerConnect
 .text.SimA7670C_MQTT_BrokerDisconnect
                0x080065c8       0x40 build/simcomAT.o
                0x080065c8                SimA7670C_MQTT_BrokerDisconnect
 .text.SimA7670C_Mqtt_Subscribe
                0x08006608       0xf8 build/simcomAT.o
                0x08006608                SimA7670C_Mqtt_Subscribe
 .text.SimA7670C_Mqtt_Publish
                0x08006700      0x1a0 build/simcomAT.o
                0x08006700                SimA7670C_Mqtt_Publish
 .text.Eeprom_Read_Data
                0x080068a0        0x6 build/eeprom.o
                0x080068a0                Eeprom_Read_Data
 .text.Eeprom_ReadModbus_Rtu
                0x080068a6        0x4 build/eeprom.o
                0x080068a6                Eeprom_ReadModbus_Rtu
 .text.Eeprom_WriteStr_Hexadecimal
                0x080068aa       0x86 build/eeprom.o
                0x080068aa                Eeprom_WriteStr_Hexadecimal
 .text.Eeprom_WriteModbus_Rtu
                0x08006930       0x7c build/eeprom.o
                0x08006930                Eeprom_WriteModbus_Rtu
 .text.Eeprom_Write_Data
                0x080069ac       0x3c build/eeprom.o
                0x080069ac                Eeprom_Write_Data
 .text.Eeprom_ClearPage
                0x080069e8       0x38 build/eeprom.o
                0x080069e8                Eeprom_ClearPage
 .text.Eeprom_ReadStr_Hexadecimal
                0x08006a20       0x8a build/eeprom.o
                0x08006a20                Eeprom_ReadStr_Hexadecimal
 .text.Relay_Control
                0x08006aaa       0x32 build/relay.o
                0x08006aaa                Relay_Control
 .text.ModbusRTU_Calc_CRC16
                0x08006adc       0x68 build/modbusRTU.o
                0x08006adc                ModbusRTU_Calc_CRC16
 .text.ModbusRTU_Check_RecvData
                0x08006b44       0x36 build/modbusRTU.o
                0x08006b44                ModbusRTU_Check_RecvData
 *fill*         0x08006b7a        0x2 
 .text.TextToHexStr
                0x08006b7c       0x30 build/datatype.o
                0x08006b7c                TextToHexStr
 .text.HexStrToHexChar
                0x08006bac       0x9a build/datatype.o
                0x08006bac                HexStrToHexChar
 .text.HexCharToHexStr
                0x08006c46       0x44 build/datatype.o
                0x08006c46                HexCharToHexStr
 *fill*         0x08006c8a        0x2 
 .text.FloatToStr
                0x08006c8c       0x98 build/datatype.o
                0x08006c8c                FloatToStr
 .text.map      0x08006d24       0x38 build/datatype.o
                0x08006d24                map
 .text.NMI_Handler
                0x08006d5c        0x2 build/stm32g0xx_it.o
                0x08006d5c                NMI_Handler
 .text.HardFault_Handler
                0x08006d5e        0x2 build/stm32g0xx_it.o
                0x08006d5e                HardFault_Handler
 .text.SVC_Handler
                0x08006d60        0x2 build/stm32g0xx_it.o
                0x08006d60                SVC_Handler
 .text.PendSV_Handler
                0x08006d62        0x2 build/stm32g0xx_it.o
                0x08006d62                PendSV_Handler
 .text.SysTick_Handler
                0x08006d64        0x8 build/stm32g0xx_it.o
                0x08006d64                SysTick_Handler
 .text.FLASH_IRQHandler
                0x08006d6c        0x8 build/stm32g0xx_it.o
                0x08006d6c                FLASH_IRQHandler
 .text.RCC_IRQHandler
                0x08006d74        0x2 build/stm32g0xx_it.o
                0x08006d74                RCC_IRQHandler
 *fill*         0x08006d76        0x2 
 .text.ADC1_IRQHandler
                0x08006d78       0x10 build/stm32g0xx_it.o
                0x08006d78                ADC1_IRQHandler
 .text.TIM1_BRK_UP_TRG_COM_IRQHandler
                0x08006d88       0x10 build/stm32g0xx_it.o
                0x08006d88                TIM1_BRK_UP_TRG_COM_IRQHandler
 .text.TIM1_CC_IRQHandler
                0x08006d98       0x10 build/stm32g0xx_it.o
                0x08006d98                TIM1_CC_IRQHandler
 .text.TIM3_IRQHandler
                0x08006da8       0x10 build/stm32g0xx_it.o
                0x08006da8                TIM3_IRQHandler
 .text.TIM6_IRQHandler
                0x08006db8       0x10 build/stm32g0xx_it.o
                0x08006db8                TIM6_IRQHandler
 .text.TIM15_IRQHandler
                0x08006dc8       0x10 build/stm32g0xx_it.o
                0x08006dc8                TIM15_IRQHandler
 .text.USART1_IRQHandler
                0x08006dd8       0x10 build/stm32g0xx_it.o
                0x08006dd8                USART1_IRQHandler
 .text.USART2_IRQHandler
                0x08006de8       0x10 build/stm32g0xx_it.o
                0x08006de8                USART2_IRQHandler
 .text.USART3_4_IRQHandler
                0x08006df8       0x10 build/stm32g0xx_it.o
                0x08006df8                USART3_4_IRQHandler
 .text.HAL_MspInit
                0x08006e08       0x58 build/stm32g0xx_hal_msp.o
                0x08006e08                HAL_MspInit
 .text.HAL_ADC_MspInit
                0x08006e60       0x90 build/stm32g0xx_hal_msp.o
                0x08006e60                HAL_ADC_MspInit
 .text.HAL_TIM_Base_MspInit
                0x08006ef0       0xdc build/stm32g0xx_hal_msp.o
                0x08006ef0                HAL_TIM_Base_MspInit
 .text.HAL_UART_MspInit
                0x08006fcc      0x160 build/stm32g0xx_hal_msp.o
                0x08006fcc                HAL_UART_MspInit
 .text.HAL_TIMEx_MasterConfigSynchronization
                0x0800712c       0x78 build/stm32g0xx_hal_tim_ex.o
                0x0800712c                HAL_TIMEx_MasterConfigSynchronization
 .text.HAL_TIMEx_CommutCallback
                0x080071a4        0x2 build/stm32g0xx_hal_tim_ex.o
                0x080071a4                HAL_TIMEx_CommutCallback
 .text.HAL_TIMEx_BreakCallback
                0x080071a6        0x2 build/stm32g0xx_hal_tim_ex.o
                0x080071a6                HAL_TIMEx_BreakCallback
 .text.HAL_TIMEx_Break2Callback
                0x080071a8        0x2 build/stm32g0xx_hal_tim_ex.o
                0x080071a8                HAL_TIMEx_Break2Callback
 *fill*         0x080071aa        0x2 
 .text.HAL_RCC_OscConfig
                0x080071ac      0x4a4 build/stm32g0xx_hal_rcc.o
                0x080071ac                HAL_RCC_OscConfig
 .text.HAL_RCC_GetSysClockFreq
                0x08007650       0xb8 build/stm32g0xx_hal_rcc.o
                0x08007650                HAL_RCC_GetSysClockFreq
 .text.HAL_RCC_ClockConfig
                0x08007708      0x18c build/stm32g0xx_hal_rcc.o
                0x08007708                HAL_RCC_ClockConfig
 .text.HAL_RCC_GetHCLKFreq
                0x08007894        0xc build/stm32g0xx_hal_rcc.o
                0x08007894                HAL_RCC_GetHCLKFreq
 .text.HAL_RCC_GetPCLK1Freq
                0x080078a0       0x28 build/stm32g0xx_hal_rcc.o
                0x080078a0                HAL_RCC_GetPCLK1Freq
 .text.HAL_RCCEx_PeriphCLKConfig
                0x080078c8      0x190 build/stm32g0xx_hal_rcc_ex.o
                0x080078c8                HAL_RCCEx_PeriphCLKConfig
 .text.FLASH_Program_DoubleWord
                0x08007a58       0x1c build/stm32g0xx_hal_flash.o
 .text.HAL_FLASH_EndOfOperationCallback
                0x08007a74        0x2 build/stm32g0xx_hal_flash.o
                0x08007a74                HAL_FLASH_EndOfOperationCallback
 .text.HAL_FLASH_OperationErrorCallback
                0x08007a76        0x2 build/stm32g0xx_hal_flash.o
                0x08007a76                HAL_FLASH_OperationErrorCallback
 .text.HAL_FLASH_IRQHandler
                0x08007a78       0xc4 build/stm32g0xx_hal_flash.o
                0x08007a78                HAL_FLASH_IRQHandler
 .text.HAL_FLASH_Unlock
                0x08007b3c       0x30 build/stm32g0xx_hal_flash.o
                0x08007b3c                HAL_FLASH_Unlock
 .text.HAL_FLASH_Lock
                0x08007b6c       0x20 build/stm32g0xx_hal_flash.o
                0x08007b6c                HAL_FLASH_Lock
 .text.FLASH_WaitForLastOperation
                0x08007b8c       0x68 build/stm32g0xx_hal_flash.o
                0x08007b8c                FLASH_WaitForLastOperation
 .text.HAL_FLASH_Program
                0x08007bf4       0x64 build/stm32g0xx_hal_flash.o
                0x08007bf4                HAL_FLASH_Program
 .text.FLASH_PageErase
                0x08007c58       0x20 build/stm32g0xx_hal_flash_ex.o
                0x08007c58                FLASH_PageErase
 .text.HAL_GPIO_Init
                0x08007c78      0x178 build/stm32g0xx_hal_gpio.o
                0x08007c78                HAL_GPIO_Init
 .text.HAL_GPIO_ReadPin
                0x08007df0        0xe build/stm32g0xx_hal_gpio.o
                0x08007df0                HAL_GPIO_ReadPin
 .text.HAL_GPIO_WritePin
                0x08007dfe        0xc build/stm32g0xx_hal_gpio.o
                0x08007dfe                HAL_GPIO_WritePin
 .text.HAL_GPIO_TogglePin
                0x08007e0a       0x10 build/stm32g0xx_hal_gpio.o
                0x08007e0a                HAL_GPIO_TogglePin
 *fill*         0x08007e1a        0x2 
 .text.HAL_DMA_Abort
                0x08007e1c       0x80 build/stm32g0xx_hal_dma.o
                0x08007e1c                HAL_DMA_Abort
 .text.HAL_DMA_Abort_IT
                0x08007e9c       0x80 build/stm32g0xx_hal_dma.o
                0x08007e9c                HAL_DMA_Abort_IT
 .text.HAL_PWREx_ControlVoltageScaling
                0x08007f1c       0x54 build/stm32g0xx_hal_pwr_ex.o
                0x08007f1c                HAL_PWREx_ControlVoltageScaling
 .text.HAL_NVIC_SetPriority
                0x08007f70       0x60 build/stm32g0xx_hal_cortex.o
                0x08007f70                HAL_NVIC_SetPriority
 .text.HAL_NVIC_EnableIRQ
                0x08007fd0       0x18 build/stm32g0xx_hal_cortex.o
                0x08007fd0                HAL_NVIC_EnableIRQ
 .text.HAL_NVIC_SystemReset
                0x08007fe8       0x1c build/stm32g0xx_hal_cortex.o
                0x08007fe8                HAL_NVIC_SystemReset
 .text.HAL_SYSTICK_Config
                0x08008004       0x38 build/stm32g0xx_hal_cortex.o
                0x08008004                HAL_SYSTICK_Config
 .text.HAL_InitTick
                0x0800803c       0x58 build/stm32g0xx_hal.o
                0x0800803c                HAL_InitTick
 .text.HAL_Init
                0x08008094       0x28 build/stm32g0xx_hal.o
                0x08008094                HAL_Init
 .text.HAL_IncTick
                0x080080bc       0x18 build/stm32g0xx_hal.o
                0x080080bc                HAL_IncTick
 .text.HAL_GetTick
                0x080080d4        0xc build/stm32g0xx_hal.o
                0x080080d4                HAL_GetTick
 .text.HAL_Delay
                0x080080e0       0x24 build/stm32g0xx_hal.o
                0x080080e0                HAL_Delay
 .text.HAL_SYSCFG_StrobeDBattpinsConfig
                0x08008104       0x18 build/stm32g0xx_hal.o
                0x08008104                HAL_SYSCFG_StrobeDBattpinsConfig
 .text.UART_EndRxTransfer
                0x0800811c       0x64 build/stm32g0xx_hal_uart.o
 .text.HAL_UART_TxCpltCallback
                0x08008180        0x2 build/stm32g0xx_hal_uart.o
                0x08008180                HAL_UART_TxCpltCallback
 .text.UART_EndTransmit_IT
                0x08008182       0x2a build/stm32g0xx_hal_uart.o
 .text.HAL_UART_ErrorCallback
                0x080081ac        0x2 build/stm32g0xx_hal_uart.o
                0x080081ac                HAL_UART_ErrorCallback
 .text.UART_DMAAbortOnError
                0x080081ae       0x14 build/stm32g0xx_hal_uart.o
 .text.HAL_UARTEx_RxEventCallback
                0x080081c2        0x2 build/stm32g0xx_hal_uart.o
                0x080081c2                HAL_UARTEx_RxEventCallback
 .text.HAL_UART_IRQHandler
                0x080081c4      0x320 build/stm32g0xx_hal_uart.o
                0x080081c4                HAL_UART_IRQHandler
 .text.UART_RxISR_8BIT
                0x080084e4       0xb8 build/stm32g0xx_hal_uart.o
 .text.UART_RxISR_16BIT
                0x0800859c       0xb4 build/stm32g0xx_hal_uart.o
 .text.UART_RxISR_8BIT_FIFOEN
                0x08008650      0x1ac build/stm32g0xx_hal_uart.o
 .text.UART_RxISR_16BIT_FIFOEN
                0x080087fc      0x1b0 build/stm32g0xx_hal_uart.o
 .text.UART_SetConfig
                0x080089ac      0x1f0 build/stm32g0xx_hal_uart.o
                0x080089ac                UART_SetConfig
 .text.UART_AdvFeatureConfig
                0x08008b9c       0xe0 build/stm32g0xx_hal_uart.o
                0x08008b9c                UART_AdvFeatureConfig
 .text.UART_WaitOnFlagUntilTimeout
                0x08008c7c       0xe4 build/stm32g0xx_hal_uart.o
                0x08008c7c                UART_WaitOnFlagUntilTimeout
 .text.HAL_UART_Transmit
                0x08008d60       0xf0 build/stm32g0xx_hal_uart.o
                0x08008d60                HAL_UART_Transmit
 .text.UART_CheckIdleState
                0x08008e50       0x74 build/stm32g0xx_hal_uart.o
                0x08008e50                UART_CheckIdleState
 .text.HAL_UART_Init
                0x08008ec4       0x70 build/stm32g0xx_hal_uart.o
                0x08008ec4                HAL_UART_Init
 .text.UART_Start_Receive_IT
                0x08008f34      0x164 build/stm32g0xx_hal_uart.o
                0x08008f34                UART_Start_Receive_IT
 .text.HAL_UART_Receive_IT
                0x08009098       0x62 build/stm32g0xx_hal_uart.o
                0x08009098                HAL_UART_Receive_IT
 *fill*         0x080090fa        0x2 
 .text.UARTEx_SetNbDataToProcess
                0x080090fc       0x50 build/stm32g0xx_hal_uart_ex.o
 .text.HAL_UARTEx_WakeupCallback
                0x0800914c        0x2 build/stm32g0xx_hal_uart_ex.o
                0x0800914c                HAL_UARTEx_WakeupCallback
 .text.HAL_UARTEx_RxFifoFullCallback
                0x0800914e        0x2 build/stm32g0xx_hal_uart_ex.o
                0x0800914e                HAL_UARTEx_RxFifoFullCallback
 .text.HAL_UARTEx_TxFifoEmptyCallback
                0x08009150        0x2 build/stm32g0xx_hal_uart_ex.o
                0x08009150                HAL_UARTEx_TxFifoEmptyCallback
 *fill*         0x08009152        0x2 
 .text.HAL_UARTEx_DisableFifoMode
                0x08009154       0x40 build/stm32g0xx_hal_uart_ex.o
                0x08009154                HAL_UARTEx_DisableFifoMode
 .text.HAL_UARTEx_SetTxFifoThreshold
                0x08009194       0x4a build/stm32g0xx_hal_uart_ex.o
                0x08009194                HAL_UARTEx_SetTxFifoThreshold
 *fill*         0x080091de        0x2 
 .text.HAL_UARTEx_SetRxFifoThreshold
                0x080091e0       0x50 build/stm32g0xx_hal_uart_ex.o
                0x080091e0                HAL_UARTEx_SetRxFifoThreshold
 .text.SystemInit
                0x08009230       0x10 build/system_stm32g0xx.o
                0x08009230                SystemInit
 .text.TIM_TI1_ConfigInputStage
                0x08009240       0x22 build/stm32g0xx_hal_tim.o
 *fill*         0x08009262        0x2 
 .text.TIM_TI2_ConfigInputStage
                0x08009264       0x28 build/stm32g0xx_hal_tim.o
 .text.TIM_ITRx_SetConfig
                0x0800928c       0x14 build/stm32g0xx_hal_tim.o
 .text.HAL_TIM_Base_Start
                0x080092a0       0x68 build/stm32g0xx_hal_tim.o
                0x080092a0                HAL_TIM_Base_Start
 .text.HAL_TIM_Base_Stop
                0x08009308       0x2c build/stm32g0xx_hal_tim.o
                0x08009308                HAL_TIM_Base_Stop
 .text.HAL_TIM_Base_Start_IT
                0x08009334       0x70 build/stm32g0xx_hal_tim.o
                0x08009334                HAL_TIM_Base_Start_IT
 .text.HAL_TIM_Base_Stop_IT
                0x080093a4       0x38 build/stm32g0xx_hal_tim.o
                0x080093a4                HAL_TIM_Base_Stop_IT
 .text.HAL_TIM_OC_DelayElapsedCallback
                0x080093dc        0x2 build/stm32g0xx_hal_tim.o
                0x080093dc                HAL_TIM_OC_DelayElapsedCallback
 .text.HAL_TIM_IC_CaptureCallback
                0x080093de        0x2 build/stm32g0xx_hal_tim.o
                0x080093de                HAL_TIM_IC_CaptureCallback
 .text.HAL_TIM_PWM_PulseFinishedCallback
                0x080093e0        0x2 build/stm32g0xx_hal_tim.o
                0x080093e0                HAL_TIM_PWM_PulseFinishedCallback
 .text.HAL_TIM_TriggerCallback
                0x080093e2        0x2 build/stm32g0xx_hal_tim.o
                0x080093e2                HAL_TIM_TriggerCallback
 .text.HAL_TIM_IRQHandler
                0x080093e4      0x178 build/stm32g0xx_hal_tim.o
                0x080093e4                HAL_TIM_IRQHandler
 .text.TIM_Base_SetConfig
                0x0800955c       0x94 build/stm32g0xx_hal_tim.o
                0x0800955c                TIM_Base_SetConfig
 .text.HAL_TIM_Base_Init
                0x080095f0       0x60 build/stm32g0xx_hal_tim.o
                0x080095f0                HAL_TIM_Base_Init
 .text.TIM_ETR_SetConfig
                0x08009650       0x18 build/stm32g0xx_hal_tim.o
                0x08009650                TIM_ETR_SetConfig
 .text.HAL_TIM_ConfigClockSource
                0x08009668      0x108 build/stm32g0xx_hal_tim.o
                0x08009668                HAL_TIM_ConfigClockSource
 .text.HAL_ADC_Init
                0x08009770      0x244 build/stm32g0xx_hal_adc.o
                0x08009770                HAL_ADC_Init
 .text.HAL_ADC_PollForConversion
                0x080099b4       0xc0 build/stm32g0xx_hal_adc.o
                0x080099b4                HAL_ADC_PollForConversion
 .text.HAL_ADC_GetValue
                0x08009a74        0x6 build/stm32g0xx_hal_adc.o
                0x08009a74                HAL_ADC_GetValue
 .text.HAL_ADC_ConvCpltCallback
                0x08009a7a        0x2 build/stm32g0xx_hal_adc.o
                0x08009a7a                HAL_ADC_ConvCpltCallback
 .text.HAL_ADC_LevelOutOfWindowCallback
                0x08009a7c        0x2 build/stm32g0xx_hal_adc.o
                0x08009a7c                HAL_ADC_LevelOutOfWindowCallback
 .text.HAL_ADC_ErrorCallback
                0x08009a7e        0x2 build/stm32g0xx_hal_adc.o
                0x08009a7e                HAL_ADC_ErrorCallback
 .text.HAL_ADC_IRQHandler
                0x08009a80      0x158 build/stm32g0xx_hal_adc.o
                0x08009a80                HAL_ADC_IRQHandler
 .text.HAL_ADC_ConfigChannel
                0x08009bd8      0x2a0 build/stm32g0xx_hal_adc.o
                0x08009bd8                HAL_ADC_ConfigChannel
 .text.ADC_ConversionStop
                0x08009e78       0x60 build/stm32g0xx_hal_adc.o
                0x08009e78                ADC_ConversionStop
 .text.ADC_Enable
                0x08009ed8       0xcc build/stm32g0xx_hal_adc.o
                0x08009ed8                ADC_Enable
 .text.HAL_ADC_Start
                0x08009fa4       0x68 build/stm32g0xx_hal_adc.o
                0x08009fa4                HAL_ADC_Start
 .text.ADC_Disable
                0x0800a00c       0x94 build/stm32g0xx_hal_adc.o
                0x0800a00c                ADC_Disable
 .text.HAL_ADC_Stop
                0x0800a0a0       0x44 build/stm32g0xx_hal_adc.o
                0x0800a0a0                HAL_ADC_Stop
 .text.HAL_ADCEx_LevelOutOfWindow2Callback
                0x0800a0e4        0x2 build/stm32g0xx_hal_adc_ex.o
                0x0800a0e4                HAL_ADCEx_LevelOutOfWindow2Callback
 .text.HAL_ADCEx_LevelOutOfWindow3Callback
                0x0800a0e6        0x2 build/stm32g0xx_hal_adc_ex.o
                0x0800a0e6                HAL_ADCEx_LevelOutOfWindow3Callback
 .text.HAL_ADCEx_EndOfSamplingCallback
                0x0800a0e8        0x2 build/stm32g0xx_hal_adc_ex.o
                0x0800a0e8                HAL_ADCEx_EndOfSamplingCallback
 .text.HAL_ADCEx_ChannelConfigReadyCallback
                0x0800a0ea        0x2 build/stm32g0xx_hal_adc_ex.o
                0x0800a0ea                HAL_ADCEx_ChannelConfigReadyCallback
 .text.Reset_Handler
                0x0800a0ec       0x50 build/startup_stm32g070xx.o
                0x0800a0ec                Reset_Handler
 .text.Default_Handler
                0x0800a13c        0x2 build/startup_stm32g070xx.o
                0x0800a13c                I2C1_IRQHandler
                0x0800a13c                RTC_TAMP_IRQHandler
                0x0800a13c                SPI1_IRQHandler
                0x0800a13c                EXTI2_3_IRQHandler
                0x0800a13c                I2C2_IRQHandler
                0x0800a13c                TIM17_IRQHandler
                0x0800a13c                TIM16_IRQHandler
                0x0800a13c                EXTI4_15_IRQHandler
                0x0800a13c                DMA1_Channel1_IRQHandler
                0x0800a13c                Default_Handler
                0x0800a13c                TIM14_IRQHandler
                0x0800a13c                TIM7_IRQHandler
                0x0800a13c                EXTI0_1_IRQHandler
                0x0800a13c                SPI2_IRQHandler
                0x0800a13c                WWDG_IRQHandler
                0x0800a13c                DMA1_Ch4_7_DMAMUX1_OVR_IRQHandler
                0x0800a13c                DMA1_Channel2_3_IRQHandler
 .text.atoi     0x0800a13e        0xc c:/program files (x86)/gnu arm embedded toolchain/10 2021.10/bin/../lib/gcc/arm-none-eabi/10.3.1/../../../../arm-none-eabi/lib/thumb/v6-m/nofp\libc_nano.a(lib_a-atoi.o)
                0x0800a13e                atoi
 *fill*         0x0800a14a        0x2 
 .text.__libc_init_array
                0x0800a14c       0x48 c:/program files (x86)/gnu arm embedded toolchain/10 2021.10/bin/../lib/gcc/arm-none-eabi/10.3.1/../../../../arm-none-eabi/lib/thumb/v6-m/nofp\libc_nano.a(lib_a-init.o)
                0x0800a14c                __libc_init_array
 .text.memcpy   0x0800a194       0x12 c:/program files (x86)/gnu arm embedded toolchain/10 2021.10/bin/../lib/gcc/arm-none-eabi/10.3.1/../../../../arm-none-eabi/lib/thumb/v6-m/nofp\libc_nano.a(lib_a-memcpy-stub.o)
                0x0800a194                memcpy
 .text.memset   0x0800a1a6       0x10 c:/program files (x86)/gnu arm embedded toolchain/10 2021.10/bin/../lib/gcc/arm-none-eabi/10.3.1/../../../../arm-none-eabi/lib/thumb/v6-m/nofp\libc_nano.a(lib_a-memset.o)
                0x0800a1a6                memset
 *fill*         0x0800a1b6        0x2 
 .text._putc_r  0x0800a1b8       0x94 c:/program files (x86)/gnu arm embedded toolchain/10 2021.10/bin/../lib/gcc/arm-none-eabi/10.3.1/../../../../arm-none-eabi/lib/thumb/v6-m/nofp\libc_nano.a(lib_a-putc.o)
                0x0800a1b8                _putc_r
 .text.putc     0x0800a24c       0x14 c:/program files (x86)/gnu arm embedded toolchain/10 2021.10/bin/../lib/gcc/arm-none-eabi/10.3.1/../../../../arm-none-eabi/lib/thumb/v6-m/nofp\libc_nano.a(lib_a-putc.o)
                0x0800a24c                putc
 .text.sprintf  0x0800a260       0x40 c:/program files (x86)/gnu arm embedded toolchain/10 2021.10/bin/../lib/gcc/arm-none-eabi/10.3.1/../../../../arm-none-eabi/lib/thumb/v6-m/nofp\libc_nano.a(lib_a-sprintf.o)
                0x0800a260                siprintf
                0x0800a260                sprintf
 .text.strchr   0x0800a2a0       0x1c c:/program files (x86)/gnu arm embedded toolchain/10 2021.10/bin/../lib/gcc/arm-none-eabi/10.3.1/../../../../arm-none-eabi/lib/thumb/v6-m/nofp\libc_nano.a(lib_a-strchr.o)
                0x0800a2a0                strchr
 .text.strcpy   0x0800a2bc       0x10 c:/program files (x86)/gnu arm embedded toolchain/10 2021.10/bin/../lib/gcc/arm-none-eabi/10.3.1/../../../../arm-none-eabi/lib/thumb/v6-m/nofp\libc_nano.a(lib_a-strcpy.o)
                0x0800a2bc                strcpy
 .text.strstr   0x0800a2cc       0x2c c:/program files (x86)/gnu arm embedded toolchain/10 2021.10/bin/../lib/gcc/arm-none-eabi/10.3.1/../../../../arm-none-eabi/lib/thumb/v6-m/nofp\libc_nano.a(lib_a-strstr.o)
                0x0800a2cc                strstr
 .text._strtol_l.constprop.0
                0x0800a2f8      0x11c c:/program files (x86)/gnu arm embedded toolchain/10 2021.10/bin/../lib/gcc/arm-none-eabi/10.3.1/../../../../arm-none-eabi/lib/thumb/v6-m/nofp\libc_nano.a(lib_a-strtol.o)
 .text.strtol   0x0800a414       0x18 c:/program files (x86)/gnu arm embedded toolchain/10 2021.10/bin/../lib/gcc/arm-none-eabi/10.3.1/../../../../arm-none-eabi/lib/thumb/v6-m/nofp\libc_nano.a(lib_a-strtol.o)
                0x0800a414                strtol
 .text.__swbuf_r
                0x0800a42c       0xac c:/program files (x86)/gnu arm embedded toolchain/10 2021.10/bin/../lib/gcc/arm-none-eabi/10.3.1/../../../../arm-none-eabi/lib/thumb/v6-m/nofp\libc_nano.a(lib_a-wbuf.o)
                0x0800a42c                __swbuf_r
 .text.__swsetup_r
                0x0800a4d8       0xf0 c:/program files (x86)/gnu arm embedded toolchain/10 2021.10/bin/../lib/gcc/arm-none-eabi/10.3.1/../../../../arm-none-eabi/lib/thumb/v6-m/nofp\libc_nano.a(lib_a-wsetup.o)
                0x0800a4d8                __swsetup_r
 .text.__errno  0x0800a5c8        0xc c:/program files (x86)/gnu arm embedded toolchain/10 2021.10/bin/../lib/gcc/arm-none-eabi/10.3.1/../../../../arm-none-eabi/lib/thumb/v6-m/nofp\libc_nano.a(lib_a-errno.o)
                0x0800a5c8                __errno
 .text.__sflush_r
                0x0800a5d4      0x118 c:/program files (x86)/gnu arm embedded toolchain/10 2021.10/bin/../lib/gcc/arm-none-eabi/10.3.1/../../../../arm-none-eabi/lib/thumb/v6-m/nofp\libc_nano.a(lib_a-fflush.o)
                0x0800a5d4                __sflush_r
 .text._fflush_r
                0x0800a6ec       0x80 c:/program files (x86)/gnu arm embedded toolchain/10 2021.10/bin/../lib/gcc/arm-none-eabi/10.3.1/../../../../arm-none-eabi/lib/thumb/v6-m/nofp\libc_nano.a(lib_a-fflush.o)
                0x0800a6ec                _fflush_r
 .text.std      0x0800a76c       0x48 c:/program files (x86)/gnu arm embedded toolchain/10 2021.10/bin/../lib/gcc/arm-none-eabi/10.3.1/../../../../arm-none-eabi/lib/thumb/v6-m/nofp\libc_nano.a(lib_a-findfp.o)
 .text._cleanup_r
                0x0800a7b4       0x10 c:/program files (x86)/gnu arm embedded toolchain/10 2021.10/bin/../lib/gcc/arm-none-eabi/10.3.1/../../../../arm-none-eabi/lib/thumb/v6-m/nofp\libc_nano.a(lib_a-findfp.o)
                0x0800a7b4                _cleanup_r
 .text.__sfmoreglue
                0x0800a7c4       0x2c c:/program files (x86)/gnu arm embedded toolchain/10 2021.10/bin/../lib/gcc/arm-none-eabi/10.3.1/../../../../arm-none-eabi/lib/thumb/v6-m/nofp\libc_nano.a(lib_a-findfp.o)
                0x0800a7c4                __sfmoreglue
 .text.__sfp_lock_acquire
                0x0800a7f0       0x10 c:/program files (x86)/gnu arm embedded toolchain/10 2021.10/bin/../lib/gcc/arm-none-eabi/10.3.1/../../../../arm-none-eabi/lib/thumb/v6-m/nofp\libc_nano.a(lib_a-findfp.o)
                0x0800a7f0                __sfp_lock_acquire
 .text.__sfp_lock_release
                0x0800a800       0x10 c:/program files (x86)/gnu arm embedded toolchain/10 2021.10/bin/../lib/gcc/arm-none-eabi/10.3.1/../../../../arm-none-eabi/lib/thumb/v6-m/nofp\libc_nano.a(lib_a-findfp.o)
                0x0800a800                __sfp_lock_release
 .text.__sinit_lock_acquire
                0x0800a810       0x10 c:/program files (x86)/gnu arm embedded toolchain/10 2021.10/bin/../lib/gcc/arm-none-eabi/10.3.1/../../../../arm-none-eabi/lib/thumb/v6-m/nofp\libc_nano.a(lib_a-findfp.o)
                0x0800a810                __sinit_lock_acquire
 .text.__sinit_lock_release
                0x0800a820       0x10 c:/program files (x86)/gnu arm embedded toolchain/10 2021.10/bin/../lib/gcc/arm-none-eabi/10.3.1/../../../../arm-none-eabi/lib/thumb/v6-m/nofp\libc_nano.a(lib_a-findfp.o)
                0x0800a820                __sinit_lock_release
 .text.__sinit  0x0800a830       0x70 c:/program files (x86)/gnu arm embedded toolchain/10 2021.10/bin/../lib/gcc/arm-none-eabi/10.3.1/../../../../arm-none-eabi/lib/thumb/v6-m/nofp\libc_nano.a(lib_a-findfp.o)
                0x0800a830                __sinit
 .text.__sfp    0x0800a8a0       0x90 c:/program files (x86)/gnu arm embedded toolchain/10 2021.10/bin/../lib/gcc/arm-none-eabi/10.3.1/../../../../arm-none-eabi/lib/thumb/v6-m/nofp\libc_nano.a(lib_a-findfp.o)
                0x0800a8a0                __sfp
 .text._fwalk_reent
                0x0800a930       0x40 c:/program files (x86)/gnu arm embedded toolchain/10 2021.10/bin/../lib/gcc/arm-none-eabi/10.3.1/../../../../arm-none-eabi/lib/thumb/v6-m/nofp\libc_nano.a(lib_a-fwalk.o)
                0x0800a930                _fwalk_reent
 .text.__retarget_lock_init_recursive
                0x0800a970        0x2 c:/program files (x86)/gnu arm embedded toolchain/10 2021.10/bin/../lib/gcc/arm-none-eabi/10.3.1/../../../../arm-none-eabi/lib/thumb/v6-m/nofp\libc_nano.a(lib_a-lock.o)
                0x0800a970                __retarget_lock_init_recursive
 .text.__retarget_lock_acquire_recursive
                0x0800a972        0x2 c:/program files (x86)/gnu arm embedded toolchain/10 2021.10/bin/../lib/gcc/arm-none-eabi/10.3.1/../../../../arm-none-eabi/lib/thumb/v6-m/nofp\libc_nano.a(lib_a-lock.o)
                0x0800a972                __retarget_lock_acquire_recursive
 .text.__retarget_lock_release_recursive
                0x0800a974        0x2 c:/program files (x86)/gnu arm embedded toolchain/10 2021.10/bin/../lib/gcc/arm-none-eabi/10.3.1/../../../../arm-none-eabi/lib/thumb/v6-m/nofp\libc_nano.a(lib_a-lock.o)
                0x0800a974                __retarget_lock_release_recursive
 *fill*         0x0800a976        0x2 
 .text.__swhatbuf_r
                0x0800a978       0x50 c:/program files (x86)/gnu arm embedded toolchain/10 2021.10/bin/../lib/gcc/arm-none-eabi/10.3.1/../../../../arm-none-eabi/lib/thumb/v6-m/nofp\libc_nano.a(lib_a-makebuf.o)
                0x0800a978                __swhatbuf_r
 .text.__smakebuf_r
                0x0800a9c8       0x88 c:/program files (x86)/gnu arm embedded toolchain/10 2021.10/bin/../lib/gcc/arm-none-eabi/10.3.1/../../../../arm-none-eabi/lib/thumb/v6-m/nofp\libc_nano.a(lib_a-makebuf.o)
                0x0800a9c8                __smakebuf_r
 .text._free_r  0x0800aa50       0x94 c:/program files (x86)/gnu arm embedded toolchain/10 2021.10/bin/../lib/gcc/arm-none-eabi/10.3.1/../../../../arm-none-eabi/lib/thumb/v6-m/nofp\libc_nano.a(lib_a-nano-freer.o)
                0x0800aa50                _free_r
 .text.sbrk_aligned
                0x0800aae4       0x44 c:/program files (x86)/gnu arm embedded toolchain/10 2021.10/bin/../lib/gcc/arm-none-eabi/10.3.1/../../../../arm-none-eabi/lib/thumb/v6-m/nofp\libc_nano.a(lib_a-nano-mallocr.o)
 .text._malloc_r
                0x0800ab28       0xec c:/program files (x86)/gnu arm embedded toolchain/10 2021.10/bin/../lib/gcc/arm-none-eabi/10.3.1/../../../../arm-none-eabi/lib/thumb/v6-m/nofp\libc_nano.a(lib_a-nano-mallocr.o)
                0x0800ab28                _malloc_r
 .text.__ssputs_r
                0x0800ac14       0xc4 c:/program files (x86)/gnu arm embedded toolchain/10 2021.10/bin/../lib/gcc/arm-none-eabi/10.3.1/../../../../arm-none-eabi/lib/thumb/v6-m/nofp\libc_nano.a(lib_a-nano-svfprintf.o)
                0x0800ac14                __ssputs_r
 .text._svfprintf_r
                0x0800acd8      0x200 c:/program files (x86)/gnu arm embedded toolchain/10 2021.10/bin/../lib/gcc/arm-none-eabi/10.3.1/../../../../arm-none-eabi/lib/thumb/v6-m/nofp\libc_nano.a(lib_a-nano-svfprintf.o)
                0x0800acd8                _svfiprintf_r
                0x0800acd8                _svfprintf_r
 .text._printf_common
                0x0800aed8       0xde c:/program files (x86)/gnu arm embedded toolchain/10 2021.10/bin/../lib/gcc/arm-none-eabi/10.3.1/../../../../arm-none-eabi/lib/thumb/v6-m/nofp\libc_nano.a(lib_a-nano-vfprintf_i.o)
                0x0800aed8                _printf_common
 *fill*         0x0800afb6        0x2 
 .text._printf_i
                0x0800afb8      0x224 c:/program files (x86)/gnu arm embedded toolchain/10 2021.10/bin/../lib/gcc/arm-none-eabi/10.3.1/../../../../arm-none-eabi/lib/thumb/v6-m/nofp\libc_nano.a(lib_a-nano-vfprintf_i.o)
                0x0800afb8                _printf_i
 .text._sbrk_r  0x0800b1dc       0x24 c:/program files (x86)/gnu arm embedded toolchain/10 2021.10/bin/../lib/gcc/arm-none-eabi/10.3.1/../../../../arm-none-eabi/lib/thumb/v6-m/nofp\libc_nano.a(lib_a-sbrkr.o)
                0x0800b1dc                _sbrk_r
 .text.__sread  0x0800b200       0x28 c:/program files (x86)/gnu arm embedded toolchain/10 2021.10/bin/../lib/gcc/arm-none-eabi/10.3.1/../../../../arm-none-eabi/lib/thumb/v6-m/nofp\libc_nano.a(lib_a-stdio.o)
                0x0800b200                __sread
 .text.__swrite
                0x0800b228       0x38 c:/program files (x86)/gnu arm embedded toolchain/10 2021.10/bin/../lib/gcc/arm-none-eabi/10.3.1/../../../../arm-none-eabi/lib/thumb/v6-m/nofp\libc_nano.a(lib_a-stdio.o)
                0x0800b228                __swrite
 .text.__sseek  0x0800b260       0x2c c:/program files (x86)/gnu arm embedded toolchain/10 2021.10/bin/../lib/gcc/arm-none-eabi/10.3.1/../../../../arm-none-eabi/lib/thumb/v6-m/nofp\libc_nano.a(lib_a-stdio.o)
                0x0800b260                __sseek
 .text.__sclose
                0x0800b28c        0xc c:/program files (x86)/gnu arm embedded toolchain/10 2021.10/bin/../lib/gcc/arm-none-eabi/10.3.1/../../../../arm-none-eabi/lib/thumb/v6-m/nofp\libc_nano.a(lib_a-stdio.o)
                0x0800b28c                __sclose
 .text._write_r
                0x0800b298       0x28 c:/program files (x86)/gnu arm embedded toolchain/10 2021.10/bin/../lib/gcc/arm-none-eabi/10.3.1/../../../../arm-none-eabi/lib/thumb/v6-m/nofp\libc_nano.a(lib_a-writer.o)
                0x0800b298                _write_r
 .text._close_r
                0x0800b2c0       0x24 c:/program files (x86)/gnu arm embedded toolchain/10 2021.10/bin/../lib/gcc/arm-none-eabi/10.3.1/../../../../arm-none-eabi/lib/thumb/v6-m/nofp\libc_nano.a(lib_a-closer.o)
                0x0800b2c0                _close_r
 .text._fstat_r
                0x0800b2e4       0x24 c:/program files (x86)/gnu arm embedded toolchain/10 2021.10/bin/../lib/gcc/arm-none-eabi/10.3.1/../../../../arm-none-eabi/lib/thumb/v6-m/nofp\libc_nano.a(lib_a-fstatr.o)
                0x0800b2e4                _fstat_r
 .text._isatty_r
                0x0800b308       0x24 c:/program files (x86)/gnu arm embedded toolchain/10 2021.10/bin/../lib/gcc/arm-none-eabi/10.3.1/../../../../arm-none-eabi/lib/thumb/v6-m/nofp\libc_nano.a(lib_a-isattyr.o)
                0x0800b308                _isatty_r
 .text._lseek_r
                0x0800b32c       0x28 c:/program files (x86)/gnu arm embedded toolchain/10 2021.10/bin/../lib/gcc/arm-none-eabi/10.3.1/../../../../arm-none-eabi/lib/thumb/v6-m/nofp\libc_nano.a(lib_a-lseekr.o)
                0x0800b32c                _lseek_r
 .text.memchr   0x0800b354       0x16 c:/program files (x86)/gnu arm embedded toolchain/10 2021.10/bin/../lib/gcc/arm-none-eabi/10.3.1/../../../../arm-none-eabi/lib/thumb/v6-m/nofp\libc_nano.a(lib_a-memchr-stub.o)
                0x0800b354                memchr
 .text.memmove  0x0800b36a       0x26 c:/program files (x86)/gnu arm embedded toolchain/10 2021.10/bin/../lib/gcc/arm-none-eabi/10.3.1/../../../../arm-none-eabi/lib/thumb/v6-m/nofp\libc_nano.a(lib_a-memmove.o)
                0x0800b36a                memmove
 .text.__malloc_lock
                0x0800b390       0x10 c:/program files (x86)/gnu arm embedded toolchain/10 2021.10/bin/../lib/gcc/arm-none-eabi/10.3.1/../../../../arm-none-eabi/lib/thumb/v6-m/nofp\libc_nano.a(lib_a-mlock.o)
                0x0800b390                __malloc_lock
 .text.__malloc_unlock
                0x0800b3a0       0x10 c:/program files (x86)/gnu arm embedded toolchain/10 2021.10/bin/../lib/gcc/arm-none-eabi/10.3.1/../../../../arm-none-eabi/lib/thumb/v6-m/nofp\libc_nano.a(lib_a-mlock.o)
                0x0800b3a0                __malloc_unlock
 .text._realloc_r
                0x0800b3b0       0x5e c:/program files (x86)/gnu arm embedded toolchain/10 2021.10/bin/../lib/gcc/arm-none-eabi/10.3.1/../../../../arm-none-eabi/lib/thumb/v6-m/nofp\libc_nano.a(lib_a-nano-reallocr.o)
                0x0800b3b0                _realloc_r
 *fill*         0x0800b40e        0x2 
 .text._read_r  0x0800b410       0x28 c:/program files (x86)/gnu arm embedded toolchain/10 2021.10/bin/../lib/gcc/arm-none-eabi/10.3.1/../../../../arm-none-eabi/lib/thumb/v6-m/nofp\libc_nano.a(lib_a-readr.o)
                0x0800b410                _read_r
 .text._malloc_usable_size_r
                0x0800b438       0x10 c:/program files (x86)/gnu arm embedded toolchain/10 2021.10/bin/../lib/gcc/arm-none-eabi/10.3.1/../../../../arm-none-eabi/lib/thumb/v6-m/nofp\libc_nano.a(lib_a-nano-msizer.o)
                0x0800b438                _malloc_usable_size_r
 .text._close   0x0800b448       0x10 c:/program files (x86)/gnu arm embedded toolchain/10 2021.10/bin/../lib/gcc/arm-none-eabi/10.3.1/../../../../arm-none-eabi/lib/thumb/v6-m/nofp\libnosys.a(close.o)
                0x0800b448                _close
 .text._fstat   0x0800b458       0x10 c:/program files (x86)/gnu arm embedded toolchain/10 2021.10/bin/../lib/gcc/arm-none-eabi/10.3.1/../../../../arm-none-eabi/lib/thumb/v6-m/nofp\libnosys.a(fstat.o)
                0x0800b458                _fstat
 .text._isatty  0x0800b468       0x10 c:/program files (x86)/gnu arm embedded toolchain/10 2021.10/bin/../lib/gcc/arm-none-eabi/10.3.1/../../../../arm-none-eabi/lib/thumb/v6-m/nofp\libnosys.a(isatty.o)
                0x0800b468                _isatty
 .text._lseek   0x0800b478       0x10 c:/program files (x86)/gnu arm embedded toolchain/10 2021.10/bin/../lib/gcc/arm-none-eabi/10.3.1/../../../../arm-none-eabi/lib/thumb/v6-m/nofp\libnosys.a(lseek.o)
                0x0800b478                _lseek
 .text._read    0x0800b488       0x10 c:/program files (x86)/gnu arm embedded toolchain/10 2021.10/bin/../lib/gcc/arm-none-eabi/10.3.1/../../../../arm-none-eabi/lib/thumb/v6-m/nofp\libnosys.a(read.o)
                0x0800b488                _read
 .text._sbrk    0x0800b498       0x1c c:/program files (x86)/gnu arm embedded toolchain/10 2021.10/bin/../lib/gcc/arm-none-eabi/10.3.1/../../../../arm-none-eabi/lib/thumb/v6-m/nofp\libnosys.a(sbrk.o)
                0x0800b498                _sbrk
 .text._write   0x0800b4b4       0x10 c:/program files (x86)/gnu arm embedded toolchain/10 2021.10/bin/../lib/gcc/arm-none-eabi/10.3.1/../../../../arm-none-eabi/lib/thumb/v6-m/nofp\libnosys.a(write.o)
                0x0800b4b4                _write
 *(.glue_7)
 .glue_7        0x0800b4c4        0x0 linker stubs
 *(.glue_7t)
 .glue_7t       0x0800b4c4        0x0 linker stubs
 *(.eh_frame)
 .eh_frame      0x0800b4c4        0x0 c:/program files (x86)/gnu arm embedded toolchain/10 2021.10/bin/../lib/gcc/arm-none-eabi/10.3.1/thumb/v6-m/nofp/crtbegin.o
 *(.init)
 .init          0x0800b4c4        0x4 c:/program files (x86)/gnu arm embedded toolchain/10 2021.10/bin/../lib/gcc/arm-none-eabi/10.3.1/thumb/v6-m/nofp/crti.o
                0x0800b4c4                _init
 .init          0x0800b4c8        0x8 c:/program files (x86)/gnu arm embedded toolchain/10 2021.10/bin/../lib/gcc/arm-none-eabi/10.3.1/thumb/v6-m/nofp/crtn.o
 *(.fini)
 .fini          0x0800b4d0        0x4 c:/program files (x86)/gnu arm embedded toolchain/10 2021.10/bin/../lib/gcc/arm-none-eabi/10.3.1/thumb/v6-m/nofp/crti.o
                0x0800b4d0                _fini
 .fini          0x0800b4d4        0x8 c:/program files (x86)/gnu arm embedded toolchain/10 2021.10/bin/../lib/gcc/arm-none-eabi/10.3.1/thumb/v6-m/nofp/crtn.o
                0x0800b4dc                . = ALIGN (0x4)
                0x0800b4dc                _etext = .

.vfp11_veneer   0x0800b4dc        0x0
 .vfp11_veneer  0x0800b4dc        0x0 linker stubs

.v4_bx          0x0800b4dc        0x0
 .v4_bx         0x0800b4dc        0x0 linker stubs

.iplt           0x0800b4dc        0x0
 .iplt          0x0800b4dc        0x0 c:/program files (x86)/gnu arm embedded toolchain/10 2021.10/bin/../lib/gcc/arm-none-eabi/10.3.1/thumb/v6-m/nofp/crtbegin.o

.RamFunc        0x0800b4dc       0x38
 .RamFunc       0x0800b4dc       0x38 build/stm32g0xx_hal_flash.o

.rodata         0x0800b514     0x10fc
                0x0800b514                . = ALIGN (0x4)
 *(.rodata)
 .rodata        0x0800b514       0x80 c:/program files (x86)/gnu arm embedded toolchain/10 2021.10/bin/../lib/gcc/arm-none-eabi/10.3.1/thumb/v6-m/nofp\libgcc.a(divsf3.o)
 .rodata        0x0800b594       0x40 c:/program files (x86)/gnu arm embedded toolchain/10 2021.10/bin/../lib/gcc/arm-none-eabi/10.3.1/thumb/v6-m/nofp\libgcc.a(mulsf3.o)
 .rodata        0x0800b5d4       0x40 c:/program files (x86)/gnu arm embedded toolchain/10 2021.10/bin/../lib/gcc/arm-none-eabi/10.3.1/thumb/v6-m/nofp\libgcc.a(divdf3.o)
 .rodata        0x0800b614       0x40 c:/program files (x86)/gnu arm embedded toolchain/10 2021.10/bin/../lib/gcc/arm-none-eabi/10.3.1/thumb/v6-m/nofp\libgcc.a(muldf3.o)
 *(.rodata*)
 .rodata.Is_Setup_Right.str1.4
                0x0800b654       0x2b build/main.o
 *fill*         0x0800b67f        0x1 
 .rodata.Stm32_Check_Sim_Card_Connect_Network_Service.str1.4
                0x0800b680        0x7 build/main.o
 *fill*         0x0800b687        0x1 
 .rodata.Stm32_Check_Esp32_Connect_WiFi.str1.4
                0x0800b688        0xb build/main.o
 *fill*         0x0800b693        0x1 
 .rodata.Stm32_Restart.str1.4
                0x0800b694       0x11 build/main.o
 *fill*         0x0800b6a5        0x3 
 .rodata.Broker_Connect_Init.str1.4
                0x0800b6a8       0xff build/main.o
                                0x103 (size before relaxing)
 *fill*         0x0800b7a7        0x1 
 .rodata.sendCBSC.str1.4
                0x0800b7a8       0x25 build/main.o
 *fill*         0x0800b7cd        0x3 
 .rodata.Esp32_WiFi_Init.str1.4
                0x0800b7d0       0x2f build/main.o
 *fill*         0x0800b7ff        0x1 
 .rodata.main.str1.4
                0x0800b800      0x804 build/main.o
                                0x824 (size before relaxing)
 .rodata.main   0x0800c004       0xac build/main.o
 .rodata.RSSI_WiFi.str1.4
                0x0800c0b0        0xc build/espressifAT.o
 .rodata.Esp32_Restart.str1.4
                0x0800c0bc        0x9 build/espressifAT.o
 *fill*         0x0800c0c5        0x3 
 .rodata.Esp32_Echo.str1.4
                0x0800c0c8        0xf build/espressifAT.o
 *fill*         0x0800c0d7        0x1 
 .rodata.Esp32_WiFiMode.str1.4
                0x0800c0d8       0x3e build/espressifAT.o
 *fill*         0x0800c116        0x2 
 .rodata.Esp32_Start_SmartConfig.str1.4
                0x0800c118       0x3c build/espressifAT.o
 .rodata.Esp32_Stop_SmartConfig.str1.4
                0x0800c154       0x11 build/espressifAT.o
 *fill*         0x0800c165        0x3 
 .rodata.Esp32_Setup_Default.str1.4
                0x0800c168        0xd build/espressifAT.o
 *fill*         0x0800c175        0x3 
 .rodata.Esp32_Mqtt_UserConfig.str1.4
                0x0800c178       0x2b build/espressifAT.o
 *fill*         0x0800c1a3        0x1 
 .rodata.Esp32_Mqtt_Connect_Broker.str1.4
                0x0800c1a4       0x1a build/espressifAT.o
 *fill*         0x0800c1be        0x2 
 .rodata.Esp32_Mqtt_Disconnect_Broker.str1.4
                0x0800c1c0       0x11 build/espressifAT.o
 *fill*         0x0800c1d1        0x3 
 .rodata.Esp32_Mqtt_Subscribe.str1.4
                0x0800c1d4       0x16 build/espressifAT.o
 *fill*         0x0800c1ea        0x2 
 .rodata.Esp32_Mqtt_Publish.str1.4
                0x0800c1ec       0x1e build/espressifAT.o
 *fill*         0x0800c20a        0x2 
 .rodata.Get_RSSI_Sim4GLTE.str1.4
                0x0800c20c       0x12 build/simcomAT.o
 *fill*         0x0800c21e        0x2 
 .rodata.Get_Service_Provider_Name_Sim4GLTE.str1.4
                0x0800c220       0x5a build/simcomAT.o
 *fill*         0x0800c27a        0x2 
 .rodata.Is_Insert_Sim_Card.str1.4
                0x0800c27c        0xb build/simcomAT.o
 *fill*         0x0800c287        0x1 
 .rodata.SimA7670C_Reset.str1.4
                0x0800c288        0xc build/simcomAT.o
 .rodata.SimA7670C_Echo.str1.4
                0x0800c294        0xf build/simcomAT.o
 .rodata.SimA7670C_PDP_Context_Config.str1.4
                0x0800c294       0x1b build/simcomAT.o
 *fill*         0x0800c2af        0x1 
 .rodata.SimA7670C_PDP_Context_Set.str1.4
                0x0800c2b0       0x11 build/simcomAT.o
 *fill*         0x0800c2c1        0x3 
 .rodata.SimA7670C_MQTT_StartService.str1.4
                0x0800c2c4       0x10 build/simcomAT.o
 .rodata.SimA7670C_MQTT_StopService.str1.4
                0x0800c2d4        0xf build/simcomAT.o
 *fill*         0x0800c2e3        0x1 
 .rodata.SimA7670C_MQTT_Client_Config.str1.4
                0x0800c2e4       0x18 build/simcomAT.o
 .rodata.SimA7670C_MQTT_BrokerConnect.str1.4
                0x0800c2fc       0x31 build/simcomAT.o
 *fill*         0x0800c32d        0x3 
 .rodata.SimA7670C_MQTT_BrokerDisconnect.str1.4
                0x0800c330       0x28 build/simcomAT.o
 .rodata.SimA7670C_Mqtt_Subscribe.str1.4
                0x0800c358       0x37 build/simcomAT.o
                                 0x3b (size before relaxing)
 *fill*         0x0800c38f        0x1 
 .rodata.SimA7670C_Mqtt_Publish.str1.4
                0x0800c390       0x53 build/simcomAT.o
 *fill*         0x0800c3e3        0x1 
 .rodata.TextToHexStr.str1.4
                0x0800c3e4        0x5 build/datatype.o
 *fill*         0x0800c3e9        0x3 
 .rodata.UARTPrescTable
                0x0800c3ec       0x18 build/stm32g0xx_hal_uart.o
                0x0800c3ec                UARTPrescTable
 .rodata.denominator.0
                0x0800c404        0x8 build/stm32g0xx_hal_uart_ex.o
 .rodata.numerator.1
                0x0800c40c        0x8 build/stm32g0xx_hal_uart_ex.o
 .rodata.AHBPrescTable
                0x0800c414       0x40 build/system_stm32g0xx.o
                0x0800c414                AHBPrescTable
 .rodata.APBPrescTable
                0x0800c454       0x20 build/system_stm32g0xx.o
                0x0800c454                APBPrescTable
 .rodata._global_impure_ptr
                0x0800c474        0x4 c:/program files (x86)/gnu arm embedded toolchain/10 2021.10/bin/../lib/gcc/arm-none-eabi/10.3.1/../../../../arm-none-eabi/lib/thumb/v6-m/nofp\libc_nano.a(lib_a-impure.o)
                0x0800c474                _global_impure_ptr
 .rodata._ctype_
                0x0800c478      0x101 c:/program files (x86)/gnu arm embedded toolchain/10 2021.10/bin/../lib/gcc/arm-none-eabi/10.3.1/../../../../arm-none-eabi/lib/thumb/v6-m/nofp\libc_nano.a(lib_a-ctype_.o)
                0x0800c478                _ctype_
 *fill*         0x0800c579        0x3 
 .rodata.__sf_fake_stderr
                0x0800c57c       0x20 c:/program files (x86)/gnu arm embedded toolchain/10 2021.10/bin/../lib/gcc/arm-none-eabi/10.3.1/../../../../arm-none-eabi/lib/thumb/v6-m/nofp\libc_nano.a(lib_a-findfp.o)
                0x0800c57c                __sf_fake_stderr
 .rodata.__sf_fake_stdin
                0x0800c59c       0x20 c:/program files (x86)/gnu arm embedded toolchain/10 2021.10/bin/../lib/gcc/arm-none-eabi/10.3.1/../../../../arm-none-eabi/lib/thumb/v6-m/nofp\libc_nano.a(lib_a-findfp.o)
                0x0800c59c                __sf_fake_stdin
 .rodata.__sf_fake_stdout
                0x0800c5bc       0x20 c:/program files (x86)/gnu arm embedded toolchain/10 2021.10/bin/../lib/gcc/arm-none-eabi/10.3.1/../../../../arm-none-eabi/lib/thumb/v6-m/nofp\libc_nano.a(lib_a-findfp.o)
                0x0800c5bc                __sf_fake_stdout
 .rodata._svfprintf_r.str1.1
                0x0800c5dc       0x11 c:/program files (x86)/gnu arm embedded toolchain/10 2021.10/bin/../lib/gcc/arm-none-eabi/10.3.1/../../../../arm-none-eabi/lib/thumb/v6-m/nofp\libc_nano.a(lib_a-nano-svfprintf.o)
 .rodata._printf_i.str1.1
                0x0800c5ed       0x22 c:/program files (x86)/gnu arm embedded toolchain/10 2021.10/bin/../lib/gcc/arm-none-eabi/10.3.1/../../../../arm-none-eabi/lib/thumb/v6-m/nofp\libc_nano.a(lib_a-nano-vfprintf_i.o)
                0x0800c610                . = ALIGN (0x4)
 *fill*         0x0800c60f        0x1 

.rel.dyn        0x0800c610        0x0
 .rel.iplt      0x0800c610        0x0 c:/program files (x86)/gnu arm embedded toolchain/10 2021.10/bin/../lib/gcc/arm-none-eabi/10.3.1/thumb/v6-m/nofp/crtbegin.o

.ARM.extab
 *(.ARM.extab* .gnu.linkonce.armextab.*)

.ARM            0x0800c610        0x0
                0x0800c610                __exidx_start = .
 *(.ARM.exidx*)
                0x0800c610                __exidx_end = .

.preinit_array  0x0800c610        0x0
                0x0800c610                PROVIDE (__preinit_array_start = .)
 *(.preinit_array*)
                0x0800c610                PROVIDE (__preinit_array_end = .)

.init_array     0x0800c610        0x4
                0x0800c610                PROVIDE (__init_array_start = .)
 *(SORT_BY_NAME(.init_array.*))
 *(.init_array*)
 .init_array    0x0800c610        0x4 c:/program files (x86)/gnu arm embedded toolchain/10 2021.10/bin/../lib/gcc/arm-none-eabi/10.3.1/thumb/v6-m/nofp/crtbegin.o
                0x0800c614                PROVIDE (__init_array_end = .)

.fini_array     0x0800c614        0x4
                [!provide]                PROVIDE (__fini_array_start = .)
 *(SORT_BY_NAME(.fini_array.*))
 *(.fini_array*)
 .fini_array    0x0800c614        0x4 c:/program files (x86)/gnu arm embedded toolchain/10 2021.10/bin/../lib/gcc/arm-none-eabi/10.3.1/thumb/v6-m/nofp/crtbegin.o
                [!provide]                PROVIDE (__fini_array_end = .)
                0x0800c618                _sidata = LOADADDR (.data)

.data           0x20000000       0x74 load address 0x0800c618
                0x20000000                . = ALIGN (0x4)
                0x20000000                _sdata = .
 *(.data)
 *(.data*)
 .data.Baudrate_Default
                0x20000000        0x4 build/main.o
                0x20000000                Baudrate_Default
 .data.uwTickFreq
                0x20000004        0x1 build/stm32g0xx_hal.o
                0x20000004                uwTickFreq
 *fill*         0x20000005        0x3 
 .data.uwTickPrio
                0x20000008        0x4 build/stm32g0xx_hal.o
                0x20000008                uwTickPrio
 .data.SystemCoreClock
                0x2000000c        0x4 build/system_stm32g0xx.o
                0x2000000c                SystemCoreClock
 .data._impure_ptr
                0x20000010        0x4 c:/program files (x86)/gnu arm embedded toolchain/10 2021.10/bin/../lib/gcc/arm-none-eabi/10.3.1/../../../../arm-none-eabi/lib/thumb/v6-m/nofp\libc_nano.a(lib_a-impure.o)
                0x20000010                _impure_ptr
 .data.impure_data
                0x20000014       0x60 c:/program files (x86)/gnu arm embedded toolchain/10 2021.10/bin/../lib/gcc/arm-none-eabi/10.3.1/../../../../arm-none-eabi/lib/thumb/v6-m/nofp\libc_nano.a(lib_a-impure.o)
                0x20000074                . = ALIGN (0x4)
                0x20000074                _edata = .

.igot.plt       0x20000074        0x0 load address 0x0800c68c
 .igot.plt      0x20000074        0x0 c:/program files (x86)/gnu arm embedded toolchain/10 2021.10/bin/../lib/gcc/arm-none-eabi/10.3.1/thumb/v6-m/nofp/crtbegin.o
                0x20000074                . = ALIGN (0x4)

.bss            0x20000074     0x1988 load address 0x0800c68c
                0x20000074                _sbss = .
                0x20000074                __bss_start__ = _sbss
 *(.bss)
 .bss           0x20000074       0x1c c:/program files (x86)/gnu arm embedded toolchain/10 2021.10/bin/../lib/gcc/arm-none-eabi/10.3.1/thumb/v6-m/nofp/crtbegin.o
 *(.bss*)
 .bss.ADC_Value
                0x20000090        0x2 build/main.o
                0x20000090                ADC_Value
 *fill*         0x20000092        0x2 
 .bss.Battery_Percentage
                0x20000094        0x4 build/main.o
                0x20000094                Battery_Percentage
 .bss.Battery_Voltage
                0x20000098        0x4 build/main.o
                0x20000098                Battery_Voltage
 .bss.Battery_Voltage_Buf
                0x2000009c        0x3 build/main.o
                0x2000009c                Battery_Voltage_Buf
 .bss.Button_Press_Keep_Count.4
                0x2000009f        0x1 build/main.o
 .bss.DATA_DISPLAY
                0x200000a0        0x1 build/main.o
                0x200000a0                DATA_DISPLAY
 *fill*         0x200000a1        0x3 
 .bss.Eeprom_Buf
                0x200000a4        0x8 build/main.o
                0x200000a4                Eeprom_Buf
 .bss.Eeprom_Host
                0x200000ac       0x1c build/main.o
                0x200000ac                Eeprom_Host
 .bss.Eeprom_Password
                0x200000c8        0x8 build/main.o
                0x200000c8                Eeprom_Password
 .bss.Eeprom_TopicPub
                0x200000d0       0x14 build/main.o
                0x200000d0                Eeprom_TopicPub
 .bss.Eeprom_TopicSub
                0x200000e4       0x10 build/main.o
                0x200000e4                Eeprom_TopicSub
 .bss.Eeprom_Username
                0x200000f4        0x8 build/main.o
                0x200000f4                Eeprom_Username
 .bss.Filter_Buf
                0x200000fc      0x1f4 build/main.o
                0x200000fc                Filter_Buf
 .bss.Interval_Count.5
                0x200002f0        0x1 build/main.o
 .bss.Interval_Flag
                0x200002f1        0x1 build/main.o
                0x200002f1                Interval_Flag
 *fill*         0x200002f2        0x2 
 .bss.Inverter_Buf
                0x200002f4      0x1f4 build/main.o
                0x200002f4                Inverter_Buf
 .bss.Inverter_Count
                0x200004e8        0x2 build/main.o
                0x200004e8                Inverter_Count
 .bss.Inverter_Data
                0x200004ea        0x1 build/main.o
                0x200004ea                Inverter_Data
 .bss.Previous_State.1
                0x200004eb        0x1 build/main.o
 .bss.Receive_Package_Buf
                0x200004ec      0x514 build/main.o
                0x200004ec                Receive_Package_Buf
 .bss.Req_Ping_Count.3
                0x20000a00        0x1 build/main.o
 .bss.Req_Ping_Flag
                0x20000a01        0x1 build/main.o
                0x20000a01                Req_Ping_Flag
 *fill*         0x20000a02        0x2 
 .bss.Send_Package_Buf
                0x20000a04      0x7d0 build/main.o
                0x20000a04                Send_Package_Buf
 .bss.SimA7670C_Count_Data
                0x200011d4        0x2 build/main.o
                0x200011d4                SimA7670C_Count_Data
 .bss.SimA7670C_Data
                0x200011d6        0x1 build/main.o
                0x200011d6                SimA7670C_Data
 *fill*         0x200011d7        0x1 
 .bss.SimA7670C_Rx_Buf
                0x200011d8      0x1f4 build/main.o
                0x200011d8                SimA7670C_Rx_Buf
 .bss.State_Data.0
                0x200013cc        0x1 build/main.o
 .bss.State_WiFi.2
                0x200013cd        0x1 build/main.o
 .bss.WIRELESS_DISPLAY
                0x200013ce        0x1 build/main.o
                0x200013ce                WIRELESS_DISPLAY
 *fill*         0x200013cf        0x1 
 .bss.WiFi_Count_Data
                0x200013d0        0x2 build/main.o
                0x200013d0                WiFi_Count_Data
 .bss.WiFi_Data
                0x200013d2        0x1 build/main.o
                0x200013d2                WiFi_Data
 *fill*         0x200013d3        0x1 
 .bss.WiFi_Rx_Buf
                0x200013d4      0x1f4 build/main.o
                0x200013d4                WiFi_Rx_Buf
 .bss.broker    0x200015c8       0xa8 build/main.o
                0x200015c8                broker
 .bss.hadc1     0x20001670       0x64 build/main.o
                0x20001670                hadc1
 .bss.htim1     0x200016d4       0x4c build/main.o
                0x200016d4                htim1
 .bss.htim15    0x20001720       0x4c build/main.o
                0x20001720                htim15
 .bss.htim3     0x2000176c       0x4c build/main.o
                0x2000176c                htim3
 .bss.htim6     0x200017b8       0x4c build/main.o
                0x200017b8                htim6
 .bss.huart1    0x20001804       0x94 build/main.o
                0x20001804                huart1
 .bss.huart2    0x20001898       0x94 build/main.o
                0x20001898                huart2
 .bss.huart3    0x2000192c       0x94 build/main.o
                0x2000192c                huart3
 .bss.intervalValue
                0x200019c0        0x4 build/main.o
                0x200019c0                intervalValue
 .bss.wirelessProtocol
                0x200019c4        0x1 build/main.o
                0x200019c4                wirelessProtocol
 *fill*         0x200019c5        0x3 
 .bss.pFlash    0x200019c8       0x1c build/stm32g0xx_hal_flash.o
                0x200019c8                pFlash
 .bss.uwTick    0x200019e4        0x4 build/stm32g0xx_hal.o
                0x200019e4                uwTick
 .bss.__lock___malloc_recursive_mutex
                0x200019e8        0x1 c:/program files (x86)/gnu arm embedded toolchain/10 2021.10/bin/../lib/gcc/arm-none-eabi/10.3.1/../../../../arm-none-eabi/lib/thumb/v6-m/nofp\libc_nano.a(lib_a-lock.o)
                0x200019e8                __lock___malloc_recursive_mutex
 .bss.__lock___sfp_recursive_mutex
                0x200019e9        0x1 c:/program files (x86)/gnu arm embedded toolchain/10 2021.10/bin/../lib/gcc/arm-none-eabi/10.3.1/../../../../arm-none-eabi/lib/thumb/v6-m/nofp\libc_nano.a(lib_a-lock.o)
                0x200019e9                __lock___sfp_recursive_mutex
 .bss.__lock___sinit_recursive_mutex
                0x200019ea        0x1 c:/program files (x86)/gnu arm embedded toolchain/10 2021.10/bin/../lib/gcc/arm-none-eabi/10.3.1/../../../../arm-none-eabi/lib/thumb/v6-m/nofp\libc_nano.a(lib_a-lock.o)
                0x200019ea                __lock___sinit_recursive_mutex
 *fill*         0x200019eb        0x1 
 .bss.__malloc_free_list
                0x200019ec        0x4 c:/program files (x86)/gnu arm embedded toolchain/10 2021.10/bin/../lib/gcc/arm-none-eabi/10.3.1/../../../../arm-none-eabi/lib/thumb/v6-m/nofp\libc_nano.a(lib_a-nano-mallocr.o)
                0x200019ec                __malloc_free_list
 .bss.__malloc_sbrk_start
                0x200019f0        0x4 c:/program files (x86)/gnu arm embedded toolchain/10 2021.10/bin/../lib/gcc/arm-none-eabi/10.3.1/../../../../arm-none-eabi/lib/thumb/v6-m/nofp\libc_nano.a(lib_a-nano-mallocr.o)
                0x200019f0                __malloc_sbrk_start
 .bss.errno     0x200019f4        0x4 c:/program files (x86)/gnu arm embedded toolchain/10 2021.10/bin/../lib/gcc/arm-none-eabi/10.3.1/../../../../arm-none-eabi/lib/thumb/v6-m/nofp\libc_nano.a(lib_a-reent.o)
                0x200019f4                errno
 .bss.heap_end.0
                0x200019f8        0x4 c:/program files (x86)/gnu arm embedded toolchain/10 2021.10/bin/../lib/gcc/arm-none-eabi/10.3.1/../../../../arm-none-eabi/lib/thumb/v6-m/nofp\libnosys.a(sbrk.o)
 *(COMMON)
                0x200019fc                . = ALIGN (0x4)
                0x200019fc                _ebss = .
                0x200019fc                __bss_end__ = _ebss

._user_heap_stack
                0x200019fc      0x604 load address 0x0800c68c
                0x20001a00                . = ALIGN (0x8)
 *fill*         0x200019fc        0x4 
                0x20001a00                PROVIDE (end = .)
                [!provide]                PROVIDE (_end = .)
                0x20001c00                . = (. + _Min_Heap_Size)
 *fill*         0x20001a00      0x200 
                0x20002000                . = (. + _Min_Stack_Size)
 *fill*         0x20001c00      0x400 
                0x20002000                . = ALIGN (0x8)

/DISCARD/
 libc.a(*)
 libm.a(*)
 libgcc.a(*)

.ARM.attributes
                0x00000000       0x28
 *(.ARM.attributes)
 .ARM.attributes
                0x00000000       0x1e c:/program files (x86)/gnu arm embedded toolchain/10 2021.10/bin/../lib/gcc/arm-none-eabi/10.3.1/thumb/v6-m/nofp/crti.o
 .ARM.attributes
                0x0000001e       0x2c c:/program files (x86)/gnu arm embedded toolchain/10 2021.10/bin/../lib/gcc/arm-none-eabi/10.3.1/thumb/v6-m/nofp/crtbegin.o
 .ARM.attributes
                0x0000004a       0x2c build/main.o
 .ARM.attributes
                0x00000076       0x2c build/espressifAT.o
 .ARM.attributes
                0x000000a2       0x2c build/simcomAT.o
 .ARM.attributes
                0x000000ce       0x2c build/eeprom.o
 .ARM.attributes
                0x000000fa       0x2c build/relay.o
 .ARM.attributes
                0x00000126       0x2c build/modbusRTU.o
 .ARM.attributes
                0x00000152       0x2c build/datatype.o
 .ARM.attributes
                0x0000017e       0x2c build/stm32g0xx_it.o
 .ARM.attributes
                0x000001aa       0x2c build/stm32g0xx_hal_msp.o
 .ARM.attributes
                0x000001d6       0x2c build/stm32g0xx_hal_tim_ex.o
 .ARM.attributes
                0x00000202       0x2c build/stm32g0xx_hal_rcc.o
 .ARM.attributes
                0x0000022e       0x2c build/stm32g0xx_hal_rcc_ex.o
 .ARM.attributes
                0x0000025a       0x2c build/stm32g0xx_hal_flash.o
 .ARM.attributes
                0x00000286       0x2c build/stm32g0xx_hal_flash_ex.o
 .ARM.attributes
                0x000002b2       0x2c build/stm32g0xx_hal_gpio.o
 .ARM.attributes
                0x000002de       0x2c build/stm32g0xx_hal_dma.o
 .ARM.attributes
                0x0000030a       0x2c build/stm32g0xx_hal_pwr_ex.o
 .ARM.attributes
                0x00000336       0x2c build/stm32g0xx_hal_cortex.o
 .ARM.attributes
                0x00000362       0x2c build/stm32g0xx_hal.o
 .ARM.attributes
                0x0000038e       0x2c build/stm32g0xx_hal_uart.o
 .ARM.attributes
                0x000003ba       0x2c build/stm32g0xx_hal_uart_ex.o
 .ARM.attributes
                0x000003e6       0x2c build/system_stm32g0xx.o
 .ARM.attributes
                0x00000412       0x2c build/stm32g0xx_hal_tim.o
 .ARM.attributes
                0x0000043e       0x2c build/stm32g0xx_hal_adc.o
 .ARM.attributes
                0x0000046a       0x2c build/stm32g0xx_hal_adc_ex.o
 .ARM.attributes
                0x00000496       0x22 build/startup_stm32g070xx.o
 .ARM.attributes
                0x000004b8       0x2c c:/program files (x86)/gnu arm embedded toolchain/10 2021.10/bin/../lib/gcc/arm-none-eabi/10.3.1/../../../../arm-none-eabi/lib/thumb/v6-m/nofp\libc_nano.a(lib_a-atoi.o)
 .ARM.attributes
                0x000004e4       0x2c c:/program files (x86)/gnu arm embedded toolchain/10 2021.10/bin/../lib/gcc/arm-none-eabi/10.3.1/../../../../arm-none-eabi/lib/thumb/v6-m/nofp\libc_nano.a(lib_a-impure.o)
 .ARM.attributes
                0x00000510       0x2c c:/program files (x86)/gnu arm embedded toolchain/10 2021.10/bin/../lib/gcc/arm-none-eabi/10.3.1/../../../../arm-none-eabi/lib/thumb/v6-m/nofp\libc_nano.a(lib_a-init.o)
 .ARM.attributes
                0x0000053c       0x2c c:/program files (x86)/gnu arm embedded toolchain/10 2021.10/bin/../lib/gcc/arm-none-eabi/10.3.1/../../../../arm-none-eabi/lib/thumb/v6-m/nofp\libc_nano.a(lib_a-memcpy-stub.o)
 .ARM.attributes
                0x00000568       0x2c c:/program files (x86)/gnu arm embedded toolchain/10 2021.10/bin/../lib/gcc/arm-none-eabi/10.3.1/../../../../arm-none-eabi/lib/thumb/v6-m/nofp\libc_nano.a(lib_a-memset.o)
 .ARM.attributes
                0x00000594       0x2c c:/program files (x86)/gnu arm embedded toolchain/10 2021.10/bin/../lib/gcc/arm-none-eabi/10.3.1/../../../../arm-none-eabi/lib/thumb/v6-m/nofp\libc_nano.a(lib_a-putc.o)
 .ARM.attributes
                0x000005c0       0x2c c:/program files (x86)/gnu arm embedded toolchain/10 2021.10/bin/../lib/gcc/arm-none-eabi/10.3.1/../../../../arm-none-eabi/lib/thumb/v6-m/nofp\libc_nano.a(lib_a-sprintf.o)
 .ARM.attributes
                0x000005ec       0x2c c:/program files (x86)/gnu arm embedded toolchain/10 2021.10/bin/../lib/gcc/arm-none-eabi/10.3.1/../../../../arm-none-eabi/lib/thumb/v6-m/nofp\libc_nano.a(lib_a-strchr.o)
 .ARM.attributes
                0x00000618       0x2c c:/program files (x86)/gnu arm embedded toolchain/10 2021.10/bin/../lib/gcc/arm-none-eabi/10.3.1/../../../../arm-none-eabi/lib/thumb/v6-m/nofp\libc_nano.a(lib_a-strcpy.o)
 .ARM.attributes
                0x00000644       0x1c c:/program files (x86)/gnu arm embedded toolchain/10 2021.10/bin/../lib/gcc/arm-none-eabi/10.3.1/../../../../arm-none-eabi/lib/thumb/v6-m/nofp\libc_nano.a(lib_a-strlen.o)
 .ARM.attributes
                0x00000660       0x2c c:/program files (x86)/gnu arm embedded toolchain/10 2021.10/bin/../lib/gcc/arm-none-eabi/10.3.1/../../../../arm-none-eabi/lib/thumb/v6-m/nofp\libc_nano.a(lib_a-strstr.o)
 .ARM.attributes
                0x0000068c       0x2c c:/program files (x86)/gnu arm embedded toolchain/10 2021.10/bin/../lib/gcc/arm-none-eabi/10.3.1/../../../../arm-none-eabi/lib/thumb/v6-m/nofp\libc_nano.a(lib_a-strtol.o)
 .ARM.attributes
                0x000006b8       0x2c c:/program files (x86)/gnu arm embedded toolchain/10 2021.10/bin/../lib/gcc/arm-none-eabi/10.3.1/../../../../arm-none-eabi/lib/thumb/v6-m/nofp\libc_nano.a(lib_a-wbuf.o)
 .ARM.attributes
                0x000006e4       0x2c c:/program files (x86)/gnu arm embedded toolchain/10 2021.10/bin/../lib/gcc/arm-none-eabi/10.3.1/../../../../arm-none-eabi/lib/thumb/v6-m/nofp\libc_nano.a(lib_a-wsetup.o)
 .ARM.attributes
                0x00000710       0x2c c:/program files (x86)/gnu arm embedded toolchain/10 2021.10/bin/../lib/gcc/arm-none-eabi/10.3.1/../../../../arm-none-eabi/lib/thumb/v6-m/nofp\libc_nano.a(lib_a-ctype_.o)
 .ARM.attributes
                0x0000073c       0x2c c:/program files (x86)/gnu arm embedded toolchain/10 2021.10/bin/../lib/gcc/arm-none-eabi/10.3.1/../../../../arm-none-eabi/lib/thumb/v6-m/nofp\libc_nano.a(lib_a-errno.o)
 .ARM.attributes
                0x00000768       0x2c c:/program files (x86)/gnu arm embedded toolchain/10 2021.10/bin/../lib/gcc/arm-none-eabi/10.3.1/../../../../arm-none-eabi/lib/thumb/v6-m/nofp\libc_nano.a(lib_a-fflush.o)
 .ARM.attributes
                0x00000794       0x2c c:/program files (x86)/gnu arm embedded toolchain/10 2021.10/bin/../lib/gcc/arm-none-eabi/10.3.1/../../../../arm-none-eabi/lib/thumb/v6-m/nofp\libc_nano.a(lib_a-findfp.o)
 .ARM.attributes
                0x000007c0       0x2c c:/program files (x86)/gnu arm embedded toolchain/10 2021.10/bin/../lib/gcc/arm-none-eabi/10.3.1/../../../../arm-none-eabi/lib/thumb/v6-m/nofp\libc_nano.a(lib_a-fwalk.o)
 .ARM.attributes
                0x000007ec       0x2c c:/program files (x86)/gnu arm embedded toolchain/10 2021.10/bin/../lib/gcc/arm-none-eabi/10.3.1/../../../../arm-none-eabi/lib/thumb/v6-m/nofp\libc_nano.a(lib_a-lock.o)
 .ARM.attributes
                0x00000818       0x2c c:/program files (x86)/gnu arm embedded toolchain/10 2021.10/bin/../lib/gcc/arm-none-eabi/10.3.1/../../../../arm-none-eabi/lib/thumb/v6-m/nofp\libc_nano.a(lib_a-makebuf.o)
 .ARM.attributes
                0x00000844       0x2c c:/program files (x86)/gnu arm embedded toolchain/10 2021.10/bin/../lib/gcc/arm-none-eabi/10.3.1/../../../../arm-none-eabi/lib/thumb/v6-m/nofp\libc_nano.a(lib_a-nano-freer.o)
 .ARM.attributes
                0x00000870       0x2c c:/program files (x86)/gnu arm embedded toolchain/10 2021.10/bin/../lib/gcc/arm-none-eabi/10.3.1/../../../../arm-none-eabi/lib/thumb/v6-m/nofp\libc_nano.a(lib_a-nano-mallocr.o)
 .ARM.attributes
                0x0000089c       0x2c c:/program files (x86)/gnu arm embedded toolchain/10 2021.10/bin/../lib/gcc/arm-none-eabi/10.3.1/../../../../arm-none-eabi/lib/thumb/v6-m/nofp\libc_nano.a(lib_a-nano-svfprintf.o)
 .ARM.attributes
                0x000008c8       0x2c c:/program files (x86)/gnu arm embedded toolchain/10 2021.10/bin/../lib/gcc/arm-none-eabi/10.3.1/../../../../arm-none-eabi/lib/thumb/v6-m/nofp\libc_nano.a(lib_a-nano-vfprintf_i.o)
 .ARM.attributes
                0x000008f4       0x2c c:/program files (x86)/gnu arm embedded toolchain/10 2021.10/bin/../lib/gcc/arm-none-eabi/10.3.1/../../../../arm-none-eabi/lib/thumb/v6-m/nofp\libc_nano.a(lib_a-sbrkr.o)
 .ARM.attributes
                0x00000920       0x2c c:/program files (x86)/gnu arm embedded toolchain/10 2021.10/bin/../lib/gcc/arm-none-eabi/10.3.1/../../../../arm-none-eabi/lib/thumb/v6-m/nofp\libc_nano.a(lib_a-stdio.o)
 .ARM.attributes
                0x0000094c       0x2c c:/program files (x86)/gnu arm embedded toolchain/10 2021.10/bin/../lib/gcc/arm-none-eabi/10.3.1/../../../../arm-none-eabi/lib/thumb/v6-m/nofp\libc_nano.a(lib_a-writer.o)
 .ARM.attributes
                0x00000978       0x2c c:/program files (x86)/gnu arm embedded toolchain/10 2021.10/bin/../lib/gcc/arm-none-eabi/10.3.1/../../../../arm-none-eabi/lib/thumb/v6-m/nofp\libc_nano.a(lib_a-closer.o)
 .ARM.attributes
                0x000009a4       0x2c c:/program files (x86)/gnu arm embedded toolchain/10 2021.10/bin/../lib/gcc/arm-none-eabi/10.3.1/../../../../arm-none-eabi/lib/thumb/v6-m/nofp\libc_nano.a(lib_a-fstatr.o)
 .ARM.attributes
                0x000009d0       0x2c c:/program files (x86)/gnu arm embedded toolchain/10 2021.10/bin/../lib/gcc/arm-none-eabi/10.3.1/../../../../arm-none-eabi/lib/thumb/v6-m/nofp\libc_nano.a(lib_a-isattyr.o)
 .ARM.attributes
                0x000009fc       0x2c c:/program files (x86)/gnu arm embedded toolchain/10 2021.10/bin/../lib/gcc/arm-none-eabi/10.3.1/../../../../arm-none-eabi/lib/thumb/v6-m/nofp\libc_nano.a(lib_a-lseekr.o)
 .ARM.attributes
                0x00000a28       0x2c c:/program files (x86)/gnu arm embedded toolchain/10 2021.10/bin/../lib/gcc/arm-none-eabi/10.3.1/../../../../arm-none-eabi/lib/thumb/v6-m/nofp\libc_nano.a(lib_a-memchr-stub.o)
 .ARM.attributes
                0x00000a54       0x2c c:/program files (x86)/gnu arm embedded toolchain/10 2021.10/bin/../lib/gcc/arm-none-eabi/10.3.1/../../../../arm-none-eabi/lib/thumb/v6-m/nofp\libc_nano.a(lib_a-memmove.o)
 .ARM.attributes
                0x00000a80       0x2c c:/program files (x86)/gnu arm embedded toolchain/10 2021.10/bin/../lib/gcc/arm-none-eabi/10.3.1/../../../../arm-none-eabi/lib/thumb/v6-m/nofp\libc_nano.a(lib_a-mlock.o)
 .ARM.attributes
                0x00000aac       0x2c c:/program files (x86)/gnu arm embedded toolchain/10 2021.10/bin/../lib/gcc/arm-none-eabi/10.3.1/../../../../arm-none-eabi/lib/thumb/v6-m/nofp\libc_nano.a(lib_a-nano-reallocr.o)
 .ARM.attributes
                0x00000ad8       0x2c c:/program files (x86)/gnu arm embedded toolchain/10 2021.10/bin/../lib/gcc/arm-none-eabi/10.3.1/../../../../arm-none-eabi/lib/thumb/v6-m/nofp\libc_nano.a(lib_a-readr.o)
 .ARM.attributes
                0x00000b04       0x2c c:/program files (x86)/gnu arm embedded toolchain/10 2021.10/bin/../lib/gcc/arm-none-eabi/10.3.1/../../../../arm-none-eabi/lib/thumb/v6-m/nofp\libc_nano.a(lib_a-reent.o)
 .ARM.attributes
                0x00000b30       0x2c c:/program files (x86)/gnu arm embedded toolchain/10 2021.10/bin/../lib/gcc/arm-none-eabi/10.3.1/../../../../arm-none-eabi/lib/thumb/v6-m/nofp\libc_nano.a(lib_a-nano-msizer.o)
 .ARM.attributes
                0x00000b5c       0x2c c:/program files (x86)/gnu arm embedded toolchain/10 2021.10/bin/../lib/gcc/arm-none-eabi/10.3.1/../../../../arm-none-eabi/lib/thumb/v6-m/nofp\libnosys.a(close.o)
 .ARM.attributes
                0x00000b88       0x2c c:/program files (x86)/gnu arm embedded toolchain/10 2021.10/bin/../lib/gcc/arm-none-eabi/10.3.1/../../../../arm-none-eabi/lib/thumb/v6-m/nofp\libnosys.a(fstat.o)
 .ARM.attributes
                0x00000bb4       0x2c c:/program files (x86)/gnu arm embedded toolchain/10 2021.10/bin/../lib/gcc/arm-none-eabi/10.3.1/../../../../arm-none-eabi/lib/thumb/v6-m/nofp\libnosys.a(isatty.o)
 .ARM.attributes
                0x00000be0       0x2c c:/program files (x86)/gnu arm embedded toolchain/10 2021.10/bin/../lib/gcc/arm-none-eabi/10.3.1/../../../../arm-none-eabi/lib/thumb/v6-m/nofp\libnosys.a(lseek.o)
 .ARM.attributes
                0x00000c0c       0x2c c:/program files (x86)/gnu arm embedded toolchain/10 2021.10/bin/../lib/gcc/arm-none-eabi/10.3.1/../../../../arm-none-eabi/lib/thumb/v6-m/nofp\libnosys.a(read.o)
 .ARM.attributes
                0x00000c38       0x2c c:/program files (x86)/gnu arm embedded toolchain/10 2021.10/bin/../lib/gcc/arm-none-eabi/10.3.1/../../../../arm-none-eabi/lib/thumb/v6-m/nofp\libnosys.a(sbrk.o)
 .ARM.attributes
                0x00000c64       0x2c c:/program files (x86)/gnu arm embedded toolchain/10 2021.10/bin/../lib/gcc/arm-none-eabi/10.3.1/../../../../arm-none-eabi/lib/thumb/v6-m/nofp\libnosys.a(write.o)
 .ARM.attributes
                0x00000c90       0x1e c:/program files (x86)/gnu arm embedded toolchain/10 2021.10/bin/../lib/gcc/arm-none-eabi/10.3.1/thumb/v6-m/nofp\libgcc.a(_thumb1_case_shi.o)
 .ARM.attributes
                0x00000cae       0x1e c:/program files (x86)/gnu arm embedded toolchain/10 2021.10/bin/../lib/gcc/arm-none-eabi/10.3.1/thumb/v6-m/nofp\libgcc.a(_udivsi3.o)
 .ARM.attributes
                0x00000ccc       0x1e c:/program files (x86)/gnu arm embedded toolchain/10 2021.10/bin/../lib/gcc/arm-none-eabi/10.3.1/thumb/v6-m/nofp\libgcc.a(_divsi3.o)
 .ARM.attributes
                0x00000cea       0x1e c:/program files (x86)/gnu arm embedded toolchain/10 2021.10/bin/../lib/gcc/arm-none-eabi/10.3.1/thumb/v6-m/nofp\libgcc.a(_dvmd_tls.o)
 .ARM.attributes
                0x00000d08       0x2c c:/program files (x86)/gnu arm embedded toolchain/10 2021.10/bin/../lib/gcc/arm-none-eabi/10.3.1/thumb/v6-m/nofp\libgcc.a(_fixunssfsi.o)
 .ARM.attributes
                0x00000d34       0x2c c:/program files (x86)/gnu arm embedded toolchain/10 2021.10/bin/../lib/gcc/arm-none-eabi/10.3.1/thumb/v6-m/nofp\libgcc.a(addsf3.o)
 .ARM.attributes
                0x00000d60       0x2c c:/program files (x86)/gnu arm embedded toolchain/10 2021.10/bin/../lib/gcc/arm-none-eabi/10.3.1/thumb/v6-m/nofp\libgcc.a(divsf3.o)
 .ARM.attributes
                0x00000d8c       0x2c c:/program files (x86)/gnu arm embedded toolchain/10 2021.10/bin/../lib/gcc/arm-none-eabi/10.3.1/thumb/v6-m/nofp\libgcc.a(mulsf3.o)
 .ARM.attributes
                0x00000db8       0x2c c:/program files (x86)/gnu arm embedded toolchain/10 2021.10/bin/../lib/gcc/arm-none-eabi/10.3.1/thumb/v6-m/nofp\libgcc.a(subsf3.o)
 .ARM.attributes
                0x00000de4       0x2c c:/program files (x86)/gnu arm embedded toolchain/10 2021.10/bin/../lib/gcc/arm-none-eabi/10.3.1/thumb/v6-m/nofp\libgcc.a(fixsfsi.o)
 .ARM.attributes
                0x00000e10       0x2c c:/program files (x86)/gnu arm embedded toolchain/10 2021.10/bin/../lib/gcc/arm-none-eabi/10.3.1/thumb/v6-m/nofp\libgcc.a(adddf3.o)
 .ARM.attributes
                0x00000e3c       0x2c c:/program files (x86)/gnu arm embedded toolchain/10 2021.10/bin/../lib/gcc/arm-none-eabi/10.3.1/thumb/v6-m/nofp\libgcc.a(divdf3.o)
 .ARM.attributes
                0x00000e68       0x2c c:/program files (x86)/gnu arm embedded toolchain/10 2021.10/bin/../lib/gcc/arm-none-eabi/10.3.1/thumb/v6-m/nofp\libgcc.a(muldf3.o)
 .ARM.attributes
                0x00000e94       0x2c c:/program files (x86)/gnu arm embedded toolchain/10 2021.10/bin/../lib/gcc/arm-none-eabi/10.3.1/thumb/v6-m/nofp\libgcc.a(floatsidf.o)
 .ARM.attributes
                0x00000ec0       0x2c c:/program files (x86)/gnu arm embedded toolchain/10 2021.10/bin/../lib/gcc/arm-none-eabi/10.3.1/thumb/v6-m/nofp\libgcc.a(extendsfdf2.o)
 .ARM.attributes
                0x00000eec       0x2c c:/program files (x86)/gnu arm embedded toolchain/10 2021.10/bin/../lib/gcc/arm-none-eabi/10.3.1/thumb/v6-m/nofp\libgcc.a(truncdfsf2.o)
 .ARM.attributes
                0x00000f18       0x1e c:/program files (x86)/gnu arm embedded toolchain/10 2021.10/bin/../lib/gcc/arm-none-eabi/10.3.1/thumb/v6-m/nofp\libgcc.a(_arm_cmpsf2.o)
 .ARM.attributes
                0x00000f36       0x1e c:/program files (x86)/gnu arm embedded toolchain/10 2021.10/bin/../lib/gcc/arm-none-eabi/10.3.1/thumb/v6-m/nofp\libgcc.a(_clzsi2.o)
 .ARM.attributes
                0x00000f54       0x2c c:/program files (x86)/gnu arm embedded toolchain/10 2021.10/bin/../lib/gcc/arm-none-eabi/10.3.1/thumb/v6-m/nofp\libgcc.a(eqsf2.o)
 .ARM.attributes
                0x00000f80       0x2c c:/program files (x86)/gnu arm embedded toolchain/10 2021.10/bin/../lib/gcc/arm-none-eabi/10.3.1/thumb/v6-m/nofp\libgcc.a(gesf2.o)
 .ARM.attributes
                0x00000fac       0x2c c:/program files (x86)/gnu arm embedded toolchain/10 2021.10/bin/../lib/gcc/arm-none-eabi/10.3.1/thumb/v6-m/nofp\libgcc.a(lesf2.o)
 .ARM.attributes
                0x00000fd8       0x1e c:/program files (x86)/gnu arm embedded toolchain/10 2021.10/bin/../lib/gcc/arm-none-eabi/10.3.1/thumb/v6-m/nofp/crtn.o
OUTPUT(build/Vnpt_Pccc_Monitoring.elf elf32-littlearm)
LOAD linker stubs