Archive member included to satisfy reference by file (symbol)

c:/program files (x86)/gnu arm embedded toolchain/10 2021.10/bin/../lib/gcc/arm-none-eabi/10.3.1/../../../../arm-none-eabi/lib/thumb/v6-m/nofp\libc_nano.a(lib_a-atoi.o)
                              build/main.o (atoi)
c:/program files (x86)/gnu arm embedded toolchain/10 2021.10/bin/../lib/gcc/arm-none-eabi/10.3.1/../../../../arm-none-eabi/lib/thumb/v6-m/nofp\libc_nano.a(lib_a-exit.o)
                              c:/program files (x86)/gnu arm embedded toolchain/10 2021.10/bin/../lib/gcc/arm-none-eabi/10.3.1/../../../../arm-none-eabi/lib/thumb/v6-m/nofp/crt0.o (exit)
c:/program files (x86)/gnu arm embedded toolchain/10 2021.10/bin/../lib/gcc/arm-none-eabi/10.3.1/../../../../arm-none-eabi/lib/thumb/v6-m/nofp\libc_nano.a(lib_a-impure.o)
                              c:/program files (x86)/gnu arm embedded toolchain/10 2021.10/bin/../lib/gcc/arm-none-eabi/10.3.1/../../../../arm-none-eabi/lib/thumb/v6-m/nofp\libc_nano.a(lib_a-exit.o) (_global_impure_ptr)
c:/program files (x86)/gnu arm embedded toolchain/10 2021.10/bin/../lib/gcc/arm-none-eabi/10.3.1/../../../../arm-none-eabi/lib/thumb/v6-m/nofp\libc_nano.a(lib_a-init.o)
                              c:/program files (x86)/gnu arm embedded toolchain/10 2021.10/bin/../lib/gcc/arm-none-eabi/10.3.1/../../../../arm-none-eabi/lib/thumb/v6-m/nofp/crt0.o (__libc_init_array)
c:/program files (x86)/gnu arm embedded toolchain/10 2021.10/bin/../lib/gcc/arm-none-eabi/10.3.1/../../../../arm-none-eabi/lib/thumb/v6-m/nofp\libc_nano.a(lib_a-memcpy-stub.o)
                              build/main.o (memcpy)
c:/program files (x86)/gnu arm embedded toolchain/10 2021.10/bin/../lib/gcc/arm-none-eabi/10.3.1/../../../../arm-none-eabi/lib/thumb/v6-m/nofp\libc_nano.a(lib_a-memset.o)
                              c:/program files (x86)/gnu arm embedded toolchain/10 2021.10/bin/../lib/gcc/arm-none-eabi/10.3.1/../../../../arm-none-eabi/lib/thumb/v6-m/nofp/crt0.o (memset)
c:/program files (x86)/gnu arm embedded toolchain/10 2021.10/bin/../lib/gcc/arm-none-eabi/10.3.1/../../../../arm-none-eabi/lib/thumb/v6-m/nofp\libc_nano.a(lib_a-sprintf.o)
                              build/main.o (sprintf)
c:/program files (x86)/gnu arm embedded toolchain/10 2021.10/bin/../lib/gcc/arm-none-eabi/10.3.1/../../../../arm-none-eabi/lib/thumb/v6-m/nofp\libc_nano.a(lib_a-strchr.o)
                              build/espressifAT.o (strchr)
c:/program files (x86)/gnu arm embedded toolchain/10 2021.10/bin/../lib/gcc/arm-none-eabi/10.3.1/../../../../arm-none-eabi/lib/thumb/v6-m/nofp\libc_nano.a(lib_a-strcpy.o)
                              build/eeprom.o (strcpy)
c:/program files (x86)/gnu arm embedded toolchain/10 2021.10/bin/../lib/gcc/arm-none-eabi/10.3.1/../../../../arm-none-eabi/lib/thumb/v6-m/nofp\libc_nano.a(lib_a-strlen.o)
                              build/main.o (strlen)
c:/program files (x86)/gnu arm embedded toolchain/10 2021.10/bin/../lib/gcc/arm-none-eabi/10.3.1/../../../../arm-none-eabi/lib/thumb/v6-m/nofp\libc_nano.a(lib_a-strstr.o)
                              build/main.o (strstr)
c:/program files (x86)/gnu arm embedded toolchain/10 2021.10/bin/../lib/gcc/arm-none-eabi/10.3.1/../../../../arm-none-eabi/lib/thumb/v6-m/nofp\libc_nano.a(lib_a-strtol.o)
                              c:/program files (x86)/gnu arm embedded toolchain/10 2021.10/bin/../lib/gcc/arm-none-eabi/10.3.1/../../../../arm-none-eabi/lib/thumb/v6-m/nofp\libc_nano.a(lib_a-atoi.o) (_strtol_r)
c:/program files (x86)/gnu arm embedded toolchain/10 2021.10/bin/../lib/gcc/arm-none-eabi/10.3.1/../../../../arm-none-eabi/lib/thumb/v6-m/nofp\libc_nano.a(lib_a-ctype_.o)
                              c:/program files (x86)/gnu arm embedded toolchain/10 2021.10/bin/../lib/gcc/arm-none-eabi/10.3.1/../../../../arm-none-eabi/lib/thumb/v6-m/nofp\libc_nano.a(lib_a-strtol.o) (_ctype_)
c:/program files (x86)/gnu arm embedded toolchain/10 2021.10/bin/../lib/gcc/arm-none-eabi/10.3.1/../../../../arm-none-eabi/lib/thumb/v6-m/nofp\libc_nano.a(lib_a-errno.o)
                              c:/program files (x86)/gnu arm embedded toolchain/10 2021.10/bin/../lib/gcc/arm-none-eabi/10.3.1/../../../../arm-none-eabi/lib/thumb/v6-m/nofp\libc_nano.a(lib_a-strtol.o) (__errno)
c:/program files (x86)/gnu arm embedded toolchain/10 2021.10/bin/../lib/gcc/arm-none-eabi/10.3.1/../../../../arm-none-eabi/lib/thumb/v6-m/nofp\libc_nano.a(lib_a-nano-svfprintf.o)
                              c:/program files (x86)/gnu arm embedded toolchain/10 2021.10/bin/../lib/gcc/arm-none-eabi/10.3.1/../../../../arm-none-eabi/lib/thumb/v6-m/nofp\libc_nano.a(lib_a-sprintf.o) (_svfprintf_r)
c:/program files (x86)/gnu arm embedded toolchain/10 2021.10/bin/../lib/gcc/arm-none-eabi/10.3.1/../../../../arm-none-eabi/lib/thumb/v6-m/nofp\libc_nano.a(lib_a-nano-vfprintf_i.o)
[...]
Memory Configuration

Name             Origin             Length             Attributes
RAM              0x20000000         0x00009000         xrw
FLASH            0x08000000         0x00020000         xr
*default*        0x00000000         0xffffffff

Linker script and memory map

LOAD c:/program files (x86)/gnu arm embedded toolchain/10 2021.10/bin/../lib/gcc/arm-none-eabi/10.3.1/thumb/v6-m/nofp/crti.o
LOAD c:/program files (x86)/gnu arm embedded toolchain/10 2021.10/bin/../lib/gcc/arm-none-eabi/10.3.1/thumb/v6-m/nofp/crtbegin.o
LOAD c:/program files (x86)/gnu arm embedded toolchain/10 2021.10/bin/../lib/gcc/arm-none-eabi/10.3.1/../../../../arm-none-eabi/lib/thumb/v6-m/nofp/crt0.o
LOAD build/main.o
LOAD build/espressifAT.o
LOAD build/simcomAT.o
LOAD build/eeprom.o
LOAD build/relay.o
LOAD build/modbusRTU.o
LOAD build/datatype.o
LOAD build/stm32g0xx_it.o
LOAD build/stm32g0xx_hal_msp.o
LOAD build/stm32g0xx_hal_tim_ex.o
LOAD build/stm32g0xx_hal_rcc.o
LOAD build/stm32g0xx_hal_rcc_ex.o
LOAD build/stm32g0xx_ll_rcc.o
LOAD build/stm32g0xx_hal_flash.o
LOAD build/stm32g0xx_hal_flash_ex.o
LOAD build/stm32g0xx_hal_gpio.o
LOAD build/stm32g0xx_hal_dma.o
LOAD build/stm32g0xx_hal_dma_ex.o
LOAD build/stm32g0xx_ll_dma.o
LOAD build/stm32g0xx_hal_pwr.o
LOAD build/stm32g0xx_hal_pwr_ex.o
LOAD build/stm32g0xx_hal_cortex.o
LOAD build/stm32g0xx_hal.o
LOAD build/stm32g0xx_hal_exti.o
LOAD build/stm32g0xx_hal_uart.o
LOAD build/stm32g0xx_hal_uart_ex.o
LOAD build/system_stm32g0xx.o
LOAD build/stm32g0xx_hal_tim.o
LOAD build/startup_stm32g070xx.o
LOAD c:/program files (x86)/gnu arm embedded toolchain/10 2021.10/bin/../lib/gcc/arm-none-eabi/10.3.1/../../../../arm-none-eabi/lib/thumb/v6-m/nofp\libc_nano.a
LOAD c:/program files (x86)/gnu arm embedded toolchain/10 2021.10/bin/../lib/gcc/arm-none-eabi/10.3.1/../../../../arm-none-eabi/lib/thumb/v6-m/nofp\libm.a
LOAD c:/program files (x86)/gnu arm embedded toolchain/10 2021.10/bin/../lib/gcc/arm-none-eabi/10.3.1/../../../../arm-none-eabi/lib/thumb/v6-m/nofp\libnosys.a
START GROUP
LOAD c:/program files (x86)/gnu arm embedded toolchain/10 2021.10/bin/../lib/gcc/arm-none-eabi/10.3.1/thumb/v6-m/nofp\libgcc.a
LOAD c:/program files (x86)/gnu arm embedded toolchain/10 2021.10/bin/../lib/gcc/arm-none-eabi/10.3.1/../../../../arm-none-eabi/lib/thumb/v6-m/nofp\libc_nano.a
END GROUP
START GROUP
LOAD c:/program files (x86)/gnu arm embedded toolchain/10 2021.10/bin/../lib/gcc/arm-none-eabi/10.3.1/thumb/v6-m/nofp\libgcc.a
LOAD c:/program files (x86)/gnu arm embedded toolchain/10 2021.10/bin/../lib/gcc/arm-none-eabi/10.3.1/../../../../arm-none-eabi/lib/thumb/v6-m/nofp\libc_nano.a
END GROUP
LOAD c:/program files (x86)/gnu arm embedded toolchain/10 2021.10/bin/../lib/gcc/arm-none-eabi/10.3.1/thumb/v6-m/nofp/crtend.o
LOAD c:/program files (x86)/gnu arm embedded toolchain/10 2021.10/bin/../lib/gcc/arm-none-eabi/10.3.1/thumb/v6-m/nofp/crtn.o
                0x20009000                _estack = 0x20009000
                0x00000200                _Min_Heap_Size = 0x200
                0x00000400                _Min_Stack_Size = 0x400

.isr_vector     0x08000000       0xb8
                0x08000000                . = ALIGN (0x4)
 *(.isr_vector)
 .isr_vector    0x08000000       0xb8 build/startup_stm32g070xx.o
                0x08000000                g_pfnVectors
                0x080000b8                . = ALIGN (0x4)

.text           0x080000b8     0x7328
                0x080000b8                . = ALIGN (0x4)
 *(.text)
 .text          0x080000b8       0x48 c:/program files (x86)/gnu arm embedded toolchain/10 2021.10/bin/../lib/gcc/arm-none-eabi/10.3.1/thumb/v6-m/nofp/crtbegin.o
 .text          0x08000100        0xe c:/program files (x86)/gnu arm embedded toolchain/10 2021.10/bin/../lib/gcc/arm-none-eabi/10.3.1/../../../../arm-none-eabi/lib/thumb/v6-m/nofp\libc_nano.a(lib_a-strlen.o)
                0x08000100                strlen
 *fill*         0x0800010e        0x2 
 .text          0x08000110       0x14 c:/program files (x86)/gnu arm embedded toolchain/10 2021.10/bin/../lib/gcc/arm-none-eabi/10.3.1/thumb/v6-m/nofp\libgcc.a(_thumb1_case_shi.o)
                0x08000110                __gnu_thumb1_case_shi
 .text          0x08000124      0x114 c:/program files (x86)/gnu arm embedded toolchain/10 2021.10/bin/../lib/gcc/arm-none-eabi/10.3.1/thumb/v6-m/nofp\libgcc.a(_udivsi3.o)
                0x08000124                __aeabi_uidiv
                0x08000124                __udivsi3
                0x08000230                __aeabi_uidivmod
 .text          0x08000238      0x1d4 c:/program files (x86)/gnu arm embedded toolchain/10 2021.10/bin/../lib/gcc/arm-none-eabi/10.3.1/thumb/v6-m/nofp\libgcc.a(_divsi3.o)
                0x08000238                __divsi3
                0x08000238                __aeabi_idiv
                0x08000404                __aeabi_idivmod
 .text          0x0800040c        0x4 c:/program files (x86)/gnu arm embedded toolchain/10 2021.10/bin/../lib/gcc/arm-none-eabi/10.3.1/thumb/v6-m/nofp\libgcc.a(_dvmd_tls.o)
                0x0800040c                __aeabi_idiv0
                0x0800040c                __aeabi_ldiv0
 *(.text*)
 .text.MX_GPIO_Init
                0x08000410      0x104 build/main.o
 .text.HAL_UART_RxCpltCallback
                0x08000514       0xc8 build/main.o
                0x08000514                HAL_UART_RxCpltCallback
 .text.HAL_TIM_PeriodElapsedCallback
                0x080005dc      0x15c build/main.o
                0x080005dc                HAL_TIM_PeriodElapsedCallback
 .text.Configuration_Commands_Handle
                0x08000738      0x528 build/main.o
                0x08000738                Configuration_Commands_Handle
 .text.Normal_CommandsHandle
                0x08000c60      0x21a build/main.o
                0x08000c60                Normal_CommandsHandle
 *fill*         0x08000e7a        0x2 
 .text.Is_Setup_Right
                0x08000e7c      0x304 build/main.o
                0x08000e7c                Is_Setup_Right
 .text.Stm32_Check_Sim_Card_Connect_Network_Service
                0x08001180       0x5c build/main.o
                0x08001180                Stm32_Check_Sim_Card_Connect_Network_Service
 .text.Stm32_Clear_Buf
                0x080011dc       0x44 build/main.o
                0x080011dc                Stm32_Clear_Buf
 .text.Checking_Wireless_Response
                0x08001220       0x54 build/main.o
                0x08001220                Checking_Wireless_Response
 .text.Broker_Publish_Topic
                0x08001274       0x9c build/main.o
                0x08001274                Broker_Publish_Topic
 .text.Stm32_Restart
                0x08001310       0x24 build/main.o
                0x08001310                Stm32_Restart
 .text.Waiting_For_Config
                0x08001334       0x70 build/main.o
                0x08001334                Waiting_For_Config
 .text.SimA7670C_4GLTE_Init
                0x080013a4       0x88 build/main.o
                0x080013a4                SimA7670C_4GLTE_Init
 .text.Broker_Subscribe_Topic
                0x0800142c       0x90 build/main.o
                0x0800142c                Broker_Subscribe_Topic
 .text.Broker_Connect_Init
                0x080014bc      0x454 build/main.o
                0x080014bc                Broker_Connect_Init
 .text.CheckInput
                0x08001910       0x18 build/main.o
                0x08001910                CheckInput
 .text.sendCBSC
                0x08001928       0x2c build/main.o
                0x08001928                sendCBSC
 .text.Error_Handler
                0x08001954        0x4 build/main.o
                0x08001954                Error_Handler
 .text.MX_TIM1_Init
                0x08001958       0x7c build/main.o
 .text.MX_TIM3_Init
                0x080019d4       0x7c build/main.o
 .text.MX_USART1_UART_Init
                0x08001a50       0x68 build/main.o
 .text.MX_USART2_UART_Init
                0x08001ab8       0x68 build/main.o
 .text.MX_USART3_UART_Init
                0x08001b20       0x3c build/main.o
 .text.MX_TIM15_Init
                0x08001b5c       0x78 build/main.o
 .text.MX_TIM6_Init
                0x08001bd4       0x54 build/main.o
 .text.SystemClock_Config
                0x08001c28       0x60 build/main.o
                0x08001c28                SystemClock_Config
 .text.main     0x08001c88     0x169c build/main.o
                0x08001c88                main
 .text.Esp32_Response
                0x08003324       0x2a build/espressifAT.o
                0x08003324                Esp32_Response
 *fill*         0x0800334e        0x2 
 .text.Esp32_Setup_Default
                0x08003350       0x2c build/espressifAT.o
                0x08003350                Esp32_Setup_Default
 .text.Esp32_Mqtt_UserConfig
                0x0800337c       0x44 build/espressifAT.o
                0x0800337c                Esp32_Mqtt_UserConfig
 .text.Esp32_Mqtt_Connect_Broker
                0x080033c0       0x40 build/espressifAT.o
                0x080033c0                Esp32_Mqtt_Connect_Broker
 .text.Esp32_Mqtt_Disconnect_Broker
                0x08003400       0x2c build/espressifAT.o
                0x08003400                Esp32_Mqtt_Disconnect_Broker
 .text.Esp32_Mqtt_Subscribe
                0x0800342c       0x3c build/espressifAT.o
                0x0800342c                Esp32_Mqtt_Subscribe
 .text.Esp32_Mqtt_Publish
                0x08003468       0x88 build/espressifAT.o
                0x08003468                Esp32_Mqtt_Publish
 .text.SimA7670C_Response
                0x080034f0       0x2a build/simcomAT.o
                0x080034f0                SimA7670C_Response
 *fill*         0x0800351a        0x2 
 .text.Get_RSSI_Sim4GLTE
                0x0800351c       0x64 build/simcomAT.o
                0x0800351c                Get_RSSI_Sim4GLTE
 .text.Get_Service_Provider_Name_Sim4GLTE
                0x08003580       0xd4 build/simcomAT.o
                0x08003580                Get_Service_Provider_Name_Sim4GLTE
 .text.Is_Insert_Sim_Card
                0x08003654       0x2c build/simcomAT.o
                0x08003654                Is_Insert_Sim_Card
 .text.SimA7670C_Reset
                0x08003680       0x2c build/simcomAT.o
                0x08003680                SimA7670C_Reset
 .text.SimA7670C_Echo
                0x080036ac       0x48 build/simcomAT.o
                0x080036ac                SimA7670C_Echo
 .text.SimA7670C_PDP_Context_Config
                0x080036f4       0x40 build/simcomAT.o
                0x080036f4                SimA7670C_PDP_Context_Config
 .text.SimA7670C_PDP_Context_Set
                0x08003734       0x44 build/simcomAT.o
                0x08003734                SimA7670C_PDP_Context_Set
 .text.SimA7670C_MQTT_StartService
                0x08003778       0x2c build/simcomAT.o
                0x08003778                SimA7670C_MQTT_StartService
 .text.SimA7670C_MQTT_StopService
                0x080037a4       0x2c build/simcomAT.o
                0x080037a4                SimA7670C_MQTT_StopService
 .text.SimA7670C_MQTT_Client_Config
                0x080037d0       0x3c build/simcomAT.o
                0x080037d0                SimA7670C_MQTT_Client_Config
 .text.SimA7670C_MQTT_BrokerConnect
                0x0800380c       0x48 build/simcomAT.o
                0x0800380c                SimA7670C_MQTT_BrokerConnect
 .text.SimA7670C_MQTT_BrokerDisconnect
                0x08003854       0x40 build/simcomAT.o
                0x08003854                SimA7670C_MQTT_BrokerDisconnect
 .text.SimA7670C_Mqtt_Subscribe
                0x08003894       0xf8 build/simcomAT.o
                0x08003894                SimA7670C_Mqtt_Subscribe
 .text.SimA7670C_Mqtt_Publish
                0x0800398c      0x1a0 build/simcomAT.o
                0x0800398c                SimA7670C_Mqtt_Publish
 .text.Eeprom_Read_Data
                0x08003b2c        0x6 build/eeprom.o
                0x08003b2c                Eeprom_Read_Data
 .text.Eeprom_ReadModbus_Rtu
                0x08003b32        0x4 build/eeprom.o
                0x08003b32                Eeprom_ReadModbus_Rtu
 .text.Eeprom_WriteStr_Hexadecimal
                0x08003b36       0x86 build/eeprom.o
                0x08003b36                Eeprom_WriteStr_Hexadecimal
 .text.Eeprom_WriteModbus_Rtu
                0x08003bbc       0x7c build/eeprom.o
                0x08003bbc                Eeprom_WriteModbus_Rtu
 .text.Eeprom_Write_Data
                0x08003c38       0x3c build/eeprom.o
                0x08003c38                Eeprom_Write_Data
 .text.Eeprom_ClearPage
                0x08003c74       0x38 build/eeprom.o
                0x08003c74                Eeprom_ClearPage
 .text.Eeprom_ReadStr_Hexadecimal
                0x08003cac       0x8a build/eeprom.o
                0x08003cac                Eeprom_ReadStr_Hexadecimal
 .text.Relay_Control
                0x08003d36       0x32 build/relay.o
                0x08003d36                Relay_Control
 .text.ModbusRTU_Calc_CRC16
                0x08003d68       0x68 build/modbusRTU.o
                0x08003d68                ModbusRTU_Calc_CRC16
 .text.ModbusRTU_Check_RecvData
                0x08003dd0       0x36 build/modbusRTU.o
                0x08003dd0                ModbusRTU_Check_RecvData
 *fill*         0x08003e06        0x2 
 .text.TextToHexStr
                0x08003e08       0x30 build/datatype.o
                0x08003e08                TextToHexStr
 .text.HexStrToHexChar
                0x08003e38       0x9a build/datatype.o
                0x08003e38                HexStrToHexChar
 .text.HexCharToHexStr
                0x08003ed2       0x44 build/datatype.o
                0x08003ed2                HexCharToHexStr
 .text.NMI_Handler
                0x08003f16        0x2 build/stm32g0xx_it.o
                0x08003f16                NMI_Handler
 .text.HardFault_Handler
                0x08003f18        0x2 build/stm32g0xx_it.o
                0x08003f18                HardFault_Handler
 .text.SVC_Handler
                0x08003f1a        0x2 build/stm32g0xx_it.o
                0x08003f1a                SVC_Handler
 .text.PendSV_Handler
                0x08003f1c        0x2 build/stm32g0xx_it.o
                0x08003f1c                PendSV_Handler
 .text.SysTick_Handler
                0x08003f1e        0x8 build/stm32g0xx_it.o
                0x08003f1e                SysTick_Handler
 .text.FLASH_IRQHandler
                0x08003f26        0x8 build/stm32g0xx_it.o
                0x08003f26                FLASH_IRQHandler
 .text.RCC_IRQHandler
                0x08003f2e        0x2 build/stm32g0xx_it.o
                0x08003f2e                RCC_IRQHandler
 .text.TIM1_BRK_UP_TRG_COM_IRQHandler
                0x08003f30       0x10 build/stm32g0xx_it.o
                0x08003f30                TIM1_BRK_UP_TRG_COM_IRQHandler
 .text.TIM1_CC_IRQHandler
                0x08003f40       0x10 build/stm32g0xx_it.o
                0x08003f40                TIM1_CC_IRQHandler
 .text.TIM3_IRQHandler
                0x08003f50       0x10 build/stm32g0xx_it.o
                0x08003f50                TIM3_IRQHandler
 .text.TIM6_IRQHandler
                0x08003f60       0x10 build/stm32g0xx_it.o
                0x08003f60                TIM6_IRQHandler
 .text.TIM15_IRQHandler
                0x08003f70       0x10 build/stm32g0xx_it.o
                0x08003f70                TIM15_IRQHandler
 .text.USART1_IRQHandler
                0x08003f80       0x10 build/stm32g0xx_it.o
                0x08003f80                USART1_IRQHandler
 .text.USART2_IRQHandler
                0x08003f90       0x10 build/stm32g0xx_it.o
                0x08003f90                USART2_IRQHandler
 .text.USART3_4_IRQHandler
                0x08003fa0       0x10 build/stm32g0xx_it.o
                0x08003fa0                USART3_4_IRQHandler
 .text.HAL_MspInit
                0x08003fb0       0x58 build/stm32g0xx_hal_msp.o
                0x08003fb0                HAL_MspInit
 .text.HAL_TIM_Base_MspInit
                0x08004008       0xdc build/stm32g0xx_hal_msp.o
                0x08004008                HAL_TIM_Base_MspInit
 .text.HAL_UART_MspInit
                0x080040e4      0x160 build/stm32g0xx_hal_msp.o
                0x080040e4                HAL_UART_MspInit
 .text.HAL_TIMEx_MasterConfigSynchronization
                0x08004244       0x78 build/stm32g0xx_hal_tim_ex.o
                0x08004244                HAL_TIMEx_MasterConfigSynchronization
 .text.HAL_TIMEx_CommutCallback
                0x080042bc        0x2 build/stm32g0xx_hal_tim_ex.o
                0x080042bc                HAL_TIMEx_CommutCallback
 .text.HAL_TIMEx_BreakCallback
                0x080042be        0x2 build/stm32g0xx_hal_tim_ex.o
                0x080042be                HAL_TIMEx_BreakCallback
 .text.HAL_TIMEx_Break2Callback
                0x080042c0        0x2 build/stm32g0xx_hal_tim_ex.o
                0x080042c0                HAL_TIMEx_Break2Callback
 *fill*         0x080042c2        0x2 
 .text.HAL_RCC_OscConfig
                0x080042c4      0x4a4 build/stm32g0xx_hal_rcc.o
                0x080042c4                HAL_RCC_OscConfig
 .text.HAL_RCC_GetSysClockFreq
                0x08004768       0xb8 build/stm32g0xx_hal_rcc.o
                0x08004768                HAL_RCC_GetSysClockFreq
 .text.HAL_RCC_ClockConfig
                0x08004820      0x18c build/stm32g0xx_hal_rcc.o
                0x08004820                HAL_RCC_ClockConfig
 .text.HAL_RCC_GetHCLKFreq
                0x080049ac        0xc build/stm32g0xx_hal_rcc.o
                0x080049ac                HAL_RCC_GetHCLKFreq
 .text.HAL_RCC_GetPCLK1Freq
                0x080049b8       0x28 build/stm32g0xx_hal_rcc.o
                0x080049b8                HAL_RCC_GetPCLK1Freq
 .text.HAL_RCCEx_PeriphCLKConfig
                0x080049e0      0x190 build/stm32g0xx_hal_rcc_ex.o
                0x080049e0                HAL_RCCEx_PeriphCLKConfig
 .text.FLASH_Program_DoubleWord
                0x08004b70       0x1c build/stm32g0xx_hal_flash.o
 .text.HAL_FLASH_EndOfOperationCallback
                0x08004b8c        0x2 build/stm32g0xx_hal_flash.o
                0x08004b8c                HAL_FLASH_EndOfOperationCallback
 .text.HAL_FLASH_OperationErrorCallback
                0x08004b8e        0x2 build/stm32g0xx_hal_flash.o
                0x08004b8e                HAL_FLASH_OperationErrorCallback
 .text.HAL_FLASH_IRQHandler
                0x08004b90       0xc4 build/stm32g0xx_hal_flash.o
                0x08004b90                HAL_FLASH_IRQHandler
 .text.HAL_FLASH_Unlock
                0x08004c54       0x30 build/stm32g0xx_hal_flash.o
                0x08004c54                HAL_FLASH_Unlock
 .text.HAL_FLASH_Lock
                0x08004c84       0x20 build/stm32g0xx_hal_flash.o
                0x08004c84                HAL_FLASH_Lock
 .text.FLASH_WaitForLastOperation
                0x08004ca4       0x68 build/stm32g0xx_hal_flash.o
                0x08004ca4                FLASH_WaitForLastOperation
 .text.HAL_FLASH_Program
                0x08004d0c       0x64 build/stm32g0xx_hal_flash.o
                0x08004d0c                HAL_FLASH_Program
 .text.FLASH_PageErase
                0x08004d70       0x20 build/stm32g0xx_hal_flash_ex.o
                0x08004d70                FLASH_PageErase
 .text.HAL_GPIO_Init
                0x08004d90      0x178 build/stm32g0xx_hal_gpio.o
                0x08004d90                HAL_GPIO_Init
 .text.HAL_GPIO_ReadPin
                0x08004f08        0xe build/stm32g0xx_hal_gpio.o
                0x08004f08                HAL_GPIO_ReadPin
 .text.HAL_GPIO_WritePin
                0x08004f16        0xc build/stm32g0xx_hal_gpio.o
                0x08004f16                HAL_GPIO_WritePin
 .text.HAL_GPIO_TogglePin
                0x08004f22       0x10 build/stm32g0xx_hal_gpio.o
                0x08004f22                HAL_GPIO_TogglePin
 *fill*         0x08004f32        0x2 
 .text.HAL_DMA_Abort
                0x08004f34       0x80 build/stm32g0xx_hal_dma.o
                0x08004f34                HAL_DMA_Abort
 .text.HAL_DMA_Abort_IT
                0x08004fb4       0x80 build/stm32g0xx_hal_dma.o
                0x08004fb4                HAL_DMA_Abort_IT
 .text.HAL_PWREx_ControlVoltageScaling
                0x08005034       0x54 build/stm32g0xx_hal_pwr_ex.o
                0x08005034                HAL_PWREx_ControlVoltageScaling
 .text.HAL_NVIC_SetPriority
                0x08005088       0x60 build/stm32g0xx_hal_cortex.o
                0x08005088                HAL_NVIC_SetPriority
 .text.HAL_NVIC_EnableIRQ
                0x080050e8       0x18 build/stm32g0xx_hal_cortex.o
                0x080050e8                HAL_NVIC_EnableIRQ
 .text.HAL_NVIC_SystemReset
                0x08005100       0x1c build/stm32g0xx_hal_cortex.o
                0x08005100                HAL_NVIC_SystemReset
 .text.HAL_SYSTICK_Config
                0x0800511c       0x38 build/stm32g0xx_hal_cortex.o
                0x0800511c                HAL_SYSTICK_Config
 .text.HAL_InitTick
                0x08005154       0x58 build/stm32g0xx_hal.o
                0x08005154                HAL_InitTick
 .text.HAL_Init
                0x080051ac       0x28 build/stm32g0xx_hal.o
                0x080051ac                HAL_Init
 .text.HAL_IncTick
                0x080051d4       0x18 build/stm32g0xx_hal.o
                0x080051d4                HAL_IncTick
 .text.HAL_GetTick
                0x080051ec        0xc build/stm32g0xx_hal.o
                0x080051ec                HAL_GetTick
 .text.HAL_Delay
                0x080051f8       0x24 build/stm32g0xx_hal.o
                0x080051f8                HAL_Delay
 .text.HAL_SYSCFG_StrobeDBattpinsConfig
                0x0800521c       0x18 build/stm32g0xx_hal.o
                0x0800521c                HAL_SYSCFG_StrobeDBattpinsConfig
 .text.UART_EndRxTransfer
                0x08005234       0x64 build/stm32g0xx_hal_uart.o
 .text.HAL_UART_TxCpltCallback
                0x08005298        0x2 build/stm32g0xx_hal_uart.o
                0x08005298                HAL_UART_TxCpltCallback
 .text.UART_EndTransmit_IT
                0x0800529a       0x2a build/stm32g0xx_hal_uart.o
 .text.HAL_UART_ErrorCallback
                0x080052c4        0x2 build/stm32g0xx_hal_uart.o
                0x080052c4                HAL_UART_ErrorCallback
 .text.UART_DMAAbortOnError
                0x080052c6       0x14 build/stm32g0xx_hal_uart.o
 .text.HAL_UARTEx_RxEventCallback
                0x080052da        0x2 build/stm32g0xx_hal_uart.o
                0x080052da                HAL_UARTEx_RxEventCallback
 .text.HAL_UART_IRQHandler
                0x080052dc      0x320 build/stm32g0xx_hal_uart.o
                0x080052dc                HAL_UART_IRQHandler
 .text.UART_RxISR_8BIT
                0x080055fc       0xb8 build/stm32g0xx_hal_uart.o
 .text.UART_RxISR_16BIT
                0x080056b4       0xb4 build/stm32g0xx_hal_uart.o
 .text.UART_RxISR_8BIT_FIFOEN
                0x08005768      0x1ac build/stm32g0xx_hal_uart.o
 .text.UART_RxISR_16BIT_FIFOEN
                0x08005914      0x1b0 build/stm32g0xx_hal_uart.o
 .text.UART_SetConfig
                0x08005ac4      0x1f0 build/stm32g0xx_hal_uart.o
                0x08005ac4                UART_SetConfig
 .text.UART_AdvFeatureConfig
                0x08005cb4       0xe0 build/stm32g0xx_hal_uart.o
                0x08005cb4                UART_AdvFeatureConfig
 .text.UART_WaitOnFlagUntilTimeout
                0x08005d94       0xe4 build/stm32g0xx_hal_uart.o
                0x08005d94                UART_WaitOnFlagUntilTimeout
 .text.HAL_UART_Transmit
                0x08005e78       0xf0 build/stm32g0xx_hal_uart.o
                0x08005e78                HAL_UART_Transmit
 .text.UART_CheckIdleState
                0x08005f68       0x74 build/stm32g0xx_hal_uart.o
                0x08005f68                UART_CheckIdleState
 .text.HAL_UART_Init
                0x08005fdc       0x70 build/stm32g0xx_hal_uart.o
                0x08005fdc                HAL_UART_Init
 .text.UART_Start_Receive_IT
                0x0800604c      0x164 build/stm32g0xx_hal_uart.o
                0x0800604c                UART_Start_Receive_IT
 .text.HAL_UART_Receive_IT
                0x080061b0       0x62 build/stm32g0xx_hal_uart.o
                0x080061b0                HAL_UART_Receive_IT
 *fill*         0x08006212        0x2 
 .text.UARTEx_SetNbDataToProcess
                0x08006214       0x50 build/stm32g0xx_hal_uart_ex.o
 .text.HAL_UARTEx_WakeupCallback
                0x08006264        0x2 build/stm32g0xx_hal_uart_ex.o
                0x08006264                HAL_UARTEx_WakeupCallback
 .text.HAL_UARTEx_RxFifoFullCallback
                0x08006266        0x2 build/stm32g0xx_hal_uart_ex.o
                0x08006266                HAL_UARTEx_RxFifoFullCallback
 .text.HAL_UARTEx_TxFifoEmptyCallback
                0x08006268        0x2 build/stm32g0xx_hal_uart_ex.o
                0x08006268                HAL_UARTEx_TxFifoEmptyCallback
 *fill*         0x0800626a        0x2 
 .text.HAL_UARTEx_DisableFifoMode
                0x0800626c       0x40 build/stm32g0xx_hal_uart_ex.o
                0x0800626c                HAL_UARTEx_DisableFifoMode
 .text.HAL_UARTEx_SetTxFifoThreshold
                0x080062ac       0x4a build/stm32g0xx_hal_uart_ex.o
                0x080062ac                HAL_UARTEx_SetTxFifoThreshold
 *fill*         0x080062f6        0x2 
 .text.HAL_UARTEx_SetRxFifoThreshold
                0x080062f8       0x50 build/stm32g0xx_hal_uart_ex.o
                0x080062f8                HAL_UARTEx_SetRxFifoThreshold
 .text.SystemInit
                0x08006348       0x10 build/system_stm32g0xx.o
                0x08006348                SystemInit
 .text.TIM_TI1_ConfigInputStage
                0x08006358       0x22 build/stm32g0xx_hal_tim.o
 *fill*         0x0800637a        0x2 
 .text.TIM_TI2_ConfigInputStage
                0x0800637c       0x28 build/stm32g0xx_hal_tim.o
 .text.TIM_ITRx_SetConfig
                0x080063a4       0x14 build/stm32g0xx_hal_tim.o
 .text.HAL_TIM_Base_Start
                0x080063b8       0x68 build/stm32g0xx_hal_tim.o
                0x080063b8                HAL_TIM_Base_Start
 .text.HAL_TIM_Base_Stop
                0x08006420       0x2c build/stm32g0xx_hal_tim.o
                0x08006420                HAL_TIM_Base_Stop
 .text.HAL_TIM_Base_Start_IT
                0x0800644c       0x70 build/stm32g0xx_hal_tim.o
                0x0800644c                HAL_TIM_Base_Start_IT
 .text.HAL_TIM_Base_Stop_IT
                0x080064bc       0x38 build/stm32g0xx_hal_tim.o
                0x080064bc                HAL_TIM_Base_Stop_IT
 .text.HAL_TIM_OC_DelayElapsedCallback
                0x080064f4        0x2 build/stm32g0xx_hal_tim.o
                0x080064f4                HAL_TIM_OC_DelayElapsedCallback
 .text.HAL_TIM_IC_CaptureCallback
                0x080064f6        0x2 build/stm32g0xx_hal_tim.o
                0x080064f6                HAL_TIM_IC_CaptureCallback
 .text.HAL_TIM_PWM_PulseFinishedCallback
                0x080064f8        0x2 build/stm32g0xx_hal_tim.o
                0x080064f8                HAL_TIM_PWM_PulseFinishedCallback
 .text.HAL_TIM_TriggerCallback
                0x080064fa        0x2 build/stm32g0xx_hal_tim.o
                0x080064fa                HAL_TIM_TriggerCallback
 .text.HAL_TIM_IRQHandler
                0x080064fc      0x178 build/stm32g0xx_hal_tim.o
                0x080064fc                HAL_TIM_IRQHandler
 .text.TIM_Base_SetConfig
                0x08006674       0x94 build/stm32g0xx_hal_tim.o
                0x08006674                TIM_Base_SetConfig
 .text.HAL_TIM_Base_Init
                0x08006708       0x60 build/stm32g0xx_hal_tim.o
                0x08006708                HAL_TIM_Base_Init
 .text.TIM_ETR_SetConfig
                0x08006768       0x18 build/stm32g0xx_hal_tim.o
                0x08006768                TIM_ETR_SetConfig
 .text.HAL_TIM_ConfigClockSource
                0x08006780      0x108 build/stm32g0xx_hal_tim.o
                0x08006780                HAL_TIM_ConfigClockSource
 .text.Reset_Handler
                0x08006888       0x50 build/startup_stm32g070xx.o
                0x08006888                Reset_Handler
 .text.Default_Handler
                0x080068d8        0x2 build/startup_stm32g070xx.o
                0x080068d8                I2C1_IRQHandler
                0x080068d8                RTC_TAMP_IRQHandler
                0x080068d8                SPI1_IRQHandler
                0x080068d8                EXTI2_3_IRQHandler
                0x080068d8                ADC1_IRQHandler
                0x080068d8                I2C2_IRQHandler
                0x080068d8                TIM17_IRQHandler
                0x080068d8                TIM16_IRQHandler
                0x080068d8                EXTI4_15_IRQHandler
                0x080068d8                DMA1_Channel1_IRQHandler
                0x080068d8                Default_Handler
                0x080068d8                TIM14_IRQHandler
                0x080068d8                TIM7_IRQHandler
                0x080068d8                EXTI0_1_IRQHandler
                0x080068d8                SPI2_IRQHandler
                0x080068d8                WWDG_IRQHandler
                0x080068d8                DMA1_Ch4_7_DMAMUX1_OVR_IRQHandler
                0x080068d8                DMA1_Channel2_3_IRQHandler
 .text.atoi     0x080068da        0xc c:/program files (x86)/gnu arm embedded toolchain/10 2021.10/bin/../lib/gcc/arm-none-eabi/10.3.1/../../../../arm-none-eabi/lib/thumb/v6-m/nofp\libc_nano.a(lib_a-atoi.o)
                0x080068da                atoi
 *fill*         0x080068e6        0x2 
 .text.__libc_init_array
                0x080068e8       0x48 c:/program files (x86)/gnu arm embedded toolchain/10 2021.10/bin/../lib/gcc/arm-none-eabi/10.3.1/../../../../arm-none-eabi/lib/thumb/v6-m/nofp\libc_nano.a(lib_a-init.o)
                0x080068e8                __libc_init_array
 .text.memcpy   0x08006930       0x12 c:/program files (x86)/gnu arm embedded toolchain/10 2021.10/bin/../lib/gcc/arm-none-eabi/10.3.1/../../../../arm-none-eabi/lib/thumb/v6-m/nofp\libc_nano.a(lib_a-memcpy-stub.o)
                0x08006930                memcpy
 .text.memset   0x08006942       0x10 c:/program files (x86)/gnu arm embedded toolchain/10 2021.10/bin/../lib/gcc/arm-none-eabi/10.3.1/../../../../arm-none-eabi/lib/thumb/v6-m/nofp\libc_nano.a(lib_a-memset.o)
                0x08006942                memset
 *fill*         0x08006952        0x2 
 .text.sprintf  0x08006954       0x40 c:/program files (x86)/gnu arm embedded toolchain/10 2021.10/bin/../lib/gcc/arm-none-eabi/10.3.1/../../../../arm-none-eabi/lib/thumb/v6-m/nofp\libc_nano.a(lib_a-sprintf.o)
                0x08006954                siprintf
                0x08006954                sprintf
 .text.strchr   0x08006994       0x1c c:/program files (x86)/gnu arm embedded toolchain/10 2021.10/bin/../lib/gcc/arm-none-eabi/10.3.1/../../../../arm-none-eabi/lib/thumb/v6-m/nofp\libc_nano.a(lib_a-strchr.o)
                0x08006994                strchr
 .text.strcpy   0x080069b0       0x10 c:/program files (x86)/gnu arm embedded toolchain/10 2021.10/bin/../lib/gcc/arm-none-eabi/10.3.1/../../../../arm-none-eabi/lib/thumb/v6-m/nofp\libc_nano.a(lib_a-strcpy.o)
                0x080069b0                strcpy
 .text.strstr   0x080069c0       0x2c c:/program files (x86)/gnu arm embedded toolchain/10 2021.10/bin/../lib/gcc/arm-none-eabi/10.3.1/../../../../arm-none-eabi/lib/thumb/v6-m/nofp\libc_nano.a(lib_a-strstr.o)
                0x080069c0                strstr
 .text._strtol_l.constprop.0
                0x080069ec      0x11c c:/program files (x86)/gnu arm embedded toolchain/10 2021.10/bin/../lib/gcc/arm-none-eabi/10.3.1/../../../../arm-none-eabi/lib/thumb/v6-m/nofp\libc_nano.a(lib_a-strtol.o)
 .text.strtol   0x08006b08       0x18 c:/program files (x86)/gnu arm embedded toolchain/10 2021.10/bin/../lib/gcc/arm-none-eabi/10.3.1/../../../../arm-none-eabi/lib/thumb/v6-m/nofp\libc_nano.a(lib_a-strtol.o)
                0x08006b08                strtol
 .text.__errno  0x08006b20        0xc c:/program files (x86)/gnu arm embedded toolchain/10 2021.10/bin/../lib/gcc/arm-none-eabi/10.3.1/../../../../arm-none-eabi/lib/thumb/v6-m/nofp\libc_nano.a(lib_a-errno.o)
                0x08006b20                __errno
 .text.__ssputs_r
                0x08006b2c       0xc4 c:/program files (x86)/gnu arm embedded toolchain/10 2021.10/bin/../lib/gcc/arm-none-eabi/10.3.1/../../../../arm-none-eabi/lib/thumb/v6-m/nofp\libc_nano.a(lib_a-nano-svfprintf.o)
                0x08006b2c                __ssputs_r
 .text._svfprintf_r
                0x08006bf0      0x200 c:/program files (x86)/gnu arm embedded toolchain/10 2021.10/bin/../lib/gcc/arm-none-eabi/10.3.1/../../../../arm-none-eabi/lib/thumb/v6-m/nofp\libc_nano.a(lib_a-nano-svfprintf.o)
                0x08006bf0                _svfiprintf_r
                0x08006bf0                _svfprintf_r
 .text._printf_common
                0x08006df0       0xde c:/program files (x86)/gnu arm embedded toolchain/10 2021.10/bin/../lib/gcc/arm-none-eabi/10.3.1/../../../../arm-none-eabi/lib/thumb/v6-m/nofp\libc_nano.a(lib_a-nano-vfprintf_i.o)
                0x08006df0                _printf_common
 *fill*         0x08006ece        0x2 
 .text._printf_i
                0x08006ed0      0x224 c:/program files (x86)/gnu arm embedded toolchain/10 2021.10/bin/../lib/gcc/arm-none-eabi/10.3.1/../../../../arm-none-eabi/lib/thumb/v6-m/nofp\libc_nano.a(lib_a-nano-vfprintf_i.o)
                0x08006ed0                _printf_i
 .text.memchr   0x080070f4       0x16 c:/program files (x86)/gnu arm embedded toolchain/10 2021.10/bin/../lib/gcc/arm-none-eabi/10.3.1/../../../../arm-none-eabi/lib/thumb/v6-m/nofp\libc_nano.a(lib_a-memchr-stub.o)
                0x080070f4                memchr
 .text.memmove  0x0800710a       0x26 c:/program files (x86)/gnu arm embedded toolchain/10 2021.10/bin/../lib/gcc/arm-none-eabi/10.3.1/../../../../arm-none-eabi/lib/thumb/v6-m/nofp\libc_nano.a(lib_a-memmove.o)
                0x0800710a                memmove
 .text._free_r  0x08007130       0x94 c:/program files (x86)/gnu arm embedded toolchain/10 2021.10/bin/../lib/gcc/arm-none-eabi/10.3.1/../../../../arm-none-eabi/lib/thumb/v6-m/nofp\libc_nano.a(lib_a-nano-freer.o)
                0x08007130                _free_r
 .text.sbrk_aligned
                0x080071c4       0x44 c:/program files (x86)/gnu arm embedded toolchain/10 2021.10/bin/../lib/gcc/arm-none-eabi/10.3.1/../../../../arm-none-eabi/lib/thumb/v6-m/nofp\libc_nano.a(lib_a-nano-mallocr.o)
 .text._malloc_r
                0x08007208       0xec c:/program files (x86)/gnu arm embedded toolchain/10 2021.10/bin/../lib/gcc/arm-none-eabi/10.3.1/../../../../arm-none-eabi/lib/thumb/v6-m/nofp\libc_nano.a(lib_a-nano-mallocr.o)
                0x08007208                _malloc_r
 .text._realloc_r
                0x080072f4       0x5e c:/program files (x86)/gnu arm embedded toolchain/10 2021.10/bin/../lib/gcc/arm-none-eabi/10.3.1/../../../../arm-none-eabi/lib/thumb/v6-m/nofp\libc_nano.a(lib_a-nano-reallocr.o)
                0x080072f4                _realloc_r
 *fill*         0x08007352        0x2 
 .text._sbrk_r  0x08007354       0x24 c:/program files (x86)/gnu arm embedded toolchain/10 2021.10/bin/../lib/gcc/arm-none-eabi/10.3.1/../../../../arm-none-eabi/lib/thumb/v6-m/nofp\libc_nano.a(lib_a-sbrkr.o)
                0x08007354                _sbrk_r
 .text.__malloc_lock
                0x08007378       0x10 c:/program files (x86)/gnu arm embedded toolchain/10 2021.10/bin/../lib/gcc/arm-none-eabi/10.3.1/../../../../arm-none-eabi/lib/thumb/v6-m/nofp\libc_nano.a(lib_a-mlock.o)
                0x08007378                __malloc_lock
 .text.__malloc_unlock
                0x08007388       0x10 c:/program files (x86)/gnu arm embedded toolchain/10 2021.10/bin/../lib/gcc/arm-none-eabi/10.3.1/../../../../arm-none-eabi/lib/thumb/v6-m/nofp\libc_nano.a(lib_a-mlock.o)
                0x08007388                __malloc_unlock
 .text._malloc_usable_size_r
                0x08007398       0x10 c:/program files (x86)/gnu arm embedded toolchain/10 2021.10/bin/../lib/gcc/arm-none-eabi/10.3.1/../../../../arm-none-eabi/lib/thumb/v6-m/nofp\libc_nano.a(lib_a-nano-msizer.o)
                0x08007398                _malloc_usable_size_r
 .text.__retarget_lock_acquire_recursive
                0x080073a8        0x2 c:/program files (x86)/gnu arm embedded toolchain/10 2021.10/bin/../lib/gcc/arm-none-eabi/10.3.1/../../../../arm-none-eabi/lib/thumb/v6-m/nofp\libc_nano.a(lib_a-lock.o)
                0x080073a8                __retarget_lock_acquire_recursive
 .text.__retarget_lock_release_recursive
                0x080073aa        0x2 c:/program files (x86)/gnu arm embedded toolchain/10 2021.10/bin/../lib/gcc/arm-none-eabi/10.3.1/../../../../arm-none-eabi/lib/thumb/v6-m/nofp\libc_nano.a(lib_a-lock.o)
                0x080073aa                __retarget_lock_release_recursive
 .text._sbrk    0x080073ac       0x1c c:/program files (x86)/gnu arm embedded toolchain/10 2021.10/bin/../lib/gcc/arm-none-eabi/10.3.1/../../../../arm-none-eabi/lib/thumb/v6-m/nofp\libnosys.a(sbrk.o)
                0x080073ac                _sbrk
 *(.glue_7)
 .glue_7        0x080073c8        0x0 linker stubs
 *(.glue_7t)
 .glue_7t       0x080073c8        0x0 linker stubs
 *(.eh_frame)
 .eh_frame      0x080073c8        0x0 c:/program files (x86)/gnu arm embedded toolchain/10 2021.10/bin/../lib/gcc/arm-none-eabi/10.3.1/thumb/v6-m/nofp/crtbegin.o
 *(.init)
 .init          0x080073c8        0x4 c:/program files (x86)/gnu arm embedded toolchain/10 2021.10/bin/../lib/gcc/arm-none-eabi/10.3.1/thumb/v6-m/nofp/crti.o
                0x080073c8                _init
 .init          0x080073cc        0x8 c:/program files (x86)/gnu arm embedded toolchain/10 2021.10/bin/../lib/gcc/arm-none-eabi/10.3.1/thumb/v6-m/nofp/crtn.o
 *(.fini)
 .fini          0x080073d4        0x4 c:/program files (x86)/gnu arm embedded toolchain/10 2021.10/bin/../lib/gcc/arm-none-eabi/10.3.1/thumb/v6-m/nofp/crti.o
                0x080073d4                _fini
 .fini          0x080073d8        0x8 c:/program files (x86)/gnu arm embedded toolchain/10 2021.10/bin/../lib/gcc/arm-none-eabi/10.3.1/thumb/v6-m/nofp/crtn.o
                0x080073e0                . = ALIGN (0x4)
                0x080073e0                _etext = .

.vfp11_veneer   0x080073e0        0x0
 .vfp11_veneer  0x080073e0        0x0 linker stubs

.v4_bx          0x080073e0        0x0
 .v4_bx         0x080073e0        0x0 linker stubs

.iplt           0x080073e0        0x0
 .iplt          0x080073e0        0x0 c:/program files (x86)/gnu arm embedded toolchain/10 2021.10/bin/../lib/gcc/arm-none-eabi/10.3.1/thumb/v6-m/nofp/crtbegin.o

.RamFunc        0x080073e0       0x38
 .RamFunc       0x080073e0       0x38 build/stm32g0xx_hal_flash.o

.rodata         0x08007418      0xe60
                0x08007418                . = ALIGN (0x4)
 *(.rodata)
 *(.rodata*)
 .rodata.Is_Setup_Right.str1.4
                0x08007418       0x2b build/main.o
 *fill*         0x08007443        0x1 
 .rodata.Stm32_Check_Sim_Card_Connect_Network_Service.str1.4
                0x08007444        0x7 build/main.o
 *fill*         0x0800744b        0x1 
 .rodata.Stm32_Check_Esp32_Connect_WiFi.str1.4
                0x0800744c        0xb build/main.o
 *fill*         0x08007457        0x1 
 .rodata.Stm32_Restart.str1.4
                0x08007458       0x11 build/main.o
 *fill*         0x08007469        0x3 
 .rodata.Broker_Connect_Init.str1.4
                0x0800746c       0xff build/main.o
                                0x103 (size before relaxing)
 *fill*         0x0800756b        0x1 
 .rodata.sendCBSC.str1.4
                0x0800756c       0x10 build/main.o
 .rodata.main.str1.4
                0x0800757c      0x804 build/main.o
 .rodata.main   0x08007d80       0xa8 build/main.o
 .rodata.Esp32_Setup_Default.str1.4
                0x08007e28        0xd build/espressifAT.o
 *fill*         0x08007e35        0x3 
 .rodata.Esp32_Mqtt_UserConfig.str1.4
                0x08007e38       0x2b build/espressifAT.o
 *fill*         0x08007e63        0x1 
 .rodata.Esp32_Mqtt_Connect_Broker.str1.4
                0x08007e64       0x1a build/espressifAT.o
 *fill*         0x08007e7e        0x2 
 .rodata.Esp32_Mqtt_Disconnect_Broker.str1.4
                0x08007e80       0x11 build/espressifAT.o
 *fill*         0x08007e91        0x3 
 .rodata.Esp32_Mqtt_Subscribe.str1.4
                0x08007e94       0x16 build/espressifAT.o
 *fill*         0x08007eaa        0x2 
 .rodata.Esp32_Mqtt_Publish.str1.4
                0x08007eac       0x1e build/espressifAT.o
 *fill*         0x08007eca        0x2 
 .rodata.Get_RSSI_Sim4GLTE.str1.4
                0x08007ecc       0x12 build/simcomAT.o
 *fill*         0x08007ede        0x2 
 .rodata.Get_Service_Provider_Name_Sim4GLTE.str1.4
                0x08007ee0       0x5a build/simcomAT.o
 *fill*         0x08007f3a        0x2 
 .rodata.Is_Insert_Sim_Card.str1.4
                0x08007f3c        0xb build/simcomAT.o
 *fill*         0x08007f47        0x1 
 .rodata.SimA7670C_Reset.str1.4
                0x08007f48        0xc build/simcomAT.o
 .rodata.SimA7670C_Echo.str1.4
                0x08007f54        0xf build/simcomAT.o
 *fill*         0x08007f63        0x1 
 .rodata.SimA7670C_PDP_Context_Config.str1.4
                0x08007f64       0x1b build/simcomAT.o
 *fill*         0x08007f7f        0x1 
 .rodata.SimA7670C_PDP_Context_Set.str1.4
                0x08007f80       0x11 build/simcomAT.o
 *fill*         0x08007f91        0x3 
 .rodata.SimA7670C_MQTT_StartService.str1.4
                0x08007f94       0x10 build/simcomAT.o
 .rodata.SimA7670C_MQTT_StopService.str1.4
                0x08007fa4        0xf build/simcomAT.o
 *fill*         0x08007fb3        0x1 
 .rodata.SimA7670C_MQTT_Client_Config.str1.4
                0x08007fb4       0x18 build/simcomAT.o
 .rodata.SimA7670C_MQTT_BrokerConnect.str1.4
                0x08007fcc       0x31 build/simcomAT.o
 *fill*         0x08007ffd        0x3 
 .rodata.SimA7670C_MQTT_BrokerDisconnect.str1.4
                0x08008000       0x28 build/simcomAT.o
 .rodata.SimA7670C_Mqtt_Subscribe.str1.4
                0x08008028       0x37 build/simcomAT.o
                                 0x3b (size before relaxing)
 *fill*         0x0800805f        0x1 
 .rodata.SimA7670C_Mqtt_Publish.str1.4
                0x08008060       0x53 build/simcomAT.o
 *fill*         0x080080b3        0x1 
 .rodata.TextToHexStr.str1.4
                0x080080b4        0x5 build/datatype.o
 *fill*         0x080080b9        0x3 
 .rodata.UARTPrescTable
                0x080080bc       0x18 build/stm32g0xx_hal_uart.o
                0x080080bc                UARTPrescTable
 .rodata.denominator.0
                0x080080d4        0x8 build/stm32g0xx_hal_uart_ex.o
 .rodata.numerator.1
                0x080080dc        0x8 build/stm32g0xx_hal_uart_ex.o
 .rodata.AHBPrescTable
                0x080080e4       0x40 build/system_stm32g0xx.o
                0x080080e4                AHBPrescTable
 .rodata.APBPrescTable
                0x08008124       0x20 build/system_stm32g0xx.o
                0x08008124                APBPrescTable
 .rodata._ctype_
                0x08008144      0x101 c:/program files (x86)/gnu arm embedded toolchain/10 2021.10/bin/../lib/gcc/arm-none-eabi/10.3.1/../../../../arm-none-eabi/lib/thumb/v6-m/nofp\libc_nano.a(lib_a-ctype_.o)
                0x08008144                _ctype_
 .rodata._svfprintf_r.str1.1
                0x08008245       0x11 c:/program files (x86)/gnu arm embedded toolchain/10 2021.10/bin/../lib/gcc/arm-none-eabi/10.3.1/../../../../arm-none-eabi/lib/thumb/v6-m/nofp\libc_nano.a(lib_a-nano-svfprintf.o)
 .rodata._printf_i.str1.1
                0x08008256       0x22 c:/program files (x86)/gnu arm embedded toolchain/10 2021.10/bin/../lib/gcc/arm-none-eabi/10.3.1/../../../../arm-none-eabi/lib/thumb/v6-m/nofp\libc_nano.a(lib_a-nano-vfprintf_i.o)
                0x08008278                . = ALIGN (0x4)

.rel.dyn        0x08008278        0x0
 .rel.iplt      0x08008278        0x0 c:/program files (x86)/gnu arm embedded toolchain/10 2021.10/bin/../lib/gcc/arm-none-eabi/10.3.1/thumb/v6-m/nofp/crtbegin.o

.ARM.extab
 *(.ARM.extab* .gnu.linkonce.armextab.*)

.ARM            0x08008278        0x0
                0x08008278                __exidx_start = .
 *(.ARM.exidx*)
                0x08008278                __exidx_end = .

.preinit_array  0x08008278        0x0
                0x08008278                PROVIDE (__preinit_array_start = .)
 *(.preinit_array*)
                0x08008278                PROVIDE (__preinit_array_end = .)

.init_array     0x08008278        0x4
                0x08008278                PROVIDE (__init_array_start = .)
 *(SORT_BY_NAME(.init_array.*))
 *(.init_array*)
 .init_array    0x08008278        0x4 c:/program files (x86)/gnu arm embedded toolchain/10 2021.10/bin/../lib/gcc/arm-none-eabi/10.3.1/thumb/v6-m/nofp/crtbegin.o
                0x0800827c                PROVIDE (__init_array_end = .)

.fini_array     0x0800827c        0x4
                [!provide]                PROVIDE (__fini_array_start = .)
 *(SORT_BY_NAME(.fini_array.*))
 *(.fini_array*)
 .fini_array    0x0800827c        0x4 c:/program files (x86)/gnu arm embedded toolchain/10 2021.10/bin/../lib/gcc/arm-none-eabi/10.3.1/thumb/v6-m/nofp/crtbegin.o
                [!provide]                PROVIDE (__fini_array_end = .)
                0x08008280                _sidata = LOADADDR (.data)

.data           0x20000000       0x74 load address 0x08008280
                0x20000000                . = ALIGN (0x4)
                0x20000000                _sdata = .
 *(.data)
 *(.data*)
 .data.Baudrate_Default
                0x20000000        0x4 build/main.o
                0x20000000                Baudrate_Default
 .data.uwTickFreq
                0x20000004        0x1 build/stm32g0xx_hal.o
                0x20000004                uwTickFreq
 *fill*         0x20000005        0x3 
 .data.uwTickPrio
                0x20000008        0x4 build/stm32g0xx_hal.o
                0x20000008                uwTickPrio
 .data.SystemCoreClock
                0x2000000c        0x4 build/system_stm32g0xx.o
                0x2000000c                SystemCoreClock
 .data._impure_ptr
                0x20000010        0x4 c:/program files (x86)/gnu arm embedded toolchain/10 2021.10/bin/../lib/gcc/arm-none-eabi/10.3.1/../../../../arm-none-eabi/lib/thumb/v6-m/nofp\libc_nano.a(lib_a-impure.o)
                0x20000010                _impure_ptr
 .data.impure_data
                0x20000014       0x60 c:/program files (x86)/gnu arm embedded toolchain/10 2021.10/bin/../lib/gcc/arm-none-eabi/10.3.1/../../../../arm-none-eabi/lib/thumb/v6-m/nofp\libc_nano.a(lib_a-impure.o)
                0x20000074                . = ALIGN (0x4)
                0x20000074                _edata = .

.igot.plt       0x20000074        0x0 load address 0x080082f4
 .igot.plt      0x20000074        0x0 c:/program files (x86)/gnu arm embedded toolchain/10 2021.10/bin/../lib/gcc/arm-none-eabi/10.3.1/thumb/v6-m/nofp/crtbegin.o
                0x20000074                . = ALIGN (0x4)

.bss            0x20000074     0x171c load address 0x080082f4
                0x20000074                _sbss = .
                0x20000074                __bss_start__ = _sbss
 *(.bss)
 .bss           0x20000074       0x1c c:/program files (x86)/gnu arm embedded toolchain/10 2021.10/bin/../lib/gcc/arm-none-eabi/10.3.1/thumb/v6-m/nofp/crtbegin.o
 *(.bss*)
 .bss.Button_Press_Keep_Count.4
                0x20000090        0x1 build/main.o
 .bss.DATA_DISPLAY
                0x20000091        0x1 build/main.o
                0x20000091                DATA_DISPLAY
 *fill*         0x20000092        0x2 
 .bss.Eeprom_Buf
                0x20000094        0x8 build/main.o
                0x20000094                Eeprom_Buf
 .bss.Eeprom_Host
                0x2000009c       0x1c build/main.o
                0x2000009c                Eeprom_Host
 .bss.Eeprom_Password
                0x200000b8        0x8 build/main.o
                0x200000b8                Eeprom_Password
 .bss.Eeprom_TopicPub
                0x200000c0       0x14 build/main.o
                0x200000c0                Eeprom_TopicPub
 .bss.Eeprom_TopicSub
                0x200000d4       0x10 build/main.o
                0x200000d4                Eeprom_TopicSub
 .bss.Eeprom_Username
                0x200000e4        0x8 build/main.o
                0x200000e4                Eeprom_Username
 .bss.Filter_Buf
                0x200000ec      0x1f4 build/main.o
                0x200000ec                Filter_Buf
 .bss.Interval_Count.5
                0x200002e0        0x1 build/main.o
 .bss.Interval_Flag
                0x200002e1        0x1 build/main.o
                0x200002e1                Interval_Flag
 *fill*         0x200002e2        0x2 
 .bss.Inverter_Buf
                0x200002e4      0x1f4 build/main.o
                0x200002e4                Inverter_Buf
 .bss.Inverter_Count
                0x200004d8        0x2 build/main.o
                0x200004d8                Inverter_Count
 .bss.Inverter_Data
                0x200004da        0x1 build/main.o
                0x200004da                Inverter_Data
 *fill*         0x200004db        0x1 
 .bss.IoT_Protocol_Buf
                0x200004dc      0x1f4 build/main.o
                0x200004dc                IoT_Protocol_Buf
 .bss.IoT_Protocol_Count
                0x200006d0        0x2 build/main.o
                0x200006d0                IoT_Protocol_Count
 .bss.IoT_Protocol_Data
                0x200006d2        0x1 build/main.o
                0x200006d2                IoT_Protocol_Data
 .bss.Previous_State.1
                0x200006d3        0x1 build/main.o
 .bss.Receive_Package_Buf
                0x200006d4      0x514 build/main.o
                0x200006d4                Receive_Package_Buf
 .bss.Req_Ping_Count.3
                0x20000be8        0x1 build/main.o
 .bss.Req_Ping_Flag
                0x20000be9        0x1 build/main.o
                0x20000be9                Req_Ping_Flag
 *fill*         0x20000bea        0x2 
 .bss.Send_Package_Buf
                0x20000bec      0x7d0 build/main.o
                0x20000bec                Send_Package_Buf
 .bss.State_Data.0
                0x200013bc        0x1 build/main.o
 .bss.State_WiFi.2
                0x200013bd        0x1 build/main.o
 .bss.WIRELESS_DISPLAY
                0x200013be        0x1 build/main.o
                0x200013be                WIRELESS_DISPLAY
 *fill*         0x200013bf        0x1 
 .bss.broker    0x200013c0       0xa8 build/main.o
                0x200013c0                broker
 .bss.htim1     0x20001468       0x4c build/main.o
                0x20001468                htim1
 .bss.htim15    0x200014b4       0x4c build/main.o
                0x200014b4                htim15
 .bss.htim3     0x20001500       0x4c build/main.o
                0x20001500                htim3
 .bss.htim6     0x2000154c       0x4c build/main.o
                0x2000154c                htim6
 .bss.huart1    0x20001598       0x94 build/main.o
                0x20001598                huart1
 .bss.huart2    0x2000162c       0x94 build/main.o
                0x2000162c                huart2
 .bss.huart3    0x200016c0       0x94 build/main.o
                0x200016c0                huart3
 .bss.intervalValue
                0x20001754        0x4 build/main.o
                0x20001754                intervalValue
 .bss.wirelessProtocol
                0x20001758        0x1 build/main.o
                0x20001758                wirelessProtocol
 *fill*         0x20001759        0x3 
 .bss.pFlash    0x2000175c       0x1c build/stm32g0xx_hal_flash.o
                0x2000175c                pFlash
 .bss.uwTick    0x20001778        0x4 build/stm32g0xx_hal.o
                0x20001778                uwTick
 .bss.__malloc_free_list
                0x2000177c        0x4 c:/program files (x86)/gnu arm embedded toolchain/10 2021.10/bin/../lib/gcc/arm-none-eabi/10.3.1/../../../../arm-none-eabi/lib/thumb/v6-m/nofp\libc_nano.a(lib_a-nano-mallocr.o)
                0x2000177c                __malloc_free_list
 .bss.__malloc_sbrk_start
                0x20001780        0x4 c:/program files (x86)/gnu arm embedded toolchain/10 2021.10/bin/../lib/gcc/arm-none-eabi/10.3.1/../../../../arm-none-eabi/lib/thumb/v6-m/nofp\libc_nano.a(lib_a-nano-mallocr.o)
                0x20001780                __malloc_sbrk_start
 .bss.errno     0x20001784        0x4 c:/program files (x86)/gnu arm embedded toolchain/10 2021.10/bin/../lib/gcc/arm-none-eabi/10.3.1/../../../../arm-none-eabi/lib/thumb/v6-m/nofp\libc_nano.a(lib_a-reent.o)
                0x20001784                errno
 .bss.__lock___malloc_recursive_mutex
                0x20001788        0x1 c:/program files (x86)/gnu arm embedded toolchain/10 2021.10/bin/../lib/gcc/arm-none-eabi/10.3.1/../../../../arm-none-eabi/lib/thumb/v6-m/nofp\libc_nano.a(lib_a-lock.o)
                0x20001788                __lock___malloc_recursive_mutex
 *fill*         0x20001789        0x3 
 .bss.heap_end.0
                0x2000178c        0x4 c:/program files (x86)/gnu arm embedded toolchain/10 2021.10/bin/../lib/gcc/arm-none-eabi/10.3.1/../../../../arm-none-eabi/lib/thumb/v6-m/nofp\libnosys.a(sbrk.o)
 *(COMMON)
                0x20001790                . = ALIGN (0x4)
                0x20001790                _ebss = .
                0x20001790                __bss_end__ = _ebss

._user_heap_stack
                0x20001790      0x600 load address 0x080082f4
                0x20001790                . = ALIGN (0x8)
                0x20001790                PROVIDE (end = .)
                [!provide]                PROVIDE (_end = .)
                0x20001990                . = (. + _Min_Heap_Size)
 *fill*         0x20001790      0x200 
                0x20001d90                . = (. + _Min_Stack_Size)
 *fill*         0x20001990      0x400 
                0x20001d90                . = ALIGN (0x8)

/DISCARD/
 libc.a(*)
 libm.a(*)
 libgcc.a(*)

.ARM.attributes
                0x00000000       0x28
 *(.ARM.attributes)
 .ARM.attributes
                0x00000000       0x1e c:/program files (x86)/gnu arm embedded toolchain/10 2021.10/bin/../lib/gcc/arm-none-eabi/10.3.1/thumb/v6-m/nofp/crti.o
 .ARM.attributes
                0x0000001e       0x2c c:/program files (x86)/gnu arm embedded toolchain/10 2021.10/bin/../lib/gcc/arm-none-eabi/10.3.1/thumb/v6-m/nofp/crtbegin.o
 .ARM.attributes
                0x0000004a       0x2c build/main.o
 .ARM.attributes
                0x00000076       0x2c build/espressifAT.o
 .ARM.attributes
                0x000000a2       0x2c build/simcomAT.o
 .ARM.attributes
                0x000000ce       0x2c build/eeprom.o
 .ARM.attributes
                0x000000fa       0x2c build/relay.o
 .ARM.attributes
                0x00000126       0x2c build/modbusRTU.o
 .ARM.attributes
                0x00000152       0x2c build/datatype.o
 .ARM.attributes
                0x0000017e       0x2c build/stm32g0xx_it.o
 .ARM.attributes
                0x000001aa       0x2c build/stm32g0xx_hal_msp.o
 .ARM.attributes
                0x000001d6       0x2c build/stm32g0xx_hal_tim_ex.o
 .ARM.attributes
                0x00000202       0x2c build/stm32g0xx_hal_rcc.o
 .ARM.attributes
                0x0000022e       0x2c build/stm32g0xx_hal_rcc_ex.o
 .ARM.attributes
                0x0000025a       0x2c build/stm32g0xx_hal_flash.o
 .ARM.attributes
                0x00000286       0x2c build/stm32g0xx_hal_flash_ex.o
 .ARM.attributes
                0x000002b2       0x2c build/stm32g0xx_hal_gpio.o
 .ARM.attributes
                0x000002de       0x2c build/stm32g0xx_hal_dma.o
 .ARM.attributes
                0x0000030a       0x2c build/stm32g0xx_hal_pwr_ex.o
 .ARM.attributes
                0x00000336       0x2c build/stm32g0xx_hal_cortex.o
 .ARM.attributes
                0x00000362       0x2c build/stm32g0xx_hal.o
 .ARM.attributes
                0x0000038e       0x2c build/stm32g0xx_hal_uart.o
 .ARM.attributes
                0x000003ba       0x2c build/stm32g0xx_hal_uart_ex.o
 .ARM.attributes
                0x000003e6       0x2c build/system_stm32g0xx.o
 .ARM.attributes
                0x00000412       0x2c build/stm32g0xx_hal_tim.o
 .ARM.attributes
                0x0000043e       0x22 build/startup_stm32g070xx.o
 .ARM.attributes
                0x00000460       0x2c c:/program files (x86)/gnu arm embedded toolchain/10 2021.10/bin/../lib/gcc/arm-none-eabi/10.3.1/../../../../arm-none-eabi/lib/thumb/v6-m/nofp\libc_nano.a(lib_a-atoi.o)
 .ARM.attributes
                0x0000048c       0x2c c:/program files (x86)/gnu arm embedded toolchain/10 2021.10/bin/../lib/gcc/arm-none-eabi/10.3.1/../../../../arm-none-eabi/lib/thumb/v6-m/nofp\libc_nano.a(lib_a-impure.o)
 .ARM.attributes
                0x000004b8       0x2c c:/program files (x86)/gnu arm embedded toolchain/10 2021.10/bin/../lib/gcc/arm-none-eabi/10.3.1/../../../../arm-none-eabi/lib/thumb/v6-m/nofp\libc_nano.a(lib_a-init.o)
 .ARM.attributes
                0x000004e4       0x2c c:/program files (x86)/gnu arm embedded toolchain/10 2021.10/bin/../lib/gcc/arm-none-eabi/10.3.1/../../../../arm-none-eabi/lib/thumb/v6-m/nofp\libc_nano.a(lib_a-memcpy-stub.o)
 .ARM.attributes
                0x00000510       0x2c c:/program files (x86)/gnu arm embedded toolchain/10 2021.10/bin/../lib/gcc/arm-none-eabi/10.3.1/../../../../arm-none-eabi/lib/thumb/v6-m/nofp\libc_nano.a(lib_a-memset.o)
 .ARM.attributes
                0x0000053c       0x2c c:/program files (x86)/gnu arm embedded toolchain/10 2021.10/bin/../lib/gcc/arm-none-eabi/10.3.1/../../../../arm-none-eabi/lib/thumb/v6-m/nofp\libc_nano.a(lib_a-sprintf.o)
 .ARM.attributes
                0x00000568       0x2c c:/program files (x86)/gnu arm embedded toolchain/10 2021.10/bin/../lib/gcc/arm-none-eabi/10.3.1/../../../../arm-none-eabi/lib/thumb/v6-m/nofp\libc_nano.a(lib_a-strchr.o)
 .ARM.attributes
                0x00000594       0x2c c:/program files (x86)/gnu arm embedded toolchain/10 2021.10/bin/../lib/gcc/arm-none-eabi/10.3.1/../../../../arm-none-eabi/lib/thumb/v6-m/nofp\libc_nano.a(lib_a-strcpy.o)
 .ARM.attributes
                0x000005c0       0x1c c:/program files (x86)/gnu arm embedded toolchain/10 2021.10/bin/../lib/gcc/arm-none-eabi/10.3.1/../../../../arm-none-eabi/lib/thumb/v6-m/nofp\libc_nano.a(lib_a-strlen.o)
 .ARM.attributes
                0x000005dc       0x2c c:/program files (x86)/gnu arm embedded toolchain/10 2021.10/bin/../lib/gcc/arm-none-eabi/10.3.1/../../../../arm-none-eabi/lib/thumb/v6-m/nofp\libc_nano.a(lib_a-strstr.o)
 .ARM.attributes
                0x00000608       0x2c c:/program files (x86)/gnu arm embedded toolchain/10 2021.10/bin/../lib/gcc/arm-none-eabi/10.3.1/../../../../arm-none-eabi/lib/thumb/v6-m/nofp\libc_nano.a(lib_a-strtol.o)
 .ARM.attributes
                0x00000634       0x2c c:/program files (x86)/gnu arm embedded toolchain/10 2021.10/bin/../lib/gcc/arm-none-eabi/10.3.1/../../../../arm-none-eabi/lib/thumb/v6-m/nofp\libc_nano.a(lib_a-ctype_.o)
 .ARM.attributes
                0x00000660       0x2c c:/program files (x86)/gnu arm embedded toolchain/10 2021.10/bin/../lib/gcc/arm-none-eabi/10.3.1/../../../../arm-none-eabi/lib/thumb/v6-m/nofp\libc_nano.a(lib_a-errno.o)
 .ARM.attributes
                0x0000068c       0x2c c:/program files (x86)/gnu arm embedded toolchain/10 2021.10/bin/../lib/gcc/arm-none-eabi/10.3.1/../../../../arm-none-eabi/lib/thumb/v6-m/nofp\libc_nano.a(lib_a-nano-svfprintf.o)
 .ARM.attributes
                0x000006b8       0x2c c:/program files (x86)/gnu arm embedded toolchain/10 2021.10/bin/../lib/gcc/arm-none-eabi/10.3.1/../../../../arm-none-eabi/lib/thumb/v6-m/nofp\libc_nano.a(lib_a-nano-vfprintf_i.o)
 .ARM.attributes
                0x000006e4       0x2c c:/program files (x86)/gnu arm embedded toolchain/10 2021.10/bin/../lib/gcc/arm-none-eabi/10.3.1/../../../../arm-none-eabi/lib/thumb/v6-m/nofp\libc_nano.a(lib_a-memchr-stub.o)
 .ARM.attributes
                0x00000710       0x2c c:/program files (x86)/gnu arm embedded toolchain/10 2021.10/bin/../lib/gcc/arm-none-eabi/10.3.1/../../../../arm-none-eabi/lib/thumb/v6-m/nofp\libc_nano.a(lib_a-memmove.o)
 .ARM.attributes
                0x0000073c       0x2c c:/program files (x86)/gnu arm embedded toolchain/10 2021.10/bin/../lib/gcc/arm-none-eabi/10.3.1/../../../../arm-none-eabi/lib/thumb/v6-m/nofp\libc_nano.a(lib_a-nano-freer.o)
 .ARM.attributes
                0x00000768       0x2c c:/program files (x86)/gnu arm embedded toolchain/10 2021.10/bin/../lib/gcc/arm-none-eabi/10.3.1/../../../../arm-none-eabi/lib/thumb/v6-m/nofp\libc_nano.a(lib_a-nano-mallocr.o)
 .ARM.attributes
                0x00000794       0x2c c:/program files (x86)/gnu arm embedded toolchain/10 2021.10/bin/../lib/gcc/arm-none-eabi/10.3.1/../../../../arm-none-eabi/lib/thumb/v6-m/nofp\libc_nano.a(lib_a-nano-reallocr.o)
 .ARM.attributes
                0x000007c0       0x2c c:/program files (x86)/gnu arm embedded toolchain/10 2021.10/bin/../lib/gcc/arm-none-eabi/10.3.1/../../../../arm-none-eabi/lib/thumb/v6-m/nofp\libc_nano.a(lib_a-sbrkr.o)
 .ARM.attributes
                0x000007ec       0x2c c:/program files (x86)/gnu arm embedded toolchain/10 2021.10/bin/../lib/gcc/arm-none-eabi/10.3.1/../../../../arm-none-eabi/lib/thumb/v6-m/nofp\libc_nano.a(lib_a-mlock.o)
 .ARM.attributes
                0x00000818       0x2c c:/program files (x86)/gnu arm embedded toolchain/10 2021.10/bin/../lib/gcc/arm-none-eabi/10.3.1/../../../../arm-none-eabi/lib/thumb/v6-m/nofp\libc_nano.a(lib_a-nano-msizer.o)
 .ARM.attributes
                0x00000844       0x2c c:/program files (x86)/gnu arm embedded toolchain/10 2021.10/bin/../lib/gcc/arm-none-eabi/10.3.1/../../../../arm-none-eabi/lib/thumb/v6-m/nofp\libc_nano.a(lib_a-reent.o)
 .ARM.attributes
                0x00000870       0x2c c:/program files (x86)/gnu arm embedded toolchain/10 2021.10/bin/../lib/gcc/arm-none-eabi/10.3.1/../../../../arm-none-eabi/lib/thumb/v6-m/nofp\libc_nano.a(lib_a-lock.o)
 .ARM.attributes
                0x0000089c       0x2c c:/program files (x86)/gnu arm embedded toolchain/10 2021.10/bin/../lib/gcc/arm-none-eabi/10.3.1/../../../../arm-none-eabi/lib/thumb/v6-m/nofp\libnosys.a(sbrk.o)
 .ARM.attributes
                0x000008c8       0x1e c:/program files (x86)/gnu arm embedded toolchain/10 2021.10/bin/../lib/gcc/arm-none-eabi/10.3.1/thumb/v6-m/nofp\libgcc.a(_thumb1_case_shi.o)
 .ARM.attributes
                0x000008e6       0x1e c:/program files (x86)/gnu arm embedded toolchain/10 2021.10/bin/../lib/gcc/arm-none-eabi/10.3.1/thumb/v6-m/nofp\libgcc.a(_udivsi3.o)
 .ARM.attributes
                0x00000904       0x1e c:/program files (x86)/gnu arm embedded toolchain/10 2021.10/bin/../lib/gcc/arm-none-eabi/10.3.1/thumb/v6-m/nofp\libgcc.a(_divsi3.o)
 .ARM.attributes
                0x00000922       0x1e c:/program files (x86)/gnu arm embedded toolchain/10 2021.10/bin/../lib/gcc/arm-none-eabi/10.3.1/thumb/v6-m/nofp\libgcc.a(_dvmd_tls.o)
 .ARM.attributes
                0x00000940       0x1e c:/program files (x86)/gnu arm embedded toolchain/10 2021.10/bin/../lib/gcc/arm-none-eabi/10.3.1/thumb/v6-m/nofp/crtn.o
OUTPUT(build/Vnpt_Pccc_Monitoring.elf elf32-littlearm)
LOAD linker stubs
LOAD c:/program files (x86)/gnu arm embedded toolchain/10 2021.10/bin/../lib/gcc/arm-none-eabi/10.3.1/../../../../arm-none-eabi/lib/thumb/v6-m/nofp\libc.a
LOAD c:/program files (x86)/gnu arm embedded toolchain/10 2021.10/bin/../lib/gcc/arm-none-eabi/10.3.1/../../../../arm-none-eabi/lib/thumb/v6-m/nofp\libm.a
LOAD c:/program files (x86)/gnu arm embedded toolchain/10 2021.10/bin/../lib/gcc/arm-none-eabi/10.3.1/thumb/v6-m/nofp\libgcc.a

.debug_info     0x00000000    0x1ff93
 .debug_info    0x00000000     0x6784 build/main.o
 .debug_info    0x00006784     0x13be build/espressifAT.o
 .debug_info    0x00007b42     0x197a build/simcomAT.o
 .debug_info    0x000094bc      0x7de build/eeprom.o
 .debug_info    0x00009c9a      0x2f1 build/relay.o
 .debug_info    0x00009f8b      0x242 build/modbusRTU.o
 .debug_info    0x0000a1cd      0x256 build/datatype.o
 .debug_info    0x0000a423      0xec9 build/stm32g0xx_it.o
 .debug_info    0x0000b2ec     0x1715 build/stm32g0xx_hal_msp.o
 .debug_info    0x0000ca01     0x211a build/stm32g0xx_hal_tim_ex.o
 .debug_info    0x0000eb1b      0xe4b build/stm32g0xx_hal_rcc.o
 .debug_info    0x0000f966      0x9a6 build/stm32g0xx_hal_rcc_ex.o
 .debug_info    0x0001030c      0x862 build/stm32g0xx_hal_flash.o
 .debug_info    0x00010b6e      0x857 build/stm32g0xx_hal_flash_ex.o
 .debug_info    0x000113c5      0x693 build/stm32g0xx_hal_gpio.o
 .debug_info    0x00011a58      0xaec build/stm32g0xx_hal_dma.o
 .debug_info    0x00012544      0x5ca build/stm32g0xx_hal_pwr_ex.o
 .debug_info    0x00012b0e      0xaea build/stm32g0xx_hal_cortex.o
 .debug_info    0x000135f8      0xab4 build/stm32g0xx_hal.o
 .debug_info    0x000140ac     0x63c6 build/stm32g0xx_hal_uart.o
 .debug_info    0x0001a472     0x1361 build/stm32g0xx_hal_uart_ex.o
 .debug_info    0x0001b7d3      0x496 build/system_stm32g0xx.o
 .debug_info    0x0001bc69     0x4308 build/stm32g0xx_hal_tim.o
 .debug_info    0x0001ff71       0x22 build/startup_stm32g070xx.o

.debug_abbrev   0x00000000     0x365c
 .debug_abbrev  0x00000000      0x339 build/main.o
 .debug_abbrev  0x00000339      0x24e build/espressifAT.o
 .debug_abbrev  0x00000587      0x2c8 build/simcomAT.o
 .debug_abbrev  0x0000084f      0x206 build/eeprom.o
 .debug_abbrev  0x00000a55      0x14f build/relay.o
 .debug_abbrev  0x00000ba4      0x103 build/modbusRTU.o
 .debug_abbrev  0x00000ca7      0x10b build/datatype.o
 .debug_abbrev  0x00000db2      0x1c1 build/stm32g0xx_it.o
 .debug_abbrev  0x00000f73      0x23c build/stm32g0xx_hal_msp.o
 .debug_abbrev  0x000011af      0x2a7 build/stm32g0xx_hal_tim_ex.o
 .debug_abbrev  0x00001456      0x2d8 build/stm32g0xx_hal_rcc.o
 .debug_abbrev  0x0000172e      0x26e build/stm32g0xx_hal_rcc_ex.o
 .debug_abbrev  0x0000199c      0x367 build/stm32g0xx_hal_flash.o
 .debug_abbrev  0x00001d03      0x2a7 build/stm32g0xx_hal_flash_ex.o
 .debug_abbrev  0x00001faa      0x239 build/stm32g0xx_hal_gpio.o
 .debug_abbrev  0x000021e3      0x246 build/stm32g0xx_hal_dma.o
 .debug_abbrev  0x00002429      0x219 build/stm32g0xx_hal_pwr_ex.o
 .debug_abbrev  0x00002642      0x2c7 build/stm32g0xx_hal_cortex.o
 .debug_abbrev  0x00002909      0x2bc build/stm32g0xx_hal.o
 .debug_abbrev  0x00002bc5      0x35e build/stm32g0xx_hal_uart.o
 .debug_abbrev  0x00002f23      0x337 build/stm32g0xx_hal_uart_ex.o
 .debug_abbrev  0x0000325a      0x145 build/system_stm32g0xx.o
 .debug_abbrev  0x0000339f      0x2ab build/stm32g0xx_hal_tim.o
 .debug_abbrev  0x0000364a       0x12 build/startup_stm32g070xx.o

.debug_loc      0x00000000    0x15422
 .debug_loc     0x00000000     0x1982 build/main.o
 .debug_loc     0x00001982      0x3cc build/espressifAT.o
 .debug_loc     0x00001d4e      0x591 build/simcomAT.o
 .debug_loc     0x000022df      0x592 build/eeprom.o
 .debug_loc     0x00002871      0x210 build/relay.o
 .debug_loc     0x00002a81      0x28b build/modbusRTU.o
 .debug_loc     0x00002d0c      0x1f7 build/datatype.o
 .debug_loc     0x00002f03      0x140 build/stm32g0xx_it.o
 .debug_loc     0x00003043      0x2b2 build/stm32g0xx_hal_msp.o
 .debug_loc     0x000032f5     0x2e69 build/stm32g0xx_hal_tim_ex.o
 .debug_loc     0x0000615e      0x82f build/stm32g0xx_hal_rcc.o
 .debug_loc     0x0000698d      0x861 build/stm32g0xx_hal_rcc_ex.o
 .debug_loc     0x000071ee      0x5e0 build/stm32g0xx_hal_flash.o
 .debug_loc     0x000077ce      0x52b build/stm32g0xx_hal_flash_ex.o
 .debug_loc     0x00007cf9      0x433 build/stm32g0xx_hal_gpio.o
 .debug_loc     0x0000812c      0xaaa build/stm32g0xx_hal_dma.o
 .debug_loc     0x00008bd6      0x320 build/stm32g0xx_hal_pwr_ex.o
 .debug_loc     0x00008ef6      0x498 build/stm32g0xx_hal_cortex.o
 .debug_loc     0x0000938e      0x25d build/stm32g0xx_hal.o
 .debug_loc     0x000095eb     0x4c36 build/stm32g0xx_hal_uart.o
 .debug_loc     0x0000e221      0xe33 build/stm32g0xx_hal_uart_ex.o
 .debug_loc     0x0000f054       0xc9 build/system_stm32g0xx.o
 .debug_loc     0x0000f11d     0x6305 build/stm32g0xx_hal_tim.o

.debug_aranges  0x00000000     0x1160
 .debug_aranges
                0x00000000      0x100 build/main.o
 .debug_aranges
                0x00000100       0x88 build/espressifAT.o
 .debug_aranges
                0x00000188       0x90 build/simcomAT.o
 .debug_aranges
                0x00000218       0x50 build/eeprom.o
 .debug_aranges
                0x00000268       0x20 build/relay.o
 .debug_aranges
                0x00000288       0x28 build/modbusRTU.o
 .debug_aranges
                0x000002b0       0x30 build/datatype.o
 .debug_aranges
                0x000002e0       0x90 build/stm32g0xx_it.o
 .debug_aranges
                0x00000370       0x40 build/stm32g0xx_hal_msp.o
 .debug_aranges
                0x000003b0      0x198 build/stm32g0xx_hal_tim_ex.o
 .debug_aranges
                0x00000548       0x98 build/stm32g0xx_hal_rcc.o
 .debug_aranges
                0x000005e0       0x40 build/stm32g0xx_hal_rcc_ex.o
 .debug_aranges
                0x00000620       0x88 build/stm32g0xx_hal_flash.o
 .debug_aranges
                0x000006a8       0x88 build/stm32g0xx_hal_flash_ex.o
 .debug_aranges
                0x00000730       0x60 build/stm32g0xx_hal_gpio.o
 .debug_aranges
                0x00000790       0x90 build/stm32g0xx_hal_dma.o
 .debug_aranges
                0x00000820       0x98 build/stm32g0xx_hal_pwr_ex.o
 .debug_aranges
                0x000008b8       0x90 build/stm32g0xx_hal_cortex.o
 .debug_aranges
                0x00000948       0xf8 build/stm32g0xx_hal.o
 .debug_aranges
                0x00000a40      0x248 build/stm32g0xx_hal_uart.o
 .debug_aranges
                0x00000c88       0xa8 build/stm32g0xx_hal_uart_ex.o
 .debug_aranges
                0x00000d30       0x28 build/system_stm32g0xx.o
 .debug_aranges
                0x00000d58      0x3e0 build/stm32g0xx_hal_tim.o
 .debug_aranges
                0x00001138       0x28 build/startup_stm32g070xx.o

.debug_ranges   0x00000000     0x1358
 .debug_ranges  0x00000000      0x2f0 build/main.o
 .debug_ranges  0x000002f0       0x78 build/espressifAT.o
 .debug_ranges  0x00000368       0xf8 build/simcomAT.o
 .debug_ranges  0x00000460       0x40 build/eeprom.o
 .debug_ranges  0x000004a0       0x10 build/relay.o
 .debug_ranges  0x000004b0       0x60 build/modbusRTU.o
 .debug_ranges  0x00000510       0x20 build/datatype.o
 .debug_ranges  0x00000530       0x80 build/stm32g0xx_it.o
 .debug_ranges  0x000005b0       0x30 build/stm32g0xx_hal_msp.o
 .debug_ranges  0x000005e0      0x188 build/stm32g0xx_hal_tim_ex.o
 .debug_ranges  0x00000768       0xa8 build/stm32g0xx_hal_rcc.o
 .debug_ranges  0x00000810       0x48 build/stm32g0xx_hal_rcc_ex.o
 .debug_ranges  0x00000858       0x90 build/stm32g0xx_hal_flash.o
 .debug_ranges  0x000008e8       0x78 build/stm32g0xx_hal_flash_ex.o
 .debug_ranges  0x00000960       0x50 build/stm32g0xx_hal_gpio.o
 .debug_ranges  0x000009b0       0x80 build/stm32g0xx_hal_dma.o
 .debug_ranges  0x00000a30       0x88 build/stm32g0xx_hal_pwr_ex.o
 .debug_ranges  0x00000ab8       0xe0 build/stm32g0xx_hal_cortex.o
 .debug_ranges  0x00000b98       0xe8 build/stm32g0xx_hal.o
 .debug_ranges  0x00000c80      0x238 build/stm32g0xx_hal_uart.o
 .debug_ranges  0x00000eb8       0x98 build/stm32g0xx_hal_uart_ex.o
 .debug_ranges  0x00000f50       0x18 build/system_stm32g0xx.o
 .debug_ranges  0x00000f68      0x3d0 build/stm32g0xx_hal_tim.o
 .debug_ranges  0x00001338       0x20 build/startup_stm32g070xx.o

.debug_line     0x00000000    0x16032
 .debug_line    0x00000000     0x2e44 build/main.o
 .debug_line    0x00002e44      0x510 build/espressifAT.o
 .debug_line    0x00003354      0x7bf build/simcomAT.o
 .debug_line    0x00003b13      0x4e7 build/eeprom.o
 .debug_line    0x00003ffa      0x201 build/relay.o
 .debug_line    0x000041fb      0x30a build/modbusRTU.o
 .debug_line    0x00004505      0x40b build/datatype.o
 .debug_line    0x00004910      0x37e build/stm32g0xx_it.o
 .debug_line    0x00004c8e      0x4ea build/stm32g0xx_hal_msp.o
 .debug_line    0x00005178     0x1f9e build/stm32g0xx_hal_tim_ex.o
 .debug_line    0x00007116      0xd7c build/stm32g0xx_hal_rcc.o
 .debug_line    0x00007e92      0x7ed build/stm32g0xx_hal_rcc_ex.o
 .debug_line    0x0000867f      0x710 build/stm32g0xx_hal_flash.o
 .debug_line    0x00008d8f      0x672 build/stm32g0xx_hal_flash_ex.o
 .debug_line    0x00009401      0x6b4 build/stm32g0xx_hal_gpio.o
 .debug_line    0x00009ab5      0xb20 build/stm32g0xx_hal_dma.o
 .debug_line    0x0000a5d5      0x571 build/stm32g0xx_hal_pwr_ex.o
 .debug_line    0x0000ab46      0x688 build/stm32g0xx_hal_cortex.o
 .debug_line    0x0000b1ce      0x5d0 build/stm32g0xx_hal.o
 .debug_line    0x0000b79e     0x47e6 build/stm32g0xx_hal_uart.o
 .debug_line    0x0000ff84      0xca4 build/stm32g0xx_hal_uart_ex.o
 .debug_line    0x00010c28      0x2bf build/system_stm32g0xx.o
 .debug_line    0x00010ee7     0x50d4 build/stm32g0xx_hal_tim.o
 .debug_line    0x00015fbb       0x77 build/startup_stm32g070xx.o

.debug_str      0x00000000     0x57ab
 .debug_str     0x00000000     0x1d34 build/main.o
                               0x1e80 (size before relaxing)
 .debug_str     0x00001d34       0xbe build/espressifAT.o
                                0x9c2 (size before relaxing)
 .debug_str     0x00001df2       0xb2 build/simcomAT.o
                                0xa5a (size before relaxing)
 .debug_str     0x00001ea4      0x11d build/eeprom.o
                                0x426 (size before relaxing)
 .debug_str     0x00001fc1       0x41 build/relay.o
                                0x294 (size before relaxing)
 .debug_str     0x00002002       0x2f build/modbusRTU.o
                                0x23d (size before relaxing)
 .debug_str     0x00002031       0x14 build/datatype.o
                                0x225 (size before relaxing)
 .debug_str     0x00002045      0x14e build/stm32g0xx_it.o
                                0xba9 (size before relaxing)
 .debug_str     0x00002193      0x35d build/stm32g0xx_hal_msp.o
                                0xf05 (size before relaxing)
 .debug_str     0x000024f0      0x87c build/stm32g0xx_hal_tim_ex.o
                               0x1164 (size before relaxing)
 .debug_str     0x00002d6c      0x2a9 build/stm32g0xx_hal_rcc.o
                                0x78a (size before relaxing)
 .debug_str     0x00003015      0x113 build/stm32g0xx_hal_rcc_ex.o
                                0x5f6 (size before relaxing)
 .debug_str     0x00003128      0x1bb build/stm32g0xx_hal_flash.o
                                0x512 (size before relaxing)
 .debug_str     0x000032e3      0x211 build/stm32g0xx_hal_flash_ex.o
                                0x53b (size before relaxing)
 .debug_str     0x000034f4      0x103 build/stm32g0xx_hal_gpio.o
                                0x429 (size before relaxing)
 .debug_str     0x000035f7      0x295 build/stm32g0xx_hal_dma.o
                                0x7ae (size before relaxing)
 .debug_str     0x0000388c      0x253 build/stm32g0xx_hal_pwr_ex.o
                                0x514 (size before relaxing)
 .debug_str     0x00003adf      0x328 build/stm32g0xx_hal_cortex.o
                                0x74d (size before relaxing)
 .debug_str     0x00003e07      0x2dd build/stm32g0xx_hal.o
                                0x86e (size before relaxing)
 .debug_str     0x000040e4      0x7eb build/stm32g0xx_hal_uart.o
                               0x1176 (size before relaxing)
 .debug_str     0x000048cf      0x253 build/stm32g0xx_hal_uart_ex.o
                                0xb70 (size before relaxing)
 .debug_str     0x00004b22       0x38 build/system_stm32g0xx.o
                                0x334 (size before relaxing)
 .debug_str     0x00004b5a      0xc2d build/stm32g0xx_hal_tim.o
                               0x17e3 (size before relaxing)
 .debug_str     0x00005787       0x24 build/startup_stm32g070xx.o
                                 0x85 (size before relaxing)

.comment        0x00000000       0x49
 .comment       0x00000000       0x49 build/main.o
                                 0x4a (size before relaxing)
 .comment       0x00000049       0x4a build/espressifAT.o
 .comment       0x00000049       0x4a build/simcomAT.o
 .comment       0x00000049       0x4a build/eeprom.o
 .comment       0x00000049       0x4a build/relay.o
 .comment       0x00000049       0x4a build/modbusRTU.o
 .comment       0x00000049       0x4a build/datatype.o
 .comment       0x00000049       0x4a build/stm32g0xx_it.o
 .comment       0x00000049       0x4a build/stm32g0xx_hal_msp.o
 .comment       0x00000049       0x4a build/stm32g0xx_hal_tim_ex.o
 .comment       0x00000049       0x4a build/stm32g0xx_hal_rcc.o
 .comment       0x00000049       0x4a build/stm32g0xx_hal_rcc_ex.o
 .comment       0x00000049       0x4a build/stm32g0xx_hal_flash.o
 .comment       0x00000049       0x4a build/stm32g0xx_hal_flash_ex.o
 .comment       0x00000049       0x4a build/stm32g0xx_hal_gpio.o
 .comment       0x00000049       0x4a build/stm32g0xx_hal_dma.o
 .comment       0x00000049       0x4a build/stm32g0xx_hal_pwr_ex.o
 .comment       0x00000049       0x4a build/stm32g0xx_hal_cortex.o
 .comment       0x00000049       0x4a build/stm32g0xx_hal.o
 .comment       0x00000049       0x4a build/stm32g0xx_hal_uart.o
 .comment       0x00000049       0x4a build/stm32g0xx_hal_uart_ex.o
 .comment       0x00000049       0x4a build/system_stm32g0xx.o
 .comment       0x00000049       0x4a build/stm32g0xx_hal_tim.o

.debug_frame    0x00000000     0x33c0
 .debug_frame   0x00000000      0x35c build/main.o
 .debug_frame   0x0000035c      0x1a0 build/espressifAT.o
 .debug_frame   0x000004fc      0x1c8 build/simcomAT.o
 .debug_frame   0x000006c4       0xe4 build/eeprom.o
 .debug_frame   0x000007a8       0x28 build/relay.o
 .debug_frame   0x000007d0       0x4c build/modbusRTU.o
 .debug_frame   0x0000081c       0x6c build/datatype.o
 .debug_frame   0x00000888      0x150 build/stm32g0xx_it.o
 .debug_frame   0x000009d8       0x8c build/stm32g0xx_hal_msp.o
 .debug_frame   0x00000a64      0x4c0 build/stm32g0xx_hal_tim_ex.o
 .debug_frame   0x00000f24      0x16c build/stm32g0xx_hal_rcc.o
 .debug_frame   0x00001090       0x90 build/stm32g0xx_hal_rcc_ex.o
 .debug_frame   0x00001120      0x138 build/stm32g0xx_hal_flash.o
 .debug_frame   0x00001258      0x12c build/stm32g0xx_hal_flash_ex.o
 .debug_frame   0x00001384       0xd0 build/stm32g0xx_hal_gpio.o
 .debug_frame   0x00001454      0x188 build/stm32g0xx_hal_dma.o
 .debug_frame   0x000015dc      0x120 build/stm32g0xx_hal_pwr_ex.o
 .debug_frame   0x000016fc      0x114 build/stm32g0xx_hal_cortex.o
 .debug_frame   0x00001810      0x1fc build/stm32g0xx_hal.o
 .debug_frame   0x00001a0c      0x6e0 build/stm32g0xx_hal_uart.o
 .debug_frame   0x000020ec      0x1e0 build/stm32g0xx_hal_uart_ex.o
 .debug_frame   0x000022cc       0x38 build/system_stm32g0xx.o
 .debug_frame   0x00002304      0xb18 build/stm32g0xx_hal_tim.o
 .debug_frame   0x00002e1c       0x40 c:/program files (x86)/gnu arm embedded toolchain/10 2021.10/bin/../lib/gcc/arm-none-eabi/10.3.1/../../../../arm-none-eabi/lib/thumb/v6-m/nofp\libc_nano.a(lib_a-atoi.o)
 .debug_frame   0x00002e5c       0x2c c:/program files (x86)/gnu arm embedded toolchain/10 2021.10/bin/../lib/gcc/arm-none-eabi/10.3.1/../../../../arm-none-eabi/lib/thumb/v6-m/nofp\libc_nano.a(lib_a-init.o)
 .debug_frame   0x00002e88       0x28 c:/program files (x86)/gnu arm embedded toolchain/10 2021.10/bin/../lib/gcc/arm-none-eabi/10.3.1/../../../../arm-none-eabi/lib/thumb/v6-m/nofp\libc_nano.a(lib_a-memcpy-stub.o)
 .debug_frame   0x00002eb0       0x20 c:/program files (x86)/gnu arm embedded toolchain/10 2021.10/bin/../lib/gcc/arm-none-eabi/10.3.1/../../../../arm-none-eabi/lib/thumb/v6-m/nofp\libc_nano.a(lib_a-memset.o)
 .debug_frame   0x00002ed0       0x48 c:/program files (x86)/gnu arm embedded toolchain/10 2021.10/bin/../lib/gcc/arm-none-eabi/10.3.1/../../../../arm-none-eabi/lib/thumb/v6-m/nofp\libc_nano.a(lib_a-sprintf.o)
 .debug_frame   0x00002f18       0x20 c:/program files (x86)/gnu arm embedded toolchain/10 2021.10/bin/../lib/gcc/arm-none-eabi/10.3.1/../../../../arm-none-eabi/lib/thumb/v6-m/nofp\libc_nano.a(lib_a-strchr.o)
 .debug_frame   0x00002f38       0x20 c:/program files (x86)/gnu arm embedded toolchain/10 2021.10/bin/../lib/gcc/arm-none-eabi/10.3.1/../../../../arm-none-eabi/lib/thumb/v6-m/nofp\libc_nano.a(lib_a-strcpy.o)
 .debug_frame   0x00002f58       0x2c c:/program files (x86)/gnu arm embedded toolchain/10 2021.10/bin/../lib/gcc/arm-none-eabi/10.3.1/../../../../arm-none-eabi/lib/thumb/v6-m/nofp\libc_nano.a(lib_a-strstr.o)
 .debug_frame   0x00002f84       0x78 c:/program files (x86)/gnu arm embedded toolchain/10 2021.10/bin/../lib/gcc/arm-none-eabi/10.3.1/../../../../arm-none-eabi/lib/thumb/v6-m/nofp\libc_nano.a(lib_a-strtol.o)
 .debug_frame   0x00002ffc       0x20 c:/program files (x86)/gnu arm embedded toolchain/10 2021.10/bin/../lib/gcc/arm-none-eabi/10.3.1/../../../../arm-none-eabi/lib/thumb/v6-m/nofp\libc_nano.a(lib_a-errno.o)
 .debug_frame   0x0000301c       0x74 c:/program files (x86)/gnu arm embedded toolchain/10 2021.10/bin/../lib/gcc/arm-none-eabi/10.3.1/../../../../arm-none-eabi/lib/thumb/v6-m/nofp\libc_nano.a(lib_a-nano-svfprintf.o)
 .debug_frame   0x00003090       0x54 c:/program files (x86)/gnu arm embedded toolchain/10 2021.10/bin/../lib/gcc/arm-none-eabi/10.3.1/../../../../arm-none-eabi/lib/thumb/v6-m/nofp\libc_nano.a(lib_a-nano-vfprintf_i.o)
 .debug_frame   0x000030e4       0x20 c:/program files (x86)/gnu arm embedded toolchain/10 2021.10/bin/../lib/gcc/arm-none-eabi/10.3.1/../../../../arm-none-eabi/lib/thumb/v6-m/nofp\libc_nano.a(lib_a-memchr-stub.o)
 .debug_frame   0x00003104       0x28 c:/program files (x86)/gnu arm embedded toolchain/10 2021.10/bin/../lib/gcc/arm-none-eabi/10.3.1/../../../../arm-none-eabi/lib/thumb/v6-m/nofp\libc_nano.a(lib_a-memmove.o)
 .debug_frame   0x0000312c       0x2c c:/program files (x86)/gnu arm embedded toolchain/10 2021.10/bin/../lib/gcc/arm-none-eabi/10.3.1/../../../../arm-none-eabi/lib/thumb/v6-m/nofp\libc_nano.a(lib_a-nano-freer.o)
 .debug_frame   0x00003158       0x50 c:/program files (x86)/gnu arm embedded toolchain/10 2021.10/bin/../lib/gcc/arm-none-eabi/10.3.1/../../../../arm-none-eabi/lib/thumb/v6-m/nofp\libc_nano.a(lib_a-nano-mallocr.o)
 .debug_frame   0x000031a8       0x34 c:/program files (x86)/gnu arm embedded toolchain/10 2021.10/bin/../lib/gcc/arm-none-eabi/10.3.1/../../../../arm-none-eabi/lib/thumb/v6-m/nofp\libc_nano.a(lib_a-nano-reallocr.o)
 .debug_frame   0x000031dc       0x2c c:/program files (x86)/gnu arm embedded toolchain/10 2021.10/bin/../lib/gcc/arm-none-eabi/10.3.1/../../../../arm-none-eabi/lib/thumb/v6-m/nofp\libc_nano.a(lib_a-sbrkr.o)
 .debug_frame   0x00003208       0x40 c:/program files (x86)/gnu arm embedded toolchain/10 2021.10/bin/../lib/gcc/arm-none-eabi/10.3.1/../../../../arm-none-eabi/lib/thumb/v6-m/nofp\libc_nano.a(lib_a-mlock.o)
 .debug_frame   0x00003248       0x20 c:/program files (x86)/gnu arm embedded toolchain/10 2021.10/bin/../lib/gcc/arm-none-eabi/10.3.1/../../../../arm-none-eabi/lib/thumb/v6-m/nofp\libc_nano.a(lib_a-nano-msizer.o)
 .debug_frame   0x00003268       0x48 c:/program files (x86)/gnu arm embedded toolchain/10 2021.10/bin/../lib/gcc/arm-none-eabi/10.3.1/../../../../arm-none-eabi/lib/thumb/v6-m/nofp\libc_nano.a(lib_a-reent.o)
 .debug_frame   0x000032b0       0xb0 c:/program files (x86)/gnu arm embedded toolchain/10 2021.10/bin/../lib/gcc/arm-none-eabi/10.3.1/../../../../arm-none-eabi/lib/thumb/v6-m/nofp\libc_nano.a(lib_a-lock.o)
 .debug_frame   0x00003360       0x20 c:/program files (x86)/gnu arm embedded toolchain/10 2021.10/bin/../lib/gcc/arm-none-eabi/10.3.1/../../../../arm-none-eabi/lib/thumb/v6-m/nofp\libnosys.a(sbrk.o)
 .debug_frame   0x00003380       0x20 c:/program files (x86)/gnu arm embedded toolchain/10 2021.10/bin/../lib/gcc/arm-none-eabi/10.3.1/thumb/v6-m/nofp\libgcc.a(_udivsi3.o)
 .debug_frame   0x000033a0       0x20 c:/program files (x86)/gnu arm embedded toolchain/10 2021.10/bin/../lib/gcc/arm-none-eabi/10.3.1/thumb/v6-m/nofp\libgcc.a(_divsi3.o)

Cross Reference Table

Symbol                                            File
ADC1_IRQHandler                                   build/startup_stm32g070xx.o
AHBPrescTable                                     build/system_stm32g0xx.o
                                                  build/stm32g0xx_hal_rcc.o
APBPrescTable                                     build/system_stm32g0xx.o
                                                  build/stm32g0xx_hal_rcc.o
Baudrate_Default                                  build/main.o
Broker_Connect_Init                               build/main.o
Broker_Publish_Topic                              build/main.o
Broker_Subscribe_Topic                            build/main.o
CheckInput                                        build/main.o
Checking_Wireless_Response                        build/main.o
Configuration_Commands_Handle                     build/main.o
DATA_DISPLAY                                      build/main.o
DMA1_Ch4_7_DMAMUX1_OVR_IRQHandler                 build/startup_stm32g070xx.o
DMA1_Channel1_IRQHandler                          build/startup_stm32g070xx.o
DMA1_Channel2_3_IRQHandler                        build/startup_stm32g070xx.o
Default_Handler                                   build/startup_stm32g070xx.o
EXTI0_1_IRQHandler                                build/startup_stm32g070xx.o
EXTI2_3_IRQHandler                                build/startup_stm32g070xx.o
EXTI4_15_IRQHandler                               build/startup_stm32g070xx.o
Eeprom_Buf                                        build/main.o
Eeprom_ClearPage                                  build/eeprom.o
                                                  build/main.o
Eeprom_Host                                       build/main.o
Eeprom_Password                                   build/main.o
Eeprom_ReadModbus_Rtu                             build/eeprom.o
                                                  build/main.o
Eeprom_ReadStr_Hexadecimal                        build/eeprom.o
                                                  build/main.o
Eeprom_Read_Data                                  build/eeprom.o
                                                  build/main.o
Eeprom_TopicPub                                   build/main.o
Eeprom_TopicSub                                   build/main.o
Eeprom_Username                                   build/main.o
Eeprom_WriteModbus_Rtu                            build/eeprom.o
                                                  build/main.o
Eeprom_WriteStr_Hexadecimal                       build/eeprom.o
                                                  build/main.o
Eeprom_Write_Data                                 build/eeprom.o
                                                  build/main.o
Error_Handler                                     build/main.o
                                                  build/stm32g0xx_hal_msp.o
Esp32_Check_Info_WiFi                             build/espressifAT.o
                                                  build/main.o
Esp32_Echo                                        build/espressifAT.o
                                                  build/main.o
Esp32_Mqtt_Connect_Broker                         build/espressifAT.o
                                                  build/main.o
Esp32_Mqtt_Disconnect_Broker                      build/espressifAT.o
                                                  build/main.o
Esp32_Mqtt_Publish                                build/espressifAT.o
                                                  build/main.o
Esp32_Mqtt_Subscribe                              build/espressifAT.o
                                                  build/main.o
Esp32_Mqtt_UserConfig                             build/espressifAT.o
                                                  build/main.o
Esp32_Response                                    build/espressifAT.o
                                                  build/main.o
Esp32_Restart                                     build/espressifAT.o
                                                  build/main.o
Esp32_Setup_Default                               build/espressifAT.o
                                                  build/main.o
Esp32_Start_SmartConfig                           build/espressifAT.o
                                                  build/main.o
Esp32_Stop_SmartConfig                            build/espressifAT.o
                                                  build/main.o
Esp32_WiFiMode                                    build/espressifAT.o
                                                  build/main.o
Esp32_WiFi_Init                                   build/main.o
FLASH_FlushCaches                                 build/stm32g0xx_hal_flash_ex.o
FLASH_IRQHandler                                  build/stm32g0xx_it.o
FLASH_PageErase                                   build/stm32g0xx_hal_flash_ex.o
                                                  build/stm32g0xx_hal_flash.o
                                                  build/eeprom.o
FLASH_WaitForLastOperation                        build/stm32g0xx_hal_flash.o
                                                  build/stm32g0xx_hal_flash_ex.o
                                                  build/eeprom.o
Filter_Buf                                        build/main.o
Get_RSSI_Sim4GLTE                                 build/simcomAT.o
                                                  build/main.o
Get_Service_Provider_Name_Sim4GLTE                build/simcomAT.o
                                                  build/main.o
HAL_DBGMCU_DisableDBGStandbyMode                  build/stm32g0xx_hal.o
HAL_DBGMCU_DisableDBGStopMode                     build/stm32g0xx_hal.o
HAL_DBGMCU_EnableDBGStandbyMode                   build/stm32g0xx_hal.o
HAL_DBGMCU_EnableDBGStopMode                      build/stm32g0xx_hal.o
HAL_DMAEx_ConfigMuxRequestGenerator               build/stm32g0xx_hal_dma_ex.o
HAL_DMAEx_ConfigMuxSync                           build/stm32g0xx_hal_dma_ex.o
HAL_DMAEx_DisableMuxRequestGenerator              build/stm32g0xx_hal_dma_ex.o
HAL_DMAEx_EnableMuxRequestGenerator               build/stm32g0xx_hal_dma_ex.o
HAL_DMAEx_MUX_IRQHandler                          build/stm32g0xx_hal_dma_ex.o
HAL_DMA_Abort                                     build/stm32g0xx_hal_dma.o
                                                  build/stm32g0xx_hal_uart.o
HAL_DMA_Abort_IT                                  build/stm32g0xx_hal_dma.o
                                                  build/stm32g0xx_hal_tim.o
                                                  build/stm32g0xx_hal_uart.o
                                                  build/stm32g0xx_hal_tim_ex.o
HAL_DMA_DeInit                                    build/stm32g0xx_hal_dma.o
HAL_DMA_GetError                                  build/stm32g0xx_hal_dma.o
                                                  build/stm32g0xx_hal_uart.o
HAL_DMA_GetState                                  build/stm32g0xx_hal_dma.o
HAL_DMA_IRQHandler                                build/stm32g0xx_hal_dma.o
HAL_DMA_Init                                      build/stm32g0xx_hal_dma.o
HAL_DMA_PollForTransfer                           build/stm32g0xx_hal_dma.o
HAL_DMA_RegisterCallback                          build/stm32g0xx_hal_dma.o
HAL_DMA_Start                                     build/stm32g0xx_hal_dma.o
HAL_DMA_Start_IT                                  build/stm32g0xx_hal_dma.o
                                                  build/stm32g0xx_hal_tim.o
                                                  build/stm32g0xx_hal_uart.o
                                                  build/stm32g0xx_hal_tim_ex.o
HAL_DMA_UnRegisterCallback                        build/stm32g0xx_hal_dma.o
HAL_DeInit                                        build/stm32g0xx_hal.o
HAL_Delay                                         build/stm32g0xx_hal.o
                                                  build/modbusRTU.o
                                                  build/eeprom.o
                                                  build/simcomAT.o
                                                  build/espressifAT.o
                                                  build/main.o
HAL_EXTI_ClearConfigLine                          build/stm32g0xx_hal_exti.o
HAL_EXTI_ClearPending                             build/stm32g0xx_hal_exti.o
HAL_EXTI_GenerateSWI                              build/stm32g0xx_hal_exti.o
HAL_EXTI_GetConfigLine                            build/stm32g0xx_hal_exti.o
HAL_EXTI_GetHandle                                build/stm32g0xx_hal_exti.o
HAL_EXTI_GetPending                               build/stm32g0xx_hal_exti.o
HAL_EXTI_IRQHandler                               build/stm32g0xx_hal_exti.o
HAL_EXTI_RegisterCallback                         build/stm32g0xx_hal_exti.o
HAL_EXTI_SetConfigLine                            build/stm32g0xx_hal_exti.o
HAL_FLASHEx_Erase                                 build/stm32g0xx_hal_flash_ex.o
HAL_FLASHEx_Erase_IT                              build/stm32g0xx_hal_flash_ex.o
HAL_FLASHEx_FlashEmptyCheck                       build/stm32g0xx_hal_flash_ex.o
HAL_FLASHEx_ForceFlashEmpty                       build/stm32g0xx_hal_flash_ex.o
HAL_FLASHEx_OBGetConfig                           build/stm32g0xx_hal_flash_ex.o
HAL_FLASHEx_OBProgram                             build/stm32g0xx_hal_flash_ex.o
HAL_FLASH_EndOfOperationCallback                  build/stm32g0xx_hal_flash.o
HAL_FLASH_GetError                                build/stm32g0xx_hal_flash.o
HAL_FLASH_IRQHandler                              build/stm32g0xx_hal_flash.o
                                                  build/stm32g0xx_it.o
HAL_FLASH_Lock                                    build/stm32g0xx_hal_flash.o
                                                  build/eeprom.o
HAL_FLASH_OB_Launch                               build/stm32g0xx_hal_flash.o
HAL_FLASH_OB_Lock                                 build/stm32g0xx_hal_flash.o
HAL_FLASH_OB_Unlock                               build/stm32g0xx_hal_flash.o